<?xml version="1.0" encoding="ISO-8859-1" ?>
<link_info>
   <banner>TI ARM Linker PC v20.2.7.LTS</banner>
   <copyright>Copyright (c) 1996-2018 Texas Instruments Incorporated</copyright>
   <link_time>0x635e0b61</link_time>
   <link_errors>0x0</link_errors>
   <output_file>Assignment_2.out</output_file>
   <entry_point>
      <name>_c_int00_noargs</name>
      <address>0x3fd5</address>
   </entry_point>
   <input_file_list>
      <input_file id="fl-2">
         <path>.\</path>
         <kind>object</kind>
         <file>AS2.obj</file>
         <name>AS2.obj</name>
      </input_file>
      <input_file id="fl-3">
         <path>.\</path>
         <kind>object</kind>
         <file>startup_ccs.obj</file>
         <name>startup_ccs.obj</name>
      </input_file>
      <input_file id="fl-4">
         <path>.\</path>
         <kind>object</kind>
         <file>uartstdio.obj</file>
         <name>uartstdio.obj</name>
      </input_file>
      <input_file id="fl-a">
         <kind>object</kind>
         <file>&lt;internal&gt;</file>
         <name>&lt;internal&gt;</name>
      </input_file>
      <input_file id="fl-c0">
         <path>C:\ti\ccs1210\ccs\tools\compiler\ti-cgt-arm_20.2.7.LTS\lib\</path>
         <kind>archive</kind>
         <file>rtsv7M4_T_le_v4SPD16_eabi.lib</file>
         <name>e_pow.c.obj</name>
      </input_file>
      <input_file id="fl-c1">
         <path>C:\ti\ccs1210\ccs\tools\compiler\ti-cgt-arm_20.2.7.LTS\lib\</path>
         <kind>archive</kind>
         <file>rtsv7M4_T_le_v4SPD16_eabi.lib</file>
         <name>e_sqrt.c.obj</name>
      </input_file>
      <input_file id="fl-c2">
         <path>C:\ti\ccs1210\ccs\tools\compiler\ti-cgt-arm_20.2.7.LTS\lib\</path>
         <kind>archive</kind>
         <file>rtsv7M4_T_le_v4SPD16_eabi.lib</file>
         <name>s_scalbn.c.obj</name>
      </input_file>
      <input_file id="fl-c3">
         <path>C:\ti\ccs1210\ccs\tools\compiler\ti-cgt-arm_20.2.7.LTS\lib\</path>
         <kind>archive</kind>
         <file>rtsv7M4_T_le_v4SPD16_eabi.lib</file>
         <name>fd_add_t2.asm.obj</name>
      </input_file>
      <input_file id="fl-c4">
         <path>C:\ti\ccs1210\ccs\tools\compiler\ti-cgt-arm_20.2.7.LTS\lib\</path>
         <kind>archive</kind>
         <file>rtsv7M4_T_le_v4SPD16_eabi.lib</file>
         <name>fd_cmp_t2.asm.obj</name>
      </input_file>
      <input_file id="fl-c5">
         <path>C:\ti\ccs1210\ccs\tools\compiler\ti-cgt-arm_20.2.7.LTS\lib\</path>
         <kind>archive</kind>
         <file>rtsv7M4_T_le_v4SPD16_eabi.lib</file>
         <name>fd_div_t2.asm.obj</name>
      </input_file>
      <input_file id="fl-c6">
         <path>C:\ti\ccs1210\ccs\tools\compiler\ti-cgt-arm_20.2.7.LTS\lib\</path>
         <kind>archive</kind>
         <file>rtsv7M4_T_le_v4SPD16_eabi.lib</file>
         <name>fd_mul_t2.asm.obj</name>
      </input_file>
      <input_file id="fl-c7">
         <path>C:\ti\ccs1210\ccs\tools\compiler\ti-cgt-arm_20.2.7.LTS\lib\</path>
         <kind>archive</kind>
         <file>rtsv7M4_T_le_v4SPD16_eabi.lib</file>
         <name>i_tofd_t2.asm.obj</name>
      </input_file>
      <input_file id="fl-c8">
         <path>C:\ti\ccs1210\ccs\tools\compiler\ti-cgt-arm_20.2.7.LTS\lib\</path>
         <kind>archive</kind>
         <file>rtsv7M4_T_le_v4SPD16_eabi.lib</file>
         <name>u_divt2.asm.obj</name>
      </input_file>
      <input_file id="fl-c9">
         <path>C:\ti\ccs1210\ccs\tools\compiler\ti-cgt-arm_20.2.7.LTS\lib\</path>
         <kind>archive</kind>
         <file>rtsv7M4_T_le_v4SPD16_eabi.lib</file>
         <name>copy_zero_init.c.obj</name>
      </input_file>
      <input_file id="fl-ca">
         <path>C:\ti\ccs1210\ccs\tools\compiler\ti-cgt-arm_20.2.7.LTS\lib\</path>
         <kind>archive</kind>
         <file>rtsv7M4_T_le_v4SPD16_eabi.lib</file>
         <name>copy_decompress_none.c.obj</name>
      </input_file>
      <input_file id="fl-cb">
         <path>C:\ti\ccs1210\ccs\tools\compiler\ti-cgt-arm_20.2.7.LTS\lib\</path>
         <kind>archive</kind>
         <file>rtsv7M4_T_le_v4SPD16_eabi.lib</file>
         <name>copy_decompress_lzss.c.obj</name>
      </input_file>
      <input_file id="fl-cc">
         <path>C:\ti\ccs1210\ccs\tools\compiler\ti-cgt-arm_20.2.7.LTS\lib\</path>
         <kind>archive</kind>
         <file>rtsv7M4_T_le_v4SPD16_eabi.lib</file>
         <name>boot_cortex_m.c.obj</name>
      </input_file>
      <input_file id="fl-cd">
         <path>C:\ti\ccs1210\ccs\tools\compiler\ti-cgt-arm_20.2.7.LTS\lib\</path>
         <kind>archive</kind>
         <file>rtsv7M4_T_le_v4SPD16_eabi.lib</file>
         <name>errno.c.obj</name>
      </input_file>
      <input_file id="fl-ce">
         <path>C:\ti\ccs1210\ccs\tools\compiler\ti-cgt-arm_20.2.7.LTS\lib\</path>
         <kind>archive</kind>
         <file>rtsv7M4_T_le_v4SPD16_eabi.lib</file>
         <name>s_copysign.c.obj</name>
      </input_file>
      <input_file id="fl-cf">
         <path>C:\ti\ccs1210\ccs\tools\compiler\ti-cgt-arm_20.2.7.LTS\lib\</path>
         <kind>archive</kind>
         <file>rtsv7M4_T_le_v4SPD16_eabi.lib</file>
         <name>div0.asm.obj</name>
      </input_file>
      <input_file id="fl-d0">
         <path>C:\ti\ccs1210\ccs\tools\compiler\ti-cgt-arm_20.2.7.LTS\lib\</path>
         <kind>archive</kind>
         <file>rtsv7M4_T_le_v4SPD16_eabi.lib</file>
         <name>memcpy_t2.asm.obj</name>
      </input_file>
      <input_file id="fl-d1">
         <path>C:\ti\ccs1210\ccs\tools\compiler\ti-cgt-arm_20.2.7.LTS\lib\</path>
         <kind>archive</kind>
         <file>rtsv7M4_T_le_v4SPD16_eabi.lib</file>
         <name>memset_t2.asm.obj</name>
      </input_file>
      <input_file id="fl-d2">
         <path>C:\ti\ccs1210\ccs\tools\compiler\ti-cgt-arm_20.2.7.LTS\lib\</path>
         <kind>archive</kind>
         <file>rtsv7M4_T_le_v4SPD16_eabi.lib</file>
         <name>autoinit.c.obj</name>
      </input_file>
      <input_file id="fl-d3">
         <path>C:\ti\ccs1210\ccs\tools\compiler\ti-cgt-arm_20.2.7.LTS\lib\</path>
         <kind>archive</kind>
         <file>rtsv7M4_T_le_v4SPD16_eabi.lib</file>
         <name>pre_init.c.obj</name>
      </input_file>
      <input_file id="fl-d4">
         <path>C:\ti\ccs1210\ccs\tools\compiler\ti-cgt-arm_20.2.7.LTS\lib\</path>
         <kind>archive</kind>
         <file>rtsv7M4_T_le_v4SPD16_eabi.lib</file>
         <name>cpy_tbl.c.obj</name>
      </input_file>
      <input_file id="fl-d5">
         <path>C:\ti\ccs1210\ccs\tools\compiler\ti-cgt-arm_20.2.7.LTS\lib\</path>
         <kind>archive</kind>
         <file>rtsv7M4_T_le_v4SPD16_eabi.lib</file>
         <name>exit.c.obj</name>
      </input_file>
      <input_file id="fl-d6">
         <path>C:\ti\ccs1210\ccs\tools\compiler\ti-cgt-arm_20.2.7.LTS\lib\</path>
         <kind>archive</kind>
         <file>rtsv7M4_T_le_v4SPD16_eabi.lib</file>
         <name>_lock.c.obj</name>
      </input_file>
      <input_file id="fl-d7">
         <path>C:\ti\ccs1210\ccs\tools\compiler\ti-cgt-arm_20.2.7.LTS\lib\</path>
         <kind>archive</kind>
         <file>rtsv7M4_T_le_v4SPD16_eabi.lib</file>
         <name>args_main.c.obj</name>
      </input_file>
      <input_file id="fl-d8">
         <path>C:\ti\tivaware_c_series_2_1_4_178\IQmath\ccs\IQmathLib\Debug\</path>
         <kind>archive</kind>
         <file>IQmathLib.lib</file>
         <name>IQNatan2.obj</name>
      </input_file>
      <input_file id="fl-d9">
         <path>C:\ti\tivaware_c_series_2_1_4_178\IQmath\ccs\IQmathLib\Debug\</path>
         <kind>archive</kind>
         <file>IQmathLib.lib</file>
         <name>IQNdiv.obj</name>
      </input_file>
      <input_file id="fl-da">
         <path>C:\ti\tivaware_c_series_2_1_4_178\IQmath\ccs\IQmathLib\Debug\</path>
         <kind>archive</kind>
         <file>IQmathLib.lib</file>
         <name>IQNmpy.obj</name>
      </input_file>
      <input_file id="fl-db">
         <path>C:\ti\tivaware_c_series_2_1_4_178\IQmath\ccs\IQmathLib\Debug\</path>
         <kind>archive</kind>
         <file>IQmathLib.lib</file>
         <name>IQNsqrt.obj</name>
      </input_file>
      <input_file id="fl-dc">
         <path>C:\ti\tivaware_c_series_2_1_4_178\IQmath\ccs\IQmathLib\Debug\</path>
         <kind>archive</kind>
         <file>IQmathLib.lib</file>
         <name>IQNtoF.obj</name>
      </input_file>
      <input_file id="fl-dd">
         <path>C:\ti\tivaware_c_series_2_1_4_178\IQmath\ccs\IQmathLib\Debug\</path>
         <kind>archive</kind>
         <file>IQmathLib.lib</file>
         <name>IQtables.obj</name>
      </input_file>
      <input_file id="fl-de">
         <path>C:\ti\tivaware_c_series_2_1_4_178\driverlib\ccs\Debug\</path>
         <kind>archive</kind>
         <file>driverlib.lib</file>
         <name>gpio.obj</name>
      </input_file>
      <input_file id="fl-df">
         <path>C:\ti\tivaware_c_series_2_1_4_178\driverlib\ccs\Debug\</path>
         <kind>archive</kind>
         <file>driverlib.lib</file>
         <name>i2c.obj</name>
      </input_file>
      <input_file id="fl-e0">
         <path>C:\ti\tivaware_c_series_2_1_4_178\driverlib\ccs\Debug\</path>
         <kind>archive</kind>
         <file>driverlib.lib</file>
         <name>interrupt.obj</name>
      </input_file>
      <input_file id="fl-e1">
         <path>C:\ti\tivaware_c_series_2_1_4_178\driverlib\ccs\Debug\</path>
         <kind>archive</kind>
         <file>driverlib.lib</file>
         <name>sysctl.obj</name>
      </input_file>
      <input_file id="fl-e2">
         <path>C:\ti\tivaware_c_series_2_1_4_178\driverlib\ccs\Debug\</path>
         <kind>archive</kind>
         <file>driverlib.lib</file>
         <name>uart.obj</name>
      </input_file>
      <input_file id="fl-e3">
         <path>C:\ti\tivaware_c_series_2_1_4_178\driverlib\ccs\Debug\</path>
         <kind>archive</kind>
         <file>driverlib.lib</file>
         <name>cpu.obj</name>
      </input_file>
   </input_file_list>
   <object_component_list>
      <object_component id="oc-12">
         <name>.intvecs</name>
         <load_address>0x0</load_address>
         <run_address>0x0</run_address>
         <size>0x26c</size>
         <input_file_ref idref="fl-3"/>
      </object_component>
      <object_component id="oc-297">
         <name>.text:atan2PU_table</name>
         <load_address>0x26c</load_address>
         <run_address>0x26c</run_address>
         <size>0xc00</size>
         <input_file_ref idref="fl-dd"/>
      </object_component>
      <object_component id="oc-207">
         <name>.text:pow</name>
         <load_address>0xe6c</load_address>
         <run_address>0xe6c</run_address>
         <size>0x9d0</size>
         <input_file_ref idref="fl-c0"/>
      </object_component>
      <object_component id="oc-296">
         <name>.text:div_table</name>
         <load_address>0x183c</load_address>
         <run_address>0x183c</run_address>
         <size>0x800</size>
         <input_file_ref idref="fl-dd"/>
      </object_component>
      <object_component id="oc-293">
         <name>.text:isqrt_table</name>
         <load_address>0x203c</load_address>
         <run_address>0x203c</run_address>
         <size>0x800</size>
         <input_file_ref idref="fl-dd"/>
      </object_component>
      <object_component id="oc-21d">
         <name>.text:UARTvprintf</name>
         <load_address>0x283c</load_address>
         <run_address>0x283c</run_address>
         <size>0x1ee</size>
         <input_file_ref idref="fl-4"/>
      </object_component>
      <object_component id="oc-299">
         <name>.text</name>
         <load_address>0x2a2a</load_address>
         <run_address>0x2a2a</run_address>
         <size>0x1b6</size>
         <input_file_ref idref="fl-c3"/>
      </object_component>
      <object_component id="oc-11a">
         <name>.text:readMPU</name>
         <load_address>0x2be0</load_address>
         <run_address>0x2be0</run_address>
         <size>0x188</size>
         <input_file_ref idref="fl-2"/>
      </object_component>
      <object_component id="oc-127">
         <name>.text:ComplementaryFilter</name>
         <load_address>0x2d68</load_address>
         <run_address>0x2d68</run_address>
         <size>0x174</size>
         <input_file_ref idref="fl-2"/>
      </object_component>
      <object_component id="oc-2a3">
         <name>.text:sqrt</name>
         <load_address>0x2edc</load_address>
         <run_address>0x2edc</run_address>
         <size>0x158</size>
         <input_file_ref idref="fl-c1"/>
      </object_component>
      <object_component id="oc-29e">
         <name>.text</name>
         <load_address>0x3034</load_address>
         <run_address>0x3034</run_address>
         <size>0x136</size>
         <input_file_ref idref="fl-c5"/>
      </object_component>
      <object_component id="oc-190">
         <name>.text:GPIOPadConfigSet</name>
         <load_address>0x316a</load_address>
         <run_address>0x316a</run_address>
         <size>0x132</size>
         <input_file_ref idref="fl-de"/>
      </object_component>
      <object_component id="oc-1b4">
         <name>.text:SysCtlClockGet</name>
         <load_address>0x329c</load_address>
         <run_address>0x329c</run_address>
         <size>0x110</size>
         <input_file_ref idref="fl-e1"/>
      </object_component>
      <object_component id="oc-2bc">
         <name>.text:scalbn</name>
         <load_address>0x33ac</load_address>
         <run_address>0x33ac</run_address>
         <size>0x110</size>
         <input_file_ref idref="fl-c2"/>
      </object_component>
      <object_component id="oc-b0">
         <name>.text:main</name>
         <load_address>0x34bc</load_address>
         <run_address>0x34bc</run_address>
         <size>0x104</size>
         <input_file_ref idref="fl-2"/>
      </object_component>
      <object_component id="oc-217">
         <name>.text</name>
         <load_address>0x35c0</load_address>
         <run_address>0x35c0</run_address>
         <size>0xfc</size>
         <input_file_ref idref="fl-c6"/>
      </object_component>
      <object_component id="oc-de">
         <name>.text:SysCtlClockSet</name>
         <load_address>0x36bc</load_address>
         <run_address>0x36bc</run_address>
         <size>0xf4</size>
         <input_file_ref idref="fl-e1"/>
      </object_component>
      <object_component id="oc-1ff">
         <name>.text:_IQ16atan2</name>
         <load_address>0x37b0</load_address>
         <run_address>0x37b0</run_address>
         <size>0xd4</size>
         <input_file_ref idref="fl-d8"/>
      </object_component>
      <object_component id="oc-4d">
         <name>.text</name>
         <load_address>0x3884</load_address>
         <run_address>0x3884</run_address>
         <size>0x9c</size>
         <input_file_ref idref="fl-d0"/>
      </object_component>
      <object_component id="oc-1fa">
         <name>.text:_IQ16div</name>
         <load_address>0x3920</load_address>
         <run_address>0x3920</run_address>
         <size>0x90</size>
         <input_file_ref idref="fl-d9"/>
      </object_component>
      <object_component id="oc-121">
         <name>.text:getAngle</name>
         <load_address>0x39b0</load_address>
         <run_address>0x39b0</run_address>
         <size>0x88</size>
         <input_file_ref idref="fl-2"/>
      </object_component>
      <object_component id="oc-2b2">
         <name>.text:__aeabi_cdcmple</name>
         <load_address>0x3a38</load_address>
         <run_address>0x3a38</run_address>
         <size>0x86</size>
         <input_file_ref idref="fl-c4"/>
      </object_component>
      <object_component id="oc-2b7">
         <name>.text:__aeabi_cdrcmple</name>
         <load_address>0x3abe</load_address>
         <run_address>0x3abe</run_address>
         <size>0x86</size>
         <input_file_ref idref="fl-c4"/>
      </object_component>
      <object_component id="oc-108">
         <name>.text:initI2C</name>
         <load_address>0x3b44</load_address>
         <run_address>0x3b44</run_address>
         <size>0x70</size>
         <input_file_ref idref="fl-2"/>
      </object_component>
      <object_component id="oc-1f5">
         <name>.text:_IQ16sqrt</name>
         <load_address>0x3bb4</load_address>
         <run_address>0x3bb4</run_address>
         <size>0x6c</size>
         <input_file_ref idref="fl-db"/>
      </object_component>
      <object_component id="oc-15">
         <name>.text:decompress:lzss:__TI_decompress_lzss</name>
         <load_address>0x3c20</load_address>
         <run_address>0x3c20</run_address>
         <size>0x68</size>
         <input_file_ref idref="fl-cb"/>
      </object_component>
      <object_component id="oc-114">
         <name>.text:MPUtestConnection</name>
         <load_address>0x3c88</load_address>
         <run_address>0x3c88</run_address>
         <size>0x60</size>
         <input_file_ref idref="fl-2"/>
      </object_component>
      <object_component id="oc-fc">
         <name>.text:UARTStdioConfig</name>
         <load_address>0x3ce8</load_address>
         <run_address>0x3ce8</run_address>
         <size>0x60</size>
         <input_file_ref idref="fl-4"/>
      </object_component>
      <object_component id="oc-1ce">
         <name>.text:readI2C</name>
         <load_address>0x3d48</load_address>
         <run_address>0x3d48</run_address>
         <size>0x58</size>
         <input_file_ref idref="fl-2"/>
      </object_component>
      <object_component id="oc-10e">
         <name>.text:initMPU6050</name>
         <load_address>0x3da0</load_address>
         <run_address>0x3da0</run_address>
         <size>0x54</size>
         <input_file_ref idref="fl-2"/>
      </object_component>
      <object_component id="oc-1ba">
         <name>.text:I2CMasterInitExpClk</name>
         <load_address>0x3df4</load_address>
         <run_address>0x3df4</run_address>
         <size>0x4c</size>
         <input_file_ref idref="fl-df"/>
      </object_component>
      <object_component id="oc-1c1">
         <name>.text:writeI2C</name>
         <load_address>0x3e40</load_address>
         <run_address>0x3e40</run_address>
         <size>0x4c</size>
         <input_file_ref idref="fl-2"/>
      </object_component>
      <object_component id="oc-ea">
         <name>.text:GPIOPinConfigure</name>
         <load_address>0x3e8c</load_address>
         <run_address>0x3e8c</run_address>
         <size>0x48</size>
         <input_file_ref idref="fl-de"/>
      </object_component>
      <object_component id="oc-2cd">
         <name>.text:UARTwrite</name>
         <load_address>0x3ed4</load_address>
         <run_address>0x3ed4</run_address>
         <size>0x48</size>
         <input_file_ref idref="fl-4"/>
      </object_component>
      <object_component id="oc-144">
         <name>.text:__TI_auto_init_nobinit_nopinit:__TI_auto_init_nobinit_nopinit</name>
         <load_address>0x3f1c</load_address>
         <run_address>0x3f1c</run_address>
         <size>0x44</size>
         <input_file_ref idref="fl-d2"/>
      </object_component>
      <object_component id="oc-2d3">
         <name>.text</name>
         <load_address>0x3f60</load_address>
         <run_address>0x3f60</run_address>
         <size>0x40</size>
         <input_file_ref idref="fl-c8"/>
      </object_component>
      <object_component id="oc-e4">
         <name>.text:SysCtlPeripheralEnable</name>
         <load_address>0x3fa0</load_address>
         <run_address>0x3fa0</run_address>
         <size>0x34</size>
         <input_file_ref idref="fl-e1"/>
      </object_component>
      <object_component id="oc-6b">
         <name>.text:_c_int00_noargs:_c_int00_noargs</name>
         <load_address>0x3fd4</load_address>
         <run_address>0x3fd4</run_address>
         <size>0x34</size>
         <input_file_ref idref="fl-cc"/>
      </object_component>
      <object_component id="oc-212">
         <name>.text</name>
         <load_address>0x4008</load_address>
         <run_address>0x4008</run_address>
         <size>0x2e</size>
         <input_file_ref idref="fl-c7"/>
      </object_component>
      <object_component id="oc-18a">
         <name>.text:GPIODirModeSet</name>
         <load_address>0x4036</load_address>
         <run_address>0x4036</run_address>
         <size>0x2a</size>
         <input_file_ref idref="fl-de"/>
      </object_component>
      <object_component id="oc-20d">
         <name>.text:_IQ16toF</name>
         <load_address>0x4060</load_address>
         <run_address>0x4060</run_address>
         <size>0x24</size>
         <input_file_ref idref="fl-dc"/>
      </object_component>
      <object_component id="oc-59">
         <name>.text:decompress:ZI:__TI_zero_init_nomemset:__TI_zero_init_nomemset</name>
         <load_address>0x4084</load_address>
         <run_address>0x4084</run_address>
         <size>0x1c</size>
         <input_file_ref idref="fl-c9"/>
      </object_component>
      <object_component id="oc-12d">
         <name>.text:UARTprintf</name>
         <load_address>0x40a0</load_address>
         <run_address>0x40a0</run_address>
         <size>0x1a</size>
         <input_file_ref idref="fl-4"/>
      </object_component>
      <object_component id="oc-311">
         <name>.text:copysign</name>
         <load_address>0x40ba</load_address>
         <run_address>0x40ba</run_address>
         <size>0x1a</size>
         <input_file_ref idref="fl-ce"/>
      </object_component>
      <object_component id="oc-102">
         <name>.text:GPIOPinTypeGPIOOutput</name>
         <load_address>0x40d4</load_address>
         <run_address>0x40d4</run_address>
         <size>0x18</size>
         <input_file_ref idref="fl-de"/>
      </object_component>
      <object_component id="oc-1c7">
         <name>.text:GPIOPinTypeGPIOInput</name>
         <load_address>0x40ec</load_address>
         <run_address>0x40ec</run_address>
         <size>0x12</size>
         <input_file_ref idref="fl-de"/>
      </object_component>
      <object_component id="oc-1ae">
         <name>.text:GPIOPinTypeI2C</name>
         <load_address>0x40fe</load_address>
         <run_address>0x40fe</run_address>
         <size>0x12</size>
         <input_file_ref idref="fl-de"/>
      </object_component>
      <object_component id="oc-1a8">
         <name>.text:GPIOPinTypeI2CSCL</name>
         <load_address>0x4110</load_address>
         <run_address>0x4110</run_address>
         <size>0x12</size>
         <input_file_ref idref="fl-de"/>
      </object_component>
      <object_component id="oc-f0">
         <name>.text:GPIOPinTypeUART</name>
         <load_address>0x4122</load_address>
         <run_address>0x4122</run_address>
         <size>0x12</size>
         <input_file_ref idref="fl-de"/>
      </object_component>
      <object_component id="oc-1f0">
         <name>.text:_IQ16mpy</name>
         <load_address>0x4134</load_address>
         <run_address>0x4134</run_address>
         <size>0x10</size>
         <input_file_ref idref="fl-da"/>
      </object_component>
      <object_component id="oc-1b">
         <name>.text:decompress:none:__TI_decompress_none</name>
         <load_address>0x4144</load_address>
         <run_address>0x4144</run_address>
         <size>0xe</size>
         <input_file_ref idref="fl-ca"/>
      </object_component>
      <object_component id="oc-268">
         <name>.text:I2CMasterEnable</name>
         <load_address>0x4152</load_address>
         <run_address>0x4152</run_address>
         <size>0xa</size>
         <input_file_ref idref="fl-df"/>
      </object_component>
      <object_component id="oc-282">
         <name>.text:I2CMasterBusy</name>
         <load_address>0x415c</load_address>
         <run_address>0x415c</run_address>
         <size>0x8</size>
         <input_file_ref idref="fl-df"/>
      </object_component>
      <object_component id="oc-270">
         <name>.text:I2CMasterSlaveAddrSet</name>
         <load_address>0x4164</load_address>
         <run_address>0x4164</run_address>
         <size>0x8</size>
         <input_file_ref idref="fl-df"/>
      </object_component>
      <object_component id="oc-2a9">
         <name>.text:__aeabi_errno_addr</name>
         <load_address>0x416c</load_address>
         <run_address>0x416c</run_address>
         <size>0x8</size>
         <input_file_ref idref="fl-cd"/>
      </object_component>
      <object_component id="oc-1d4">
         <name>.text:GPIOPinWrite</name>
         <load_address>0x4174</load_address>
         <run_address>0x4174</run_address>
         <size>0x6</size>
         <input_file_ref idref="fl-de"/>
      </object_component>
      <object_component id="oc-27">
         <name>.text:ResetISR</name>
         <load_address>0x417a</load_address>
         <run_address>0x417a</run_address>
         <size>0x6</size>
         <input_file_ref idref="fl-3"/>
      </object_component>
      <object_component id="oc-120">
         <name>.text:SysCtlDelay</name>
         <load_address>0x4180</load_address>
         <run_address>0x4180</run_address>
         <size>0x6</size>
         <input_file_ref idref="fl-e1"/>
      </object_component>
      <object_component id="oc-f6">
         <name>.text:UARTClockSourceSet</name>
         <load_address>0x4186</load_address>
         <run_address>0x4186</run_address>
         <size>0x6</size>
         <input_file_ref idref="fl-e2"/>
      </object_component>
      <object_component id="oc-27c">
         <name>.text:I2CMasterControl</name>
         <load_address>0x418c</load_address>
         <run_address>0x418c</run_address>
         <size>0x4</size>
         <input_file_ref idref="fl-df"/>
      </object_component>
      <object_component id="oc-28a">
         <name>.text:I2CMasterDataGet</name>
         <load_address>0x4190</load_address>
         <run_address>0x4190</run_address>
         <size>0x4</size>
         <input_file_ref idref="fl-df"/>
      </object_component>
      <object_component id="oc-276">
         <name>.text:I2CMasterDataPut</name>
         <load_address>0x4194</load_address>
         <run_address>0x4194</run_address>
         <size>0x4</size>
         <input_file_ref idref="fl-df"/>
      </object_component>
      <object_component id="oc-aa">
         <name>.text:_system_pre_init</name>
         <load_address>0x4198</load_address>
         <run_address>0x4198</run_address>
         <size>0x4</size>
         <input_file_ref idref="fl-d3"/>
      </object_component>
      <object_component id="oc-138">
         <name>.text:abort:abort</name>
         <load_address>0x419c</load_address>
         <run_address>0x419c</run_address>
         <size>0x4</size>
         <input_file_ref idref="fl-d5"/>
      </object_component>
      <object_component id="oc-33">
         <name>.text:FaultISR</name>
         <load_address>0x41a0</load_address>
         <run_address>0x41a0</run_address>
         <size>0x2</size>
         <input_file_ref idref="fl-3"/>
      </object_component>
      <object_component id="oc-39">
         <name>.text:IntDefaultHandler</name>
         <load_address>0x41a2</load_address>
         <run_address>0x41a2</run_address>
         <size>0x2</size>
         <input_file_ref idref="fl-3"/>
      </object_component>
      <object_component id="oc-2d">
         <name>.text:NmiSR</name>
         <load_address>0x41a4</load_address>
         <run_address>0x41a4</run_address>
         <size>0x2</size>
         <input_file_ref idref="fl-3"/>
      </object_component>
      <object_component id="oc-326">
         <name>.text</name>
         <load_address>0x41a6</load_address>
         <run_address>0x41a6</run_address>
         <size>0x2</size>
         <input_file_ref idref="fl-cf"/>
      </object_component>
      <object_component id="oc-185">
         <name>.const:g_pui32GPIOBaseAddrs</name>
         <load_address>0x41a8</load_address>
         <run_address>0x41a8</run_address>
         <size>0x90</size>
         <input_file_ref idref="fl-de"/>
      </object_component>
      <object_component id="oc-264">
         <name>.const:g_pui32Xtals</name>
         <load_address>0x4238</load_address>
         <run_address>0x4238</run_address>
         <size>0x6c</size>
         <input_file_ref idref="fl-e1"/>
      </object_component>
      <object_component id="oc-2af">
         <name>.const:$O1$$</name>
         <load_address>0x42a8</load_address>
         <run_address>0x42a8</run_address>
         <size>0x30</size>
         <input_file_ref idref="fl-c0"/>
      </object_component>
      <object_component id="oc-19c">
         <name>.const:g_ui32UARTBase</name>
         <load_address>0x42d8</load_address>
         <run_address>0x42d8</run_address>
         <size>0xc</size>
         <input_file_ref idref="fl-4"/>
      </object_component>
      <object_component id="oc-199">
         <name>.const:g_ui32UARTPeriph</name>
         <load_address>0x42e4</load_address>
         <run_address>0x42e4</run_address>
         <size>0xc</size>
         <input_file_ref idref="fl-4"/>
      </object_component>
      <object_component id="oc-373">
         <name>__TI_handler_table</name>
         <load_address>0x42f0</load_address>
         <run_address>0x42f0</run_address>
         <size>0xc</size>
      </object_component>
      <object_component id="oc-376">
         <name>.cinit..bss.load</name>
         <load_address>0x4300</load_address>
         <run_address>0x4300</run_address>
         <size>0x8</size>
      </object_component>
      <object_component id="oc-375">
         <name>.cinit..data.load</name>
         <load_address>0x4308</load_address>
         <run_address>0x4308</run_address>
         <size>0x7</size>
      </object_component>
      <object_component id="oc-374">
         <name>__TI_cinit_table</name>
         <load_address>0x4310</load_address>
         <run_address>0x4310</run_address>
         <size>0x10</size>
      </object_component>
      <object_component id="oc-19f">
         <name>.data</name>
         <load_address>0x20000284</load_address>
         <run_address>0x20000284</run_address>
         <size>0x5</size>
         <input_file_ref idref="fl-4"/>
      </object_component>
      <object_component id="oc-308">
         <name>.data</name>
         <load_address>0x2000028c</load_address>
         <run_address>0x2000028c</run_address>
         <size>0x4</size>
         <input_file_ref idref="fl-cd"/>
      </object_component>
      <object_component id="oc-1da">
         <name>.common:WhoAmI</name>
         <uninitialized>true</uninitialized>
         <run_address>0x20000230</run_address>
         <size>0x4</size>
      </object_component>
      <object_component id="oc-1dd">
         <name>.common:accXout_L</name>
         <uninitialized>true</uninitialized>
         <run_address>0x2000023c</run_address>
         <size>0x4</size>
      </object_component>
      <object_component id="oc-1dc">
         <name>.common:accXout_H</name>
         <uninitialized>true</uninitialized>
         <run_address>0x20000238</run_address>
         <size>0x4</size>
      </object_component>
      <object_component id="oc-1e8">
         <name>.common:accXout</name>
         <uninitialized>true</uninitialized>
         <run_address>0x20000234</run_address>
         <size>0x4</size>
      </object_component>
      <object_component id="oc-1df">
         <name>.common:accYout_L</name>
         <uninitialized>true</uninitialized>
         <run_address>0x20000248</run_address>
         <size>0x4</size>
      </object_component>
      <object_component id="oc-1de">
         <name>.common:accYout_H</name>
         <uninitialized>true</uninitialized>
         <run_address>0x20000244</run_address>
         <size>0x4</size>
      </object_component>
      <object_component id="oc-1e9">
         <name>.common:accYout</name>
         <uninitialized>true</uninitialized>
         <run_address>0x20000240</run_address>
         <size>0x4</size>
      </object_component>
      <object_component id="oc-1e1">
         <name>.common:accZout_L</name>
         <uninitialized>true</uninitialized>
         <run_address>0x20000254</run_address>
         <size>0x4</size>
      </object_component>
      <object_component id="oc-1e0">
         <name>.common:accZout_H</name>
         <uninitialized>true</uninitialized>
         <run_address>0x20000250</run_address>
         <size>0x4</size>
      </object_component>
      <object_component id="oc-1ea">
         <name>.common:accZout</name>
         <uninitialized>true</uninitialized>
         <run_address>0x2000024c</run_address>
         <size>0x4</size>
      </object_component>
      <object_component id="oc-1e3">
         <name>.common:gyroXout_L</name>
         <uninitialized>true</uninitialized>
         <run_address>0x20000260</run_address>
         <size>0x4</size>
      </object_component>
      <object_component id="oc-1e2">
         <name>.common:gyroXout_H</name>
         <uninitialized>true</uninitialized>
         <run_address>0x2000025c</run_address>
         <size>0x4</size>
      </object_component>
      <object_component id="oc-1eb">
         <name>.common:gyroXout</name>
         <uninitialized>true</uninitialized>
         <run_address>0x20000258</run_address>
         <size>0x4</size>
      </object_component>
      <object_component id="oc-1e5">
         <name>.common:gyroYout_L</name>
         <uninitialized>true</uninitialized>
         <run_address>0x2000026c</run_address>
         <size>0x4</size>
      </object_component>
      <object_component id="oc-1e4">
         <name>.common:gyroYout_H</name>
         <uninitialized>true</uninitialized>
         <run_address>0x20000268</run_address>
         <size>0x4</size>
      </object_component>
      <object_component id="oc-1ec">
         <name>.common:gyroYout</name>
         <uninitialized>true</uninitialized>
         <run_address>0x20000264</run_address>
         <size>0x4</size>
      </object_component>
      <object_component id="oc-1e7">
         <name>.common:gyroZout_L</name>
         <uninitialized>true</uninitialized>
         <run_address>0x20000278</run_address>
         <size>0x4</size>
      </object_component>
      <object_component id="oc-1e6">
         <name>.common:gyroZout_H</name>
         <uninitialized>true</uninitialized>
         <run_address>0x20000274</run_address>
         <size>0x4</size>
      </object_component>
      <object_component id="oc-1ed">
         <name>.common:gyroZout</name>
         <uninitialized>true</uninitialized>
         <run_address>0x20000270</run_address>
         <size>0x4</size>
      </object_component>
      <object_component id="oc-133">
         <name>.common:Acc</name>
         <uninitialized>true</uninitialized>
         <run_address>0x20000200</run_address>
         <size>0xc</size>
      </object_component>
      <object_component id="oc-1ee">
         <name>.common:Gyro</name>
         <uninitialized>true</uninitialized>
         <run_address>0x2000020c</run_address>
         <size>0xc</size>
      </object_component>
      <object_component id="oc-205">
         <name>.common:roll</name>
         <uninitialized>true</uninitialized>
         <run_address>0x20000280</run_address>
         <size>0x4</size>
      </object_component>
      <object_component id="oc-204">
         <name>.common:pitch</name>
         <uninitialized>true</uninitialized>
         <run_address>0x2000027c</run_address>
         <size>0x4</size>
      </object_component>
      <object_component id="oc-134">
         <name>.common:p</name>
         <uninitialized>true</uninitialized>
         <run_address>0x20000218</run_address>
         <size>0x8</size>
      </object_component>
      <object_component id="oc-135">
         <name>.common:r</name>
         <uninitialized>true</uninitialized>
         <run_address>0x20000220</run_address>
         <size>0x8</size>
      </object_component>
      <object_component id="oc-136">
         <name>.common:y</name>
         <uninitialized>true</uninitialized>
         <run_address>0x20000228</run_address>
         <size>0x8</size>
      </object_component>
      <object_component id="oc-24">
         <name>.stack</name>
         <uninitialized>true</uninitialized>
         <run_address>0x20000000</run_address>
         <size>0x4</size>
         <input_file_ref idref="fl-cc"/>
      </object_component>
      <object_component id="oc-378">
         <name>.stack</name>
         <uninitialized>true</uninitialized>
         <run_address>0x20000000</run_address>
         <size>0x0</size>
      </object_component>
      <object_component id="oc-cc">
         <name>.debug_info</name>
         <load_address>0x0</load_address>
         <run_address>0x0</run_address>
         <size>0xb86</size>
         <input_file_ref idref="fl-2"/>
      </object_component>
      <object_component id="oc-1c3">
         <name>.debug_info</name>
         <load_address>0xb86</load_address>
         <run_address>0xb86</run_address>
         <size>0x229</size>
         <input_file_ref idref="fl-2"/>
      </object_component>
      <object_component id="oc-1d0">
         <name>.debug_info</name>
         <load_address>0xdaf</load_address>
         <run_address>0xdaf</run_address>
         <size>0x260</size>
         <input_file_ref idref="fl-2"/>
      </object_component>
      <object_component id="oc-11c">
         <name>.debug_info</name>
         <load_address>0x100f</load_address>
         <run_address>0x100f</run_address>
         <size>0x1de</size>
         <input_file_ref idref="fl-2"/>
      </object_component>
      <object_component id="oc-10a">
         <name>.debug_info</name>
         <load_address>0x11ed</load_address>
         <run_address>0x11ed</run_address>
         <size>0x221</size>
         <input_file_ref idref="fl-2"/>
      </object_component>
      <object_component id="oc-10f">
         <name>.debug_info</name>
         <load_address>0x140e</load_address>
         <run_address>0x140e</run_address>
         <size>0x1d3</size>
         <input_file_ref idref="fl-2"/>
      </object_component>
      <object_component id="oc-116">
         <name>.debug_info</name>
         <load_address>0x15e1</load_address>
         <run_address>0x15e1</run_address>
         <size>0x1a1</size>
         <input_file_ref idref="fl-2"/>
      </object_component>
      <object_component id="oc-122">
         <name>.debug_info</name>
         <load_address>0x1782</load_address>
         <run_address>0x1782</run_address>
         <size>0x2d3</size>
         <input_file_ref idref="fl-2"/>
      </object_component>
      <object_component id="oc-129">
         <name>.debug_info</name>
         <load_address>0x1a55</load_address>
         <run_address>0x1a55</run_address>
         <size>0x361</size>
         <input_file_ref idref="fl-2"/>
      </object_component>
      <object_component id="oc-b2">
         <name>.debug_info</name>
         <load_address>0x1db6</load_address>
         <run_address>0x1db6</run_address>
         <size>0x317</size>
         <input_file_ref idref="fl-2"/>
      </object_component>
      <object_component id="oc-85">
         <name>.debug_info</name>
         <load_address>0x20cd</load_address>
         <run_address>0x20cd</run_address>
         <size>0x26b</size>
         <input_file_ref idref="fl-2"/>
      </object_component>
      <object_component id="oc-c7">
         <name>.debug_info</name>
         <load_address>0x2338</load_address>
         <run_address>0x2338</run_address>
         <size>0x8b</size>
         <input_file_ref idref="fl-2"/>
      </object_component>
      <object_component id="oc-c2">
         <name>.debug_info</name>
         <load_address>0x23c3</load_address>
         <run_address>0x23c3</run_address>
         <size>0x2a4</size>
         <input_file_ref idref="fl-2"/>
      </object_component>
      <object_component id="oc-8a">
         <name>.debug_info</name>
         <load_address>0x2667</load_address>
         <run_address>0x2667</run_address>
         <size>0xbb</size>
         <input_file_ref idref="fl-2"/>
      </object_component>
      <object_component id="oc-178">
         <name>.debug_info</name>
         <load_address>0x2722</load_address>
         <run_address>0x2722</run_address>
         <size>0x1b2</size>
         <input_file_ref idref="fl-2"/>
      </object_component>
      <object_component id="oc-224">
         <name>.debug_info</name>
         <load_address>0x28d4</load_address>
         <run_address>0x28d4</run_address>
         <size>0x2c</size>
         <input_file_ref idref="fl-2"/>
      </object_component>
      <object_component id="oc-41">
         <name>.debug_info</name>
         <load_address>0x2900</load_address>
         <run_address>0x2900</run_address>
         <size>0x2e1</size>
         <input_file_ref idref="fl-3"/>
      </object_component>
      <object_component id="oc-13">
         <name>.debug_info</name>
         <load_address>0x2be1</load_address>
         <run_address>0x2be1</run_address>
         <size>0x120</size>
         <input_file_ref idref="fl-3"/>
      </object_component>
      <object_component id="oc-28">
         <name>.debug_info</name>
         <load_address>0x2d01</load_address>
         <run_address>0x2d01</run_address>
         <size>0x150</size>
         <input_file_ref idref="fl-3"/>
      </object_component>
      <object_component id="oc-2f">
         <name>.debug_info</name>
         <load_address>0x2e51</load_address>
         <run_address>0x2e51</run_address>
         <size>0x13f</size>
         <input_file_ref idref="fl-3"/>
      </object_component>
      <object_component id="oc-3c">
         <name>.debug_info</name>
         <load_address>0x2f90</load_address>
         <run_address>0x2f90</run_address>
         <size>0x159</size>
         <input_file_ref idref="fl-3"/>
      </object_component>
      <object_component id="oc-36">
         <name>.debug_info</name>
         <load_address>0x30e9</load_address>
         <run_address>0x30e9</run_address>
         <size>0x147</size>
         <input_file_ref idref="fl-3"/>
      </object_component>
      <object_component id="oc-48">
         <name>.debug_info</name>
         <load_address>0x3230</load_address>
         <run_address>0x3230</run_address>
         <size>0x84</size>
         <input_file_ref idref="fl-3"/>
      </object_component>
      <object_component id="oc-1a6">
         <name>.debug_info</name>
         <load_address>0x32b4</load_address>
         <run_address>0x32b4</run_address>
         <size>0x2d8</size>
         <input_file_ref idref="fl-4"/>
      </object_component>
      <object_component id="oc-1a3">
         <name>.debug_info</name>
         <load_address>0x358c</load_address>
         <run_address>0x358c</run_address>
         <size>0x119</size>
         <input_file_ref idref="fl-4"/>
      </object_component>
      <object_component id="oc-19d">
         <name>.debug_info</name>
         <load_address>0x36a5</load_address>
         <run_address>0x36a5</run_address>
         <size>0x121</size>
         <input_file_ref idref="fl-4"/>
      </object_component>
      <object_component id="oc-19a">
         <name>.debug_info</name>
         <load_address>0x37c6</load_address>
         <run_address>0x37c6</run_address>
         <size>0x125</size>
         <input_file_ref idref="fl-4"/>
      </object_component>
      <object_component id="oc-2ce">
         <name>.debug_info</name>
         <load_address>0x38eb</load_address>
         <run_address>0x38eb</run_address>
         <size>0x1c6</size>
         <input_file_ref idref="fl-4"/>
      </object_component>
      <object_component id="oc-21f">
         <name>.debug_info</name>
         <load_address>0x3ab1</load_address>
         <run_address>0x3ab1</run_address>
         <size>0x2f8</size>
         <input_file_ref idref="fl-4"/>
      </object_component>
      <object_component id="oc-130">
         <name>.debug_info</name>
         <load_address>0x3da9</load_address>
         <run_address>0x3da9</run_address>
         <size>0x193</size>
         <input_file_ref idref="fl-4"/>
      </object_component>
      <object_component id="oc-1a0">
         <name>.debug_info</name>
         <load_address>0x3f3c</load_address>
         <run_address>0x3f3c</run_address>
         <size>0x211</size>
         <input_file_ref idref="fl-4"/>
      </object_component>
      <object_component id="oc-fe">
         <name>.debug_info</name>
         <load_address>0x414d</load_address>
         <run_address>0x414d</run_address>
         <size>0x229</size>
         <input_file_ref idref="fl-4"/>
      </object_component>
      <object_component id="oc-2c8">
         <name>.debug_info</name>
         <load_address>0x4376</load_address>
         <run_address>0x4376</run_address>
         <size>0x35e</size>
         <input_file_ref idref="fl-c0"/>
      </object_component>
      <object_component id="oc-2b0">
         <name>.debug_info</name>
         <load_address>0x46d4</load_address>
         <run_address>0x46d4</run_address>
         <size>0x128</size>
         <input_file_ref idref="fl-c0"/>
      </object_component>
      <object_component id="oc-20a">
         <name>.debug_info</name>
         <load_address>0x47fc</load_address>
         <run_address>0x47fc</run_address>
         <size>0xbf2</size>
         <input_file_ref idref="fl-c0"/>
      </object_component>
      <object_component id="oc-31e">
         <name>.debug_info</name>
         <load_address>0x53ee</load_address>
         <run_address>0x53ee</run_address>
         <size>0x46</size>
         <input_file_ref idref="fl-c0"/>
      </object_component>
      <object_component id="oc-2c3">
         <name>.debug_info</name>
         <load_address>0x5434</load_address>
         <run_address>0x5434</run_address>
         <size>0x39</size>
         <input_file_ref idref="fl-c0"/>
      </object_component>
      <object_component id="oc-307">
         <name>.debug_info</name>
         <load_address>0x546d</load_address>
         <run_address>0x546d</run_address>
         <size>0x2c5</size>
         <input_file_ref idref="fl-c1"/>
      </object_component>
      <object_component id="oc-2a5">
         <name>.debug_info</name>
         <load_address>0x5732</load_address>
         <run_address>0x5732</run_address>
         <size>0x24e</size>
         <input_file_ref idref="fl-c1"/>
      </object_component>
      <object_component id="oc-318">
         <name>.debug_info</name>
         <load_address>0x5980</load_address>
         <run_address>0x5980</run_address>
         <size>0x2f8</size>
         <input_file_ref idref="fl-c2"/>
      </object_component>
      <object_component id="oc-2bd">
         <name>.debug_info</name>
         <load_address>0x5c78</load_address>
         <run_address>0x5c78</run_address>
         <size>0x225</size>
         <input_file_ref idref="fl-c2"/>
      </object_component>
      <object_component id="oc-344">
         <name>.debug_info</name>
         <load_address>0x5e9d</load_address>
         <run_address>0x5e9d</run_address>
         <size>0x39</size>
         <input_file_ref idref="fl-c2"/>
      </object_component>
      <object_component id="oc-319">
         <name>.debug_info</name>
         <load_address>0x5ed6</load_address>
         <run_address>0x5ed6</run_address>
         <size>0x2c</size>
         <input_file_ref idref="fl-c2"/>
      </object_component>
      <object_component id="oc-29a">
         <name>.debug_info</name>
         <load_address>0x5f02</load_address>
         <run_address>0x5f02</run_address>
         <size>0x14c</size>
         <input_file_ref idref="fl-c3"/>
      </object_component>
      <object_component id="oc-2b4">
         <name>.debug_info</name>
         <load_address>0x604e</load_address>
         <run_address>0x604e</run_address>
         <size>0x128</size>
         <input_file_ref idref="fl-c4"/>
      </object_component>
      <object_component id="oc-2b8">
         <name>.debug_info</name>
         <load_address>0x6176</load_address>
         <run_address>0x6176</run_address>
         <size>0x12a</size>
         <input_file_ref idref="fl-c4"/>
      </object_component>
      <object_component id="oc-2a1">
         <name>.debug_info</name>
         <load_address>0x62a0</load_address>
         <run_address>0x62a0</run_address>
         <size>0x13a</size>
         <input_file_ref idref="fl-c5"/>
      </object_component>
      <object_component id="oc-21a">
         <name>.debug_info</name>
         <load_address>0x63da</load_address>
         <run_address>0x63da</run_address>
         <size>0x13a</size>
         <input_file_ref idref="fl-c6"/>
      </object_component>
      <object_component id="oc-213">
         <name>.debug_info</name>
         <load_address>0x6514</load_address>
         <run_address>0x6514</run_address>
         <size>0x12c</size>
         <input_file_ref idref="fl-c7"/>
      </object_component>
      <object_component id="oc-2d5">
         <name>.debug_info</name>
         <load_address>0x6640</load_address>
         <run_address>0x6640</run_address>
         <size>0x142</size>
         <input_file_ref idref="fl-c8"/>
      </object_component>
      <object_component id="oc-a3">
         <name>.debug_info</name>
         <load_address>0x6782</load_address>
         <run_address>0x6782</run_address>
         <size>0x2d4</size>
         <input_file_ref idref="fl-c9"/>
      </object_component>
      <object_component id="oc-5c">
         <name>.debug_info</name>
         <load_address>0x6a56</load_address>
         <run_address>0x6a56</run_address>
         <size>0x1d2</size>
         <input_file_ref idref="fl-c9"/>
      </object_component>
      <object_component id="oc-9e">
         <name>.debug_info</name>
         <load_address>0x6c28</load_address>
         <run_address>0x6c28</run_address>
         <size>0x46</size>
         <input_file_ref idref="fl-c9"/>
      </object_component>
      <object_component id="oc-d5">
         <name>.debug_info</name>
         <load_address>0x6c6e</load_address>
         <run_address>0x6c6e</run_address>
         <size>0x2c</size>
         <input_file_ref idref="fl-c9"/>
      </object_component>
      <object_component id="oc-58">
         <name>.debug_info</name>
         <load_address>0x6c9a</load_address>
         <run_address>0x6c9a</run_address>
         <size>0x2a8</size>
         <input_file_ref idref="fl-ca"/>
      </object_component>
      <object_component id="oc-1d">
         <name>.debug_info</name>
         <load_address>0x6f42</load_address>
         <run_address>0x6f42</run_address>
         <size>0x1ea</size>
         <input_file_ref idref="fl-ca"/>
      </object_component>
      <object_component id="oc-53">
         <name>.debug_info</name>
         <load_address>0x712c</load_address>
         <run_address>0x712c</run_address>
         <size>0x46</size>
         <input_file_ref idref="fl-ca"/>
      </object_component>
      <object_component id="oc-96">
         <name>.debug_info</name>
         <load_address>0x7172</load_address>
         <run_address>0x7172</run_address>
         <size>0x2c</size>
         <input_file_ref idref="fl-ca"/>
      </object_component>
      <object_component id="oc-94">
         <name>.debug_info</name>
         <load_address>0x719e</load_address>
         <run_address>0x719e</run_address>
         <size>0x29e</size>
         <input_file_ref idref="fl-cb"/>
      </object_component>
      <object_component id="oc-16">
         <name>.debug_info</name>
         <load_address>0x743c</load_address>
         <run_address>0x743c</run_address>
         <size>0x250</size>
         <input_file_ref idref="fl-cb"/>
      </object_component>
      <object_component id="oc-43">
         <name>.debug_info</name>
         <load_address>0x768c</load_address>
         <run_address>0x768c</run_address>
         <size>0x60</size>
         <input_file_ref idref="fl-cb"/>
      </object_component>
      <object_component id="oc-ce">
         <name>.debug_info</name>
         <load_address>0x76ec</load_address>
         <run_address>0x76ec</run_address>
         <size>0x46</size>
         <input_file_ref idref="fl-cb"/>
      </object_component>
      <object_component id="oc-8f">
         <name>.debug_info</name>
         <load_address>0x7732</load_address>
         <run_address>0x7732</run_address>
         <size>0x39</size>
         <input_file_ref idref="fl-cb"/>
      </object_component>
      <object_component id="oc-25">
         <name>.debug_info</name>
         <load_address>0x776b</load_address>
         <run_address>0x776b</run_address>
         <size>0x10b</size>
         <input_file_ref idref="fl-cc"/>
      </object_component>
      <object_component id="oc-6d">
         <name>.debug_info</name>
         <load_address>0x7876</load_address>
         <run_address>0x7876</run_address>
         <size>0x1a9</size>
         <input_file_ref idref="fl-cc"/>
      </object_component>
      <object_component id="oc-30c">
         <name>.debug_info</name>
         <load_address>0x7a1f</load_address>
         <run_address>0x7a1f</run_address>
         <size>0x289</size>
         <input_file_ref idref="fl-cd"/>
      </object_component>
      <object_component id="oc-309">
         <name>.debug_info</name>
         <load_address>0x7ca8</load_address>
         <run_address>0x7ca8</run_address>
         <size>0x10e</size>
         <input_file_ref idref="fl-cd"/>
      </object_component>
      <object_component id="oc-2aa">
         <name>.debug_info</name>
         <load_address>0x7db6</load_address>
         <run_address>0x7db6</run_address>
         <size>0x14e</size>
         <input_file_ref idref="fl-cd"/>
      </object_component>
      <object_component id="oc-313">
         <name>.debug_info</name>
         <load_address>0x7f04</load_address>
         <run_address>0x7f04</run_address>
         <size>0x161</size>
         <input_file_ref idref="fl-ce"/>
      </object_component>
      <object_component id="oc-328">
         <name>.debug_info</name>
         <load_address>0x8065</load_address>
         <run_address>0x8065</run_address>
         <size>0x115</size>
         <input_file_ref idref="fl-cf"/>
      </object_component>
      <object_component id="oc-4f">
         <name>.debug_info</name>
         <load_address>0x817a</load_address>
         <run_address>0x817a</run_address>
         <size>0x119</size>
         <input_file_ref idref="fl-d0"/>
      </object_component>
      <object_component id="oc-234">
         <name>.debug_info</name>
         <load_address>0x8293</load_address>
         <run_address>0x8293</run_address>
         <size>0x4b3</size>
         <input_file_ref idref="fl-d2"/>
      </object_component>
      <object_component id="oc-148">
         <name>.debug_info</name>
         <load_address>0x8746</load_address>
         <run_address>0x8746</run_address>
         <size>0x1a6</size>
         <input_file_ref idref="fl-d2"/>
      </object_component>
      <object_component id="oc-2e9">
         <name>.debug_info</name>
         <load_address>0x88ec</load_address>
         <run_address>0x88ec</run_address>
         <size>0x39</size>
         <input_file_ref idref="fl-d2"/>
      </object_component>
      <object_component id="oc-32f">
         <name>.debug_info</name>
         <load_address>0x8925</load_address>
         <run_address>0x8925</run_address>
         <size>0x39</size>
         <input_file_ref idref="fl-d2"/>
      </object_component>
      <object_component id="oc-2ee">
         <name>.debug_info</name>
         <load_address>0x895e</load_address>
         <run_address>0x895e</run_address>
         <size>0x39</size>
         <input_file_ref idref="fl-d2"/>
      </object_component>
      <object_component id="oc-2f3">
         <name>.debug_info</name>
         <load_address>0x8997</load_address>
         <run_address>0x8997</run_address>
         <size>0xcd</size>
         <input_file_ref idref="fl-d2"/>
      </object_component>
      <object_component id="oc-ad">
         <name>.debug_info</name>
         <load_address>0x8a64</load_address>
         <run_address>0x8a64</run_address>
         <size>0x153</size>
         <input_file_ref idref="fl-d3"/>
      </object_component>
      <object_component id="oc-139">
         <name>.debug_info</name>
         <load_address>0x8bb7</load_address>
         <run_address>0x8bb7</run_address>
         <size>0x122</size>
         <input_file_ref idref="fl-d5"/>
      </object_component>
      <object_component id="oc-202">
         <name>.debug_info</name>
         <load_address>0x8cd9</load_address>
         <run_address>0x8cd9</run_address>
         <size>0x1c0</size>
         <input_file_ref idref="fl-d8"/>
      </object_component>
      <object_component id="oc-1fb">
         <name>.debug_info</name>
         <load_address>0x8e99</load_address>
         <run_address>0x8e99</run_address>
         <size>0x1bf</size>
         <input_file_ref idref="fl-d9"/>
      </object_component>
      <object_component id="oc-1f2">
         <name>.debug_info</name>
         <load_address>0x9058</load_address>
         <run_address>0x9058</run_address>
         <size>0x1b1</size>
         <input_file_ref idref="fl-da"/>
      </object_component>
      <object_component id="oc-1f7">
         <name>.debug_info</name>
         <load_address>0x9209</load_address>
         <run_address>0x9209</run_address>
         <size>0x1bb</size>
         <input_file_ref idref="fl-db"/>
      </object_component>
      <object_component id="oc-20f">
         <name>.debug_info</name>
         <load_address>0x93c4</load_address>
         <run_address>0x93c4</run_address>
         <size>0x1b2</size>
         <input_file_ref idref="fl-dc"/>
      </object_component>
      <object_component id="oc-189">
         <name>.debug_info</name>
         <load_address>0x9576</load_address>
         <run_address>0x9576</run_address>
         <size>0x240</size>
         <input_file_ref idref="fl-de"/>
      </object_component>
      <object_component id="oc-186">
         <name>.debug_info</name>
         <load_address>0x97b6</load_address>
         <run_address>0x97b6</run_address>
         <size>0x15b</size>
         <input_file_ref idref="fl-de"/>
      </object_component>
      <object_component id="oc-1d6">
         <name>.debug_info</name>
         <load_address>0x9911</load_address>
         <run_address>0x9911</run_address>
         <size>0x2a3</size>
         <input_file_ref idref="fl-de"/>
      </object_component>
      <object_component id="oc-18c">
         <name>.debug_info</name>
         <load_address>0x9bb4</load_address>
         <run_address>0x9bb4</run_address>
         <size>0x2b3</size>
         <input_file_ref idref="fl-de"/>
      </object_component>
      <object_component id="oc-192">
         <name>.debug_info</name>
         <load_address>0x9e67</load_address>
         <run_address>0x9e67</run_address>
         <size>0x316</size>
         <input_file_ref idref="fl-de"/>
      </object_component>
      <object_component id="oc-f2">
         <name>.debug_info</name>
         <load_address>0xa17d</load_address>
         <run_address>0xa17d</run_address>
         <size>0x27b</size>
         <input_file_ref idref="fl-de"/>
      </object_component>
      <object_component id="oc-1aa">
         <name>.debug_info</name>
         <load_address>0xa3f8</load_address>
         <run_address>0xa3f8</run_address>
         <size>0x27f</size>
         <input_file_ref idref="fl-de"/>
      </object_component>
      <object_component id="oc-1b0">
         <name>.debug_info</name>
         <load_address>0xa677</load_address>
         <run_address>0xa677</run_address>
         <size>0x279</size>
         <input_file_ref idref="fl-de"/>
      </object_component>
      <object_component id="oc-104">
         <name>.debug_info</name>
         <load_address>0xa8f0</load_address>
         <run_address>0xa8f0</run_address>
         <size>0x2b7</size>
         <input_file_ref idref="fl-de"/>
      </object_component>
      <object_component id="oc-1c9">
         <name>.debug_info</name>
         <load_address>0xaba7</load_address>
         <run_address>0xaba7</run_address>
         <size>0x285</size>
         <input_file_ref idref="fl-de"/>
      </object_component>
      <object_component id="oc-eb">
         <name>.debug_info</name>
         <load_address>0xae2c</load_address>
         <run_address>0xae2c</run_address>
         <size>0x280</size>
         <input_file_ref idref="fl-de"/>
      </object_component>
      <object_component id="oc-17e">
         <name>.debug_info</name>
         <load_address>0xb0ac</load_address>
         <run_address>0xb0ac</run_address>
         <size>0x18b</size>
         <input_file_ref idref="fl-de"/>
      </object_component>
      <object_component id="oc-26f">
         <name>.debug_info</name>
         <load_address>0xb237</load_address>
         <run_address>0xb237</run_address>
         <size>0x231</size>
         <input_file_ref idref="fl-df"/>
      </object_component>
      <object_component id="oc-271">
         <name>.debug_info</name>
         <load_address>0xb468</load_address>
         <run_address>0xb468</run_address>
         <size>0x2ce</size>
         <input_file_ref idref="fl-df"/>
      </object_component>
      <object_component id="oc-269">
         <name>.debug_info</name>
         <load_address>0xb736</load_address>
         <run_address>0xb736</run_address>
         <size>0x24e</size>
         <input_file_ref idref="fl-df"/>
      </object_component>
      <object_component id="oc-1bb">
         <name>.debug_info</name>
         <load_address>0xb984</load_address>
         <run_address>0xb984</run_address>
         <size>0x2d5</size>
         <input_file_ref idref="fl-df"/>
      </object_component>
      <object_component id="oc-277">
         <name>.debug_info</name>
         <load_address>0xbc59</load_address>
         <run_address>0xbc59</run_address>
         <size>0x27e</size>
         <input_file_ref idref="fl-df"/>
      </object_component>
      <object_component id="oc-28b">
         <name>.debug_info</name>
         <load_address>0xbed7</load_address>
         <run_address>0xbed7</run_address>
         <size>0x254</size>
         <input_file_ref idref="fl-df"/>
      </object_component>
      <object_component id="oc-27d">
         <name>.debug_info</name>
         <load_address>0xc12b</load_address>
         <run_address>0xc12b</run_address>
         <size>0x27e</size>
         <input_file_ref idref="fl-df"/>
      </object_component>
      <object_component id="oc-283">
         <name>.debug_info</name>
         <load_address>0xc3a9</load_address>
         <run_address>0xc3a9</run_address>
         <size>0x24e</size>
         <input_file_ref idref="fl-df"/>
      </object_component>
      <object_component id="oc-183">
         <name>.debug_info</name>
         <load_address>0xc5f7</load_address>
         <run_address>0xc5f7</run_address>
         <size>0x298</size>
         <input_file_ref idref="fl-e1"/>
      </object_component>
      <object_component id="oc-265">
         <name>.debug_info</name>
         <load_address>0xc88f</load_address>
         <run_address>0xc88f</run_address>
         <size>0x14d</size>
         <input_file_ref idref="fl-e1"/>
      </object_component>
      <object_component id="oc-e5">
         <name>.debug_info</name>
         <load_address>0xc9dc</load_address>
         <run_address>0xc9dc</run_address>
         <size>0x27d</size>
         <input_file_ref idref="fl-e1"/>
      </object_component>
      <object_component id="oc-e0">
         <name>.debug_info</name>
         <load_address>0xcc59</load_address>
         <run_address>0xcc59</run_address>
         <size>0x2db</size>
         <input_file_ref idref="fl-e1"/>
      </object_component>
      <object_component id="oc-1b5">
         <name>.debug_info</name>
         <load_address>0xcf34</load_address>
         <run_address>0xcf34</run_address>
         <size>0x2b5</size>
         <input_file_ref idref="fl-e1"/>
      </object_component>
      <object_component id="oc-24b">
         <name>.debug_info</name>
         <load_address>0xd1e9</load_address>
         <run_address>0xd1e9</run_address>
         <size>0x5f</size>
         <input_file_ref idref="fl-e1"/>
      </object_component>
      <object_component id="oc-198">
         <name>.debug_info</name>
         <load_address>0xd248</load_address>
         <run_address>0xd248</run_address>
         <size>0x227</size>
         <input_file_ref idref="fl-e2"/>
      </object_component>
      <object_component id="oc-f7">
         <name>.debug_info</name>
         <load_address>0xd46f</load_address>
         <run_address>0xd46f</run_address>
         <size>0x291</size>
         <input_file_ref idref="fl-e2"/>
      </object_component>
      <object_component id="oc-379">
         <name>.debug_info</name>
         <load_address>0xd700</load_address>
         <run_address>0xd700</run_address>
         <size>0xe0</size>
      </object_component>
      <object_component id="oc-177">
         <name>.debug_line</name>
         <load_address>0x0</load_address>
         <run_address>0x0</run_address>
         <size>0x1bd</size>
         <input_file_ref idref="fl-2"/>
      </object_component>
      <object_component id="oc-1c2">
         <name>.debug_line</name>
         <load_address>0x1bd</load_address>
         <run_address>0x1bd</run_address>
         <size>0x52</size>
         <input_file_ref idref="fl-2"/>
      </object_component>
      <object_component id="oc-1cf">
         <name>.debug_line</name>
         <load_address>0x20f</load_address>
         <run_address>0x20f</run_address>
         <size>0x53</size>
         <input_file_ref idref="fl-2"/>
      </object_component>
      <object_component id="oc-11b">
         <name>.debug_line</name>
         <load_address>0x262</load_address>
         <run_address>0x262</run_address>
         <size>0xb5</size>
         <input_file_ref idref="fl-2"/>
      </object_component>
      <object_component id="oc-109">
         <name>.debug_line</name>
         <load_address>0x317</load_address>
         <run_address>0x317</run_address>
         <size>0x4b</size>
         <input_file_ref idref="fl-2"/>
      </object_component>
      <object_component id="oc-112">
         <name>.debug_line</name>
         <load_address>0x362</load_address>
         <run_address>0x362</run_address>
         <size>0x48</size>
         <input_file_ref idref="fl-2"/>
      </object_component>
      <object_component id="oc-115">
         <name>.debug_line</name>
         <load_address>0x3aa</load_address>
         <run_address>0x3aa</run_address>
         <size>0x49</size>
         <input_file_ref idref="fl-2"/>
      </object_component>
      <object_component id="oc-125">
         <name>.debug_line</name>
         <load_address>0x3f3</load_address>
         <run_address>0x3f3</run_address>
         <size>0x53</size>
         <input_file_ref idref="fl-2"/>
      </object_component>
      <object_component id="oc-128">
         <name>.debug_line</name>
         <load_address>0x446</load_address>
         <run_address>0x446</run_address>
         <size>0x8c</size>
         <input_file_ref idref="fl-2"/>
      </object_component>
      <object_component id="oc-b1">
         <name>.debug_line</name>
         <load_address>0x4d2</load_address>
         <run_address>0x4d2</run_address>
         <size>0x6e</size>
         <input_file_ref idref="fl-2"/>
      </object_component>
      <object_component id="oc-88">
         <name>.debug_line</name>
         <load_address>0x540</load_address>
         <run_address>0x540</run_address>
         <size>0x6f</size>
         <input_file_ref idref="fl-2"/>
      </object_component>
      <object_component id="oc-ca">
         <name>.debug_line</name>
         <load_address>0x5af</load_address>
         <run_address>0x5af</run_address>
         <size>0x20</size>
         <input_file_ref idref="fl-2"/>
      </object_component>
      <object_component id="oc-c5">
         <name>.debug_line</name>
         <load_address>0x5cf</load_address>
         <run_address>0x5cf</run_address>
         <size>0x73</size>
         <input_file_ref idref="fl-2"/>
      </object_component>
      <object_component id="oc-8d">
         <name>.debug_line</name>
         <load_address>0x642</load_address>
         <run_address>0x642</run_address>
         <size>0x70</size>
         <input_file_ref idref="fl-2"/>
      </object_component>
      <object_component id="oc-17b">
         <name>.debug_line</name>
         <load_address>0x6b2</load_address>
         <run_address>0x6b2</run_address>
         <size>0x58</size>
         <input_file_ref idref="fl-2"/>
      </object_component>
      <object_component id="oc-227">
         <name>.debug_line</name>
         <load_address>0x70a</load_address>
         <run_address>0x70a</run_address>
         <size>0x6b</size>
         <input_file_ref idref="fl-2"/>
      </object_component>
      <object_component id="oc-84">
         <name>.debug_line</name>
         <load_address>0x775</load_address>
         <run_address>0x775</run_address>
         <size>0x34</size>
         <input_file_ref idref="fl-3"/>
      </object_component>
      <object_component id="oc-40">
         <name>.debug_line</name>
         <load_address>0x7a9</load_address>
         <run_address>0x7a9</run_address>
         <size>0x34</size>
         <input_file_ref idref="fl-3"/>
      </object_component>
      <object_component id="oc-2b">
         <name>.debug_line</name>
         <load_address>0x7dd</load_address>
         <run_address>0x7dd</run_address>
         <size>0x46</size>
         <input_file_ref idref="fl-3"/>
      </object_component>
      <object_component id="oc-2e">
         <name>.debug_line</name>
         <load_address>0x823</load_address>
         <run_address>0x823</run_address>
         <size>0x49</size>
         <input_file_ref idref="fl-3"/>
      </object_component>
      <object_component id="oc-3b">
         <name>.debug_line</name>
         <load_address>0x86c</load_address>
         <run_address>0x86c</run_address>
         <size>0x49</size>
         <input_file_ref idref="fl-3"/>
      </object_component>
      <object_component id="oc-35">
         <name>.debug_line</name>
         <load_address>0x8b5</load_address>
         <run_address>0x8b5</run_address>
         <size>0x49</size>
         <input_file_ref idref="fl-3"/>
      </object_component>
      <object_component id="oc-4b">
         <name>.debug_line</name>
         <load_address>0x8fe</load_address>
         <run_address>0x8fe</run_address>
         <size>0x20</size>
         <input_file_ref idref="fl-3"/>
      </object_component>
      <object_component id="oc-261">
         <name>.debug_line</name>
         <load_address>0x91e</load_address>
         <run_address>0x91e</run_address>
         <size>0x20</size>
         <input_file_ref idref="fl-4"/>
      </object_component>
      <object_component id="oc-25f">
         <name>.debug_line</name>
         <load_address>0x93e</load_address>
         <run_address>0x93e</run_address>
         <size>0x32</size>
         <input_file_ref idref="fl-4"/>
      </object_component>
      <object_component id="oc-25b">
         <name>.debug_line</name>
         <load_address>0x970</load_address>
         <run_address>0x970</run_address>
         <size>0x32</size>
         <input_file_ref idref="fl-4"/>
      </object_component>
      <object_component id="oc-259">
         <name>.debug_line</name>
         <load_address>0x9a2</load_address>
         <run_address>0x9a2</run_address>
         <size>0x32</size>
         <input_file_ref idref="fl-4"/>
      </object_component>
      <object_component id="oc-2d1">
         <name>.debug_line</name>
         <load_address>0x9d4</load_address>
         <run_address>0x9d4</run_address>
         <size>0x62</size>
         <input_file_ref idref="fl-4"/>
      </object_component>
      <object_component id="oc-222">
         <name>.debug_line</name>
         <load_address>0xa36</load_address>
         <run_address>0xa36</run_address>
         <size>0x160</size>
         <input_file_ref idref="fl-4"/>
      </object_component>
      <object_component id="oc-12f">
         <name>.debug_line</name>
         <load_address>0xb96</load_address>
         <run_address>0xb96</run_address>
         <size>0x49</size>
         <input_file_ref idref="fl-4"/>
      </object_component>
      <object_component id="oc-25d">
         <name>.debug_line</name>
         <load_address>0xbdf</load_address>
         <run_address>0xbdf</run_address>
         <size>0x8d</size>
         <input_file_ref idref="fl-4"/>
      </object_component>
      <object_component id="oc-101">
         <name>.debug_line</name>
         <load_address>0xc6c</load_address>
         <run_address>0xc6c</run_address>
         <size>0x53</size>
         <input_file_ref idref="fl-4"/>
      </object_component>
      <object_component id="oc-324">
         <name>.debug_line</name>
         <load_address>0xcbf</load_address>
         <run_address>0xcbf</run_address>
         <size>0x9b</size>
         <input_file_ref idref="fl-c0"/>
      </object_component>
      <object_component id="oc-30e">
         <name>.debug_line</name>
         <load_address>0xd5a</load_address>
         <run_address>0xd5a</run_address>
         <size>0x2b</size>
         <input_file_ref idref="fl-c0"/>
      </object_component>
      <object_component id="oc-20c">
         <name>.debug_line</name>
         <load_address>0xd85</load_address>
         <run_address>0xd85</run_address>
         <size>0x2b6</size>
         <input_file_ref idref="fl-c0"/>
      </object_component>
      <object_component id="oc-321">
         <name>.debug_line</name>
         <load_address>0x103b</load_address>
         <run_address>0x103b</run_address>
         <size>0x9a</size>
         <input_file_ref idref="fl-c0"/>
      </object_component>
      <object_component id="oc-2c6">
         <name>.debug_line</name>
         <load_address>0x10d5</load_address>
         <run_address>0x10d5</run_address>
         <size>0x97</size>
         <input_file_ref idref="fl-c0"/>
      </object_component>
      <object_component id="oc-33c">
         <name>.debug_line</name>
         <load_address>0x116c</load_address>
         <run_address>0x116c</run_address>
         <size>0x91</size>
         <input_file_ref idref="fl-c1"/>
      </object_component>
      <object_component id="oc-2a8">
         <name>.debug_line</name>
         <load_address>0x11fd</load_address>
         <run_address>0x11fd</run_address>
         <size>0x13f</size>
         <input_file_ref idref="fl-c1"/>
      </object_component>
      <object_component id="oc-343">
         <name>.debug_line</name>
         <load_address>0x133c</load_address>
         <run_address>0x133c</run_address>
         <size>0x9b</size>
         <input_file_ref idref="fl-c2"/>
      </object_component>
      <object_component id="oc-2c1">
         <name>.debug_line</name>
         <load_address>0x13d7</load_address>
         <run_address>0x13d7</run_address>
         <size>0xa4</size>
         <input_file_ref idref="fl-c2"/>
      </object_component>
      <object_component id="oc-347">
         <name>.debug_line</name>
         <load_address>0x147b</load_address>
         <run_address>0x147b</run_address>
         <size>0x9a</size>
         <input_file_ref idref="fl-c2"/>
      </object_component>
      <object_component id="oc-31c">
         <name>.debug_line</name>
         <load_address>0x1515</load_address>
         <run_address>0x1515</run_address>
         <size>0x97</size>
         <input_file_ref idref="fl-c2"/>
      </object_component>
      <object_component id="oc-29d">
         <name>.debug_line</name>
         <load_address>0x15ac</load_address>
         <run_address>0x15ac</run_address>
         <size>0xd2</size>
         <input_file_ref idref="fl-c3"/>
      </object_component>
      <object_component id="oc-2b3">
         <name>.debug_line</name>
         <load_address>0x167e</load_address>
         <run_address>0x167e</run_address>
         <size>0x77</size>
         <input_file_ref idref="fl-c4"/>
      </object_component>
      <object_component id="oc-2bb">
         <name>.debug_line</name>
         <load_address>0x16f5</load_address>
         <run_address>0x16f5</run_address>
         <size>0x77</size>
         <input_file_ref idref="fl-c4"/>
      </object_component>
      <object_component id="oc-29f">
         <name>.debug_line</name>
         <load_address>0x176c</load_address>
         <run_address>0x176c</run_address>
         <size>0xa8</size>
         <input_file_ref idref="fl-c5"/>
      </object_component>
      <object_component id="oc-218">
         <name>.debug_line</name>
         <load_address>0x1814</load_address>
         <run_address>0x1814</run_address>
         <size>0x8e</size>
         <input_file_ref idref="fl-c6"/>
      </object_component>
      <object_component id="oc-216">
         <name>.debug_line</name>
         <load_address>0x18a2</load_address>
         <run_address>0x18a2</run_address>
         <size>0x50</size>
         <input_file_ref idref="fl-c7"/>
      </object_component>
      <object_component id="oc-2d7">
         <name>.debug_line</name>
         <load_address>0x18f2</load_address>
         <run_address>0x18f2</run_address>
         <size>0x5b</size>
         <input_file_ref idref="fl-c8"/>
      </object_component>
      <object_component id="oc-db">
         <name>.debug_line</name>
         <load_address>0x194d</load_address>
         <run_address>0x194d</run_address>
         <size>0x92</size>
         <input_file_ref idref="fl-c9"/>
      </object_component>
[...]
            </allocated_space>
            <allocated_space>
               <start_address>0x20000200</start_address>
               <size>0x84</size>
               <logical_group_ref idref="lg-b"/>
            </allocated_space>
            <allocated_space>
               <start_address>0x20000284</start_address>
               <size>0xc</size>
               <logical_group_ref idref="lg-a"/>
            </allocated_space>
            <available_space>
               <start_address>0x20000290</start_address>
               <size>0x7d70</size>
            </available_space>
         </usage_details>
      </memory_area>
   </placement_map>
   <cptbl_list>
      <cptbl>
         <name>__TI_cinit_table</name>
         <cprec>
            <name>.bss</name>
            <load_address>0x4300</load_address>
            <load_size>0x8</load_size>
            <run_address>0x20000200</run_address>
            <run_size>0x84</run_size>
            <compression>zero_init</compression>
         </cprec>
         <cprec>
            <name>.data</name>
            <load_address>0x4308</load_address>
            <load_size>0x7</load_size>
            <run_address>0x20000284</run_address>
            <run_size>0xc</run_size>
            <compression>lzss</compression>
         </cprec>
      </cptbl>
   </cptbl_list>
   <handler_table>
      <handler_table_name>__TI_handler_table</handler_table_name>
      <handler>
         <index>0x0</index>
         <name>__TI_decompress_lzss</name>
      </handler>
      <handler>
         <index>0x1</index>
         <name>__TI_decompress_none</name>
      </handler>
      <handler>
         <index>0x2</index>
         <name>__TI_zero_init</name>
      </handler>
   </handler_table>
   <symbol_table>
      <symbol id="sm-1">
         <name>__STACK_TOP</name>
         <value>0x20000200</value>
      </symbol>
      <symbol id="sm-2">
         <name>__start___llvm_prf_cnts</name>
         <value>0x20000000</value>
      </symbol>
      <symbol id="sm-3">
         <name>__stop___llvm_prf_cnts</name>
         <value>0x20000000</value>
      </symbol>
      <symbol id="sm-4">
         <name>__TI_CINIT_Base</name>
         <value>0x4310</value>
      </symbol>
      <symbol id="sm-5">
         <name>__TI_CINIT_Limit</name>
         <value>0x4320</value>
      </symbol>
      <symbol id="sm-6">
         <name>__TI_Handler_Table_Base</name>
         <value>0x42f0</value>
      </symbol>
      <symbol id="sm-7">
         <name>__TI_Handler_Table_Limit</name>
         <value>0x42fc</value>
      </symbol>
      <symbol id="sm-8">
         <name>binit</name>
         <value>0xffffffff</value>
      </symbol>
      <symbol id="sm-9">
         <name>__binit__</name>
         <value>0xffffffff</value>
      </symbol>
      <symbol id="sm-a">
         <name>__STACK_SIZE</name>
         <value>0x200</value>
      </symbol>
      <symbol id="sm-b">
         <name>__STACK_END</name>
         <value>0x20000200</value>
      </symbol>
      <symbol id="sm-c">
         <name>__c_args__</name>
         <value>0xffffffff</value>
      </symbol>
      <symbol id="sm-d">
         <name>__TI_pprof_out_hndl</name>
         <value>0xffffffff</value>
      </symbol>
      <symbol id="sm-e">
         <name>__TI_prof_data_start</name>
         <value>0xffffffff</value>
      </symbol>
      <symbol id="sm-f">
         <name>__TI_prof_data_size</name>
         <value>0xffffffff</value>
      </symbol>
      <symbol id="sm-e2">
         <name>WhoAmI</name>
         <value>0x20000230</value>
      </symbol>
      <symbol id="sm-e3">
         <name>accXout_L</name>
         <value>0x2000023c</value>
      </symbol>
      <symbol id="sm-e4">
         <name>accXout_H</name>
         <value>0x20000238</value>
      </symbol>
      <symbol id="sm-e5">
         <name>accXout</name>
         <value>0x20000234</value>
      </symbol>
      <symbol id="sm-e6">
         <name>accYout_L</name>
         <value>0x20000248</value>
      </symbol>
      <symbol id="sm-e7">
         <name>accYout_H</name>
         <value>0x20000244</value>
      </symbol>
      <symbol id="sm-e8">
         <name>accYout</name>
         <value>0x20000240</value>
      </symbol>
      <symbol id="sm-e9">
         <name>accZout_L</name>
         <value>0x20000254</value>
      </symbol>
      <symbol id="sm-ea">
         <name>accZout_H</name>
         <value>0x20000250</value>
      </symbol>
      <symbol id="sm-eb">
         <name>accZout</name>
         <value>0x2000024c</value>
      </symbol>
      <symbol id="sm-ec">
         <name>gyroXout_L</name>
         <value>0x20000260</value>
      </symbol>
      <symbol id="sm-ed">
         <name>gyroXout_H</name>
         <value>0x2000025c</value>
      </symbol>
      <symbol id="sm-ee">
         <name>gyroXout</name>
         <value>0x20000258</value>
      </symbol>
      <symbol id="sm-ef">
         <name>gyroYout_L</name>
         <value>0x2000026c</value>
      </symbol>
      <symbol id="sm-f0">
         <name>gyroYout_H</name>
         <value>0x20000268</value>
      </symbol>
      <symbol id="sm-f1">
         <name>gyroYout</name>
         <value>0x20000264</value>
      </symbol>
      <symbol id="sm-f2">
         <name>gyroZout_L</name>
         <value>0x20000278</value>
      </symbol>
      <symbol id="sm-f3">
         <name>gyroZout_H</name>
         <value>0x20000274</value>
      </symbol>
      <symbol id="sm-f4">
         <name>gyroZout</name>
         <value>0x20000270</value>
      </symbol>
      <symbol id="sm-f5">
         <name>Acc</name>
         <value>0x20000200</value>
      </symbol>
      <symbol id="sm-f6">
         <name>Gyro</name>
         <value>0x2000020c</value>
      </symbol>
      <symbol id="sm-f7">
         <name>roll</name>
         <value>0x20000280</value>
      </symbol>
      <symbol id="sm-f8">
         <name>pitch</name>
         <value>0x2000027c</value>
      </symbol>
      <symbol id="sm-f9">
         <name>p</name>
         <value>0x20000218</value>
      </symbol>
      <symbol id="sm-fa">
         <name>r</name>
         <value>0x20000220</value>
      </symbol>
      <symbol id="sm-fb">
         <name>y</name>
         <value>0x20000228</value>
      </symbol>
      <symbol id="sm-fc">
         <name>readI2C</name>
         <value>0x3d49</value>
         <object_component_ref idref="oc-1ce"/>
      </symbol>
      <symbol id="sm-fd">
         <name>readMPU</name>
         <value>0x2be1</value>
         <object_component_ref idref="oc-11a"/>
      </symbol>
      <symbol id="sm-fe">
         <name>main</name>
         <value>0x34bd</value>
         <object_component_ref idref="oc-b0"/>
      </symbol>
      <symbol id="sm-ff">
         <name>initI2C</name>
         <value>0x3b45</value>
         <object_component_ref idref="oc-108"/>
      </symbol>
      <symbol id="sm-100">
         <name>getAngle</name>
         <value>0x39b1</value>
         <object_component_ref idref="oc-121"/>
      </symbol>
      <symbol id="sm-101">
         <name>initMPU6050</name>
         <value>0x3da1</value>
         <object_component_ref idref="oc-10e"/>
      </symbol>
      <symbol id="sm-102">
         <name>ComplementaryFilter</name>
         <value>0x2d69</value>
         <object_component_ref idref="oc-127"/>
      </symbol>
      <symbol id="sm-103">
         <name>MPUtestConnection</name>
         <value>0x3c89</value>
         <object_component_ref idref="oc-114"/>
      </symbol>
      <symbol id="sm-104">
         <name>writeI2C</name>
         <value>0x3e41</value>
         <object_component_ref idref="oc-1c1"/>
      </symbol>
      <symbol id="sm-13a">
         <name>ResetISR</name>
         <value>0x417b</value>
         <object_component_ref idref="oc-27"/>
      </symbol>
      <symbol id="sm-13b">
         <name>g_pfnVectors</name>
         <value>0x0</value>
         <object_component_ref idref="oc-12"/>
      </symbol>
      <symbol id="sm-1a9">
         <name>UARTStdioConfig</name>
         <value>0x3ce9</value>
         <object_component_ref idref="oc-fc"/>
      </symbol>
      <symbol id="sm-1aa">
         <name>UARTwrite</name>
         <value>0x3ed5</value>
         <object_component_ref idref="oc-2cd"/>
      </symbol>
      <symbol id="sm-1ab">
         <name>UARTprintf</name>
         <value>0x40a1</value>
         <object_component_ref idref="oc-12d"/>
      </symbol>
      <symbol id="sm-1ac">
         <name>UARTvprintf</name>
         <value>0x283d</value>
         <object_component_ref idref="oc-21d"/>
      </symbol>
      <symbol id="sm-242">
         <name>pow</name>
         <value>0xe6d</value>
         <object_component_ref idref="oc-207"/>
      </symbol>
      <symbol id="sm-243">
         <name>powl</name>
         <value>0xe6d</value>
         <object_component_ref idref="oc-207"/>
      </symbol>
      <symbol id="sm-265">
         <name>sqrtl</name>
         <value>0x2edd</value>
         <object_component_ref idref="oc-2a3"/>
      </symbol>
      <symbol id="sm-266">
         <name>sqrt</name>
         <value>0x2edd</value>
         <object_component_ref idref="oc-2a3"/>
      </symbol>
      <symbol id="sm-28d">
         <name>scalbn</name>
         <value>0x33ad</value>
         <object_component_ref idref="oc-2bc"/>
      </symbol>
      <symbol id="sm-28e">
         <name>scalbnl</name>
         <value>0x33ad</value>
         <object_component_ref idref="oc-2bc"/>
      </symbol>
      <symbol id="sm-28f">
         <name>ldexpl</name>
         <value>0x33ad</value>
         <object_component_ref idref="oc-2bc"/>
      </symbol>
      <symbol id="sm-290">
         <name>ldexp</name>
         <value>0x33ad</value>
         <object_component_ref idref="oc-2bc"/>
      </symbol>
      <symbol id="sm-2a7">
         <name>__aeabi_dsub</name>
         <value>0x2a2b</value>
         <object_component_ref idref="oc-299"/>
      </symbol>
      <symbol id="sm-2a8">
         <name>__aeabi_dadd</name>
         <value>0x2a35</value>
         <object_component_ref idref="oc-299"/>
      </symbol>
      <symbol id="sm-2ca">
         <name>__aeabi_cdcmpeq</name>
         <value>0x3a39</value>
         <object_component_ref idref="oc-2b2"/>
      </symbol>
      <symbol id="sm-2cb">
         <name>__aeabi_cdcmple</name>
         <value>0x3a39</value>
         <object_component_ref idref="oc-2b2"/>
      </symbol>
      <symbol id="sm-2cc">
         <name>__aeabi_cdrcmple</name>
         <value>0x3abf</value>
         <object_component_ref idref="oc-2b7"/>
      </symbol>
      <symbol id="sm-2e0">
         <name>__aeabi_ddiv</name>
         <value>0x3035</value>
         <object_component_ref idref="oc-29e"/>
      </symbol>
      <symbol id="sm-2eb">
         <name>__aeabi_dmul</name>
         <value>0x35c1</value>
         <object_component_ref idref="oc-217"/>
      </symbol>
      <symbol id="sm-2f5">
         <name>__aeabi_i2d</name>
         <value>0x4009</value>
         <object_component_ref idref="oc-212"/>
      </symbol>
      <symbol id="sm-304">
         <name>__aeabi_uidivmod</name>
         <value>0x3f61</value>
         <object_component_ref idref="oc-2d3"/>
      </symbol>
      <symbol id="sm-305">
         <name>__aeabi_uidiv</name>
         <value>0x3f61</value>
         <object_component_ref idref="oc-2d3"/>
      </symbol>
      <symbol id="sm-31e">
         <name>__TI_zero_init_nomemset</name>
         <value>0x4085</value>
         <object_component_ref idref="oc-59"/>
      </symbol>
      <symbol id="sm-335">
         <name>__TI_decompress_none</name>
         <value>0x4145</value>
         <object_component_ref idref="oc-1b"/>
      </symbol>
      <symbol id="sm-358">
         <name>__TI_decompress_lzss</name>
         <value>0x3c21</value>
         <object_component_ref idref="oc-15"/>
      </symbol>
      <symbol id="sm-36b">
         <name>__stack</name>
         <value>0x20000000</value>
         <object_component_ref idref="oc-24"/>
      </symbol>
      <symbol id="sm-36c">
         <name>_c_int00_noargs</name>
         <value>0x3fd5</value>
         <object_component_ref idref="oc-6b"/>
      </symbol>
      <symbol id="sm-382">
         <name>__aeabi_errno_addr</name>
         <value>0x416d</value>
         <object_component_ref idref="oc-2a9"/>
      </symbol>
      <symbol id="sm-383">
         <name>errno</name>
         <value>0x2000028c</value>
         <object_component_ref idref="oc-308"/>
      </symbol>
      <symbol id="sm-38d">
         <name>copysign</name>
         <value>0x40bb</value>
         <object_component_ref idref="oc-311"/>
      </symbol>
      <symbol id="sm-38e">
         <name>copysignl</name>
         <value>0x40bb</value>
         <object_component_ref idref="oc-311"/>
      </symbol>
      <symbol id="sm-398">
         <name>__aeabi_idiv0</name>
         <value>0x41a7</value>
         <object_component_ref idref="oc-326"/>
      </symbol>
      <symbol id="sm-399">
         <name>__aeabi_ldiv0</name>
         <value>0x41a7</value>
         <object_component_ref idref="oc-326"/>
      </symbol>
      <symbol id="sm-3b4">
         <name>memcpy</name>
         <value>0x3885</value>
         <object_component_ref idref="oc-4d"/>
      </symbol>
      <symbol id="sm-3b5">
         <name>__aeabi_memcpy</name>
         <value>0x3885</value>
         <object_component_ref idref="oc-4d"/>
      </symbol>
      <symbol id="sm-3b6">
         <name>__aeabi_memcpy8</name>
         <value>0x3885</value>
         <object_component_ref idref="oc-4d"/>
      </symbol>
      <symbol id="sm-3b7">
         <name>__aeabi_memcpy4</name>
         <value>0x3885</value>
         <object_component_ref idref="oc-4d"/>
      </symbol>
      <symbol id="sm-3e0">
         <name>__TI_auto_init_nobinit_nopinit</name>
         <value>0x3f1d</value>
         <object_component_ref idref="oc-144"/>
      </symbol>
      <symbol id="sm-3ea">
         <name>_system_pre_init</name>
         <value>0x4199</value>
         <object_component_ref idref="oc-aa"/>
      </symbol>
      <symbol id="sm-3f6">
         <name>C$$EXIT</name>
         <value>0x419d</value>
         <object_component_ref idref="oc-138"/>
      </symbol>
      <symbol id="sm-3f7">
         <name>abort</name>
         <value>0x419d</value>
         <object_component_ref idref="oc-138"/>
      </symbol>
      <symbol id="sm-408">
         <name>_IQ16atan2</name>
         <value>0x37b1</value>
         <object_component_ref idref="oc-1ff"/>
      </symbol>
      <symbol id="sm-413">
         <name>_IQ16div</name>
         <value>0x3921</value>
         <object_component_ref idref="oc-1fa"/>
      </symbol>
      <symbol id="sm-41c">
         <name>_IQ16mpy</name>
         <value>0x4135</value>
         <object_component_ref idref="oc-1f0"/>
      </symbol>
      <symbol id="sm-429">
         <name>_IQ16sqrt</name>
         <value>0x3bb5</value>
         <object_component_ref idref="oc-1f5"/>
      </symbol>
      <symbol id="sm-433">
         <name>_IQ16toF</name>
         <value>0x4061</value>
         <object_component_ref idref="oc-20d"/>
      </symbol>
      <symbol id="sm-43b">
         <name>atan2PU_table</name>
         <value>0x26c</value>
         <object_component_ref idref="oc-297"/>
      </symbol>
      <symbol id="sm-43c">
         <name>div_table</name>
         <value>0x183c</value>
         <object_component_ref idref="oc-296"/>
      </symbol>
      <symbol id="sm-43d">
         <name>isqrt_table</name>
         <value>0x203c</value>
         <object_component_ref idref="oc-293"/>
      </symbol>
      <symbol id="sm-49c">
         <name>GPIOPinConfigure</name>
         <value>0x3e8d</value>
         <object_component_ref idref="oc-ea"/>
      </symbol>
      <symbol id="sm-49d">
         <name>GPIOPinTypeI2CSCL</name>
         <value>0x4111</value>
         <object_component_ref idref="oc-1a8"/>
      </symbol>
      <symbol id="sm-49e">
         <name>GPIOPinTypeI2C</name>
         <value>0x40ff</value>
         <object_component_ref idref="oc-1ae"/>
      </symbol>
      <symbol id="sm-49f">
         <name>GPIOPinTypeGPIOInput</name>
         <value>0x40ed</value>
         <object_component_ref idref="oc-1c7"/>
      </symbol>
      <symbol id="sm-4a0">
         <name>GPIOPinTypeUART</name>
         <value>0x4123</value>
         <object_component_ref idref="oc-f0"/>
      </symbol>
      <symbol id="sm-4a1">
         <name>GPIOPinTypeGPIOOutput</name>
         <value>0x40d5</value>
         <object_component_ref idref="oc-102"/>
      </symbol>
      <symbol id="sm-4a2">
         <name>GPIODirModeSet</name>
         <value>0x4037</value>
         <object_component_ref idref="oc-18a"/>
      </symbol>
      <symbol id="sm-4a3">
         <name>GPIOPinWrite</name>
         <value>0x4175</value>
         <object_component_ref idref="oc-1d4"/>
      </symbol>
      <symbol id="sm-4a4">
         <name>GPIOPadConfigSet</name>
         <value>0x316b</value>
         <object_component_ref idref="oc-190"/>
      </symbol>
      <symbol id="sm-4e5">
         <name>I2CMasterDataPut</name>
         <value>0x4195</value>
         <object_component_ref idref="oc-276"/>
      </symbol>
      <symbol id="sm-4e6">
         <name>I2CMasterInitExpClk</name>
         <value>0x3df5</value>
         <object_component_ref idref="oc-1ba"/>
      </symbol>
      <symbol id="sm-4e7">
         <name>I2CMasterSlaveAddrSet</name>
         <value>0x4165</value>
         <object_component_ref idref="oc-270"/>
      </symbol>
      <symbol id="sm-4e8">
         <name>I2CMasterDataGet</name>
         <value>0x4191</value>
         <object_component_ref idref="oc-28a"/>
      </symbol>
      <symbol id="sm-4e9">
         <name>I2CMasterControl</name>
         <value>0x418d</value>
         <object_component_ref idref="oc-27c"/>
      </symbol>
      <symbol id="sm-4ea">
         <name>I2CMasterBusy</name>
         <value>0x415d</value>
         <object_component_ref idref="oc-282"/>
      </symbol>
      <symbol id="sm-4eb">
         <name>I2CMasterEnable</name>
         <value>0x4153</value>
         <object_component_ref idref="oc-268"/>
      </symbol>
      <symbol id="sm-53e">
         <name>SysCtlClockSet</name>
         <value>0x36bd</value>
         <object_component_ref idref="oc-de"/>
      </symbol>
      <symbol id="sm-53f">
         <name>SysCtlDelay</name>
         <value>0x4181</value>
         <object_component_ref idref="oc-120"/>
      </symbol>
      <symbol id="sm-540">
         <name>SysCtlPeripheralEnable</name>
         <value>0x3fa1</value>
         <object_component_ref idref="oc-e4"/>
      </symbol>
      <symbol id="sm-541">
         <name>SysCtlClockGet</name>
         <value>0x329d</value>
         <object_component_ref idref="oc-1b4"/>
      </symbol>
      <symbol id="sm-54e">
         <name>UARTClockSourceSet</name>
         <value>0x4187</value>
         <object_component_ref idref="oc-f6"/>
      </symbol>
      <symbol id="sm-550">
         <name>__TI_static_base__</name>
         <value>0x0</value>
      </symbol>
      <symbol id="sm-553">
         <name>__mpu_init</name>
         <value>0x0</value>
      </symbol>
      <symbol id="sm-554">
         <name>_system_post_cinit</name>
         <value>0x0</value>
      </symbol>
   </symbol_table>
   <title>Link successful</title>
</link_info>
