******************************************************************************
                  TI ARM Linker PC v20.2.7                     
******************************************************************************
>> Linked Sat Oct 29 22:28:01 2022

OUTPUT FILE NAME:   <Assignment_2.out>
ENTRY POINT SYMBOL: "_c_int00_noargs"  address: 00003fd5


MEMORY CONFIGURATION

         name            origin    length      used     unused   attr    fill
----------------------  --------  ---------  --------  --------  ----  --------
  FLASH                 00000000   00040000  00004320  0003bce0  R  X
  SRAM                  20000000   00008000  00000290  00007d70  RW X


SEGMENT ALLOCATION MAP

run origin  load origin   length   init length attrs members
----------  ----------- ---------- ----------- ----- -------
00000000    00000000    00004320   00004320    r-x
  00000000    00000000    0000026c   0000026c    r-- .intvecs
  0000026c    0000026c    00003f3c   00003f3c    r-x .text
  000041a8    000041a8    00000148   00000148    r-- .const
  000042f0    000042f0    00000030   00000030    r-- .cinit
20000000    20000000    00000290   00000000    rw-
  20000000    20000000    00000200   00000000    rw- .stack
  20000200    20000200    00000084   00000000    rw- .bss
  20000284    20000284    0000000c   00000000    rw- .data


SECTION ALLOCATION MAP

 output                                  attributes/
section   page    origin      length       input sections
--------  ----  ----------  ----------   ----------------
.intvecs   0    00000000    0000026c     
                  00000000    0000026c     startup_ccs.obj (.intvecs)

.text      0    0000026c    00003f3c     
                  0000026c    00000c00     IQmathLib.lib : IQtables.obj (.text:atan2PU_table)
                  00000e6c    000009d0     rtsv7M4_T_le_v4SPD16_eabi.lib : e_pow.c.obj (.text:pow)
                  0000183c    00000800     IQmathLib.lib : IQtables.obj (.text:div_table)
                  0000203c    00000800                   : IQtables.obj (.text:isqrt_table)
                  0000283c    000001ee     uartstdio.obj (.text:UARTvprintf)
                  00002a2a    000001b6     rtsv7M4_T_le_v4SPD16_eabi.lib : fd_add_t2.asm.obj (.text)
                  00002be0    00000188     AS2.obj (.text:readMPU)
                  00002d68    00000174     AS2.obj (.text:ComplementaryFilter)
                  00002edc    00000158     rtsv7M4_T_le_v4SPD16_eabi.lib : e_sqrt.c.obj (.text:sqrt)
                  00003034    00000136                                   : fd_div_t2.asm.obj (.text)
                  0000316a    00000132     driverlib.lib : gpio.obj (.text:GPIOPadConfigSet)
                  0000329c    00000110                   : sysctl.obj (.text:SysCtlClockGet)
                  000033ac    00000110     rtsv7M4_T_le_v4SPD16_eabi.lib : s_scalbn.c.obj (.text:scalbn)
                  000034bc    00000104     AS2.obj (.text:main)
                  000035c0    000000fc     rtsv7M4_T_le_v4SPD16_eabi.lib : fd_mul_t2.asm.obj (.text)
                  000036bc    000000f4     driverlib.lib : sysctl.obj (.text:SysCtlClockSet)
                  000037b0    000000d4     IQmathLib.lib : IQNatan2.obj (.text:_IQ16atan2)
                  00003884    0000009c     rtsv7M4_T_le_v4SPD16_eabi.lib : memcpy_t2.asm.obj (.text)
                  00003920    00000090     IQmathLib.lib : IQNdiv.obj (.text:_IQ16div)
                  000039b0    00000088     AS2.obj (.text:getAngle)
                  00003a38    00000086     rtsv7M4_T_le_v4SPD16_eabi.lib : fd_cmp_t2.asm.obj (.text:__aeabi_cdcmple)
                  00003abe    00000086                                   : fd_cmp_t2.asm.obj (.text:__aeabi_cdrcmple)
                  00003b44    00000070     AS2.obj (.text:initI2C)
                  00003bb4    0000006c     IQmathLib.lib : IQNsqrt.obj (.text:_IQ16sqrt)
                  00003c20    00000068     rtsv7M4_T_le_v4SPD16_eabi.lib : copy_decompress_lzss.c.obj (.text:decompress:lzss:__TI_decompress_lzss)
                  00003c88    00000060     AS2.obj (.text:MPUtestConnection)
                  00003ce8    00000060     uartstdio.obj (.text:UARTStdioConfig)
                  00003d48    00000058     AS2.obj (.text:readI2C)
                  00003da0    00000054     AS2.obj (.text:initMPU6050)
                  00003df4    0000004c     driverlib.lib : i2c.obj (.text:I2CMasterInitExpClk)
                  00003e40    0000004c     AS2.obj (.text:writeI2C)
                  00003e8c    00000048     driverlib.lib : gpio.obj (.text:GPIOPinConfigure)
                  00003ed4    00000048     uartstdio.obj (.text:UARTwrite)
                  00003f1c    00000044     rtsv7M4_T_le_v4SPD16_eabi.lib : autoinit.c.obj (.text:__TI_auto_init_nobinit_nopinit:__TI_auto_init_nobinit_nopinit)
                  00003f60    00000040                                   : u_divt2.asm.obj (.text)
                  00003fa0    00000034     driverlib.lib : sysctl.obj (.text:SysCtlPeripheralEnable)
                  00003fd4    00000034     rtsv7M4_T_le_v4SPD16_eabi.lib : boot_cortex_m.c.obj (.text:_c_int00_noargs:_c_int00_noargs)
                  00004008    0000002e                                   : i_tofd_t2.asm.obj (.text)
                  00004036    0000002a     driverlib.lib : gpio.obj (.text:GPIODirModeSet)
                  00004060    00000024     IQmathLib.lib : IQNtoF.obj (.text:_IQ16toF)
                  00004084    0000001c     rtsv7M4_T_le_v4SPD16_eabi.lib : copy_zero_init.c.obj (.text:decompress:ZI:__TI_zero_init_nomemset:__TI_zero_init_nomemset)
                  000040a0    0000001a     uartstdio.obj (.text:UARTprintf)
                  000040ba    0000001a     rtsv7M4_T_le_v4SPD16_eabi.lib : s_copysign.c.obj (.text:copysign)
                  000040d4    00000018     driverlib.lib : gpio.obj (.text:GPIOPinTypeGPIOOutput)
                  000040ec    00000012                   : gpio.obj (.text:GPIOPinTypeGPIOInput)
                  000040fe    00000012                   : gpio.obj (.text:GPIOPinTypeI2C)
                  00004110    00000012                   : gpio.obj (.text:GPIOPinTypeI2CSCL)
                  00004122    00000012                   : gpio.obj (.text:GPIOPinTypeUART)
                  00004134    00000010     IQmathLib.lib : IQNmpy.obj (.text:_IQ16mpy)
                  00004144    0000000e     rtsv7M4_T_le_v4SPD16_eabi.lib : copy_decompress_none.c.obj (.text:decompress:none:__TI_decompress_none)
                  00004152    0000000a     driverlib.lib : i2c.obj (.text:I2CMasterEnable)
                  0000415c    00000008                   : i2c.obj (.text:I2CMasterBusy)
                  00004164    00000008                   : i2c.obj (.text:I2CMasterSlaveAddrSet)
                  0000416c    00000008     rtsv7M4_T_le_v4SPD16_eabi.lib : errno.c.obj (.text:__aeabi_errno_addr)
                  00004174    00000006     driverlib.lib : gpio.obj (.text:GPIOPinWrite)
                  0000417a    00000006     startup_ccs.obj (.text:ResetISR)
                  00004180    00000006     driverlib.lib : sysctl.obj (.text:SysCtlDelay)
                  00004186    00000006                   : uart.obj (.text:UARTClockSourceSet)
                  0000418c    00000004                   : i2c.obj (.text:I2CMasterControl)
                  00004190    00000004                   : i2c.obj (.text:I2CMasterDataGet)
                  00004194    00000004                   : i2c.obj (.text:I2CMasterDataPut)
                  00004198    00000004     rtsv7M4_T_le_v4SPD16_eabi.lib : pre_init.c.obj (.text:_system_pre_init)
                  0000419c    00000004                                   : exit.c.obj (.text:abort:abort)
                  000041a0    00000002     startup_ccs.obj (.text:FaultISR)
                  000041a2    00000002     startup_ccs.obj (.text:IntDefaultHandler)
                  000041a4    00000002     startup_ccs.obj (.text:NmiSR)
                  000041a6    00000002     rtsv7M4_T_le_v4SPD16_eabi.lib : div0.asm.obj (.text)

.const     0    000041a8    00000148     
                  000041a8    00000090     driverlib.lib : gpio.obj (.const:g_pui32GPIOBaseAddrs)
                  00004238    0000006c                   : sysctl.obj (.const:g_pui32Xtals)
                  000042a4    00000004     --HOLE-- [fill = 0]
                  000042a8    00000030     rtsv7M4_T_le_v4SPD16_eabi.lib : e_pow.c.obj (.const:$O1$$)
                  000042d8    0000000c     uartstdio.obj (.const:g_ui32UARTBase)
                  000042e4    0000000c     uartstdio.obj (.const:g_ui32UARTPeriph)

.cinit     0    000042f0    00000030     
                  000042f0    0000000c     (__TI_handler_table)
                  000042fc    00000004     --HOLE-- [fill = 0]
                  00004300    00000008     (.cinit..bss.load) [load image, compression = zero_init]
                  00004308    00000007     (.cinit..data.load) [load image, compression = lzss]
                  0000430f    00000001     --HOLE-- [fill = 0]
                  00004310    00000010     (__TI_cinit_table)

.init_array 
*          0    00000000    00000000     UNINITIALIZED

.bss       0    20000200    00000084     UNINITIALIZED
                  20000200    0000000c     (.common:Acc)
                  2000020c    0000000c     (.common:Gyro)
                  20000218    00000008     (.common:p)
                  20000220    00000008     (.common:r)
                  20000228    00000008     (.common:y)
                  20000230    00000004     (.common:WhoAmI)
                  20000234    00000004     (.common:accXout)
                  20000238    00000004     (.common:accXout_H)
                  2000023c    00000004     (.common:accXout_L)
                  20000240    00000004     (.common:accYout)
                  20000244    00000004     (.common:accYout_H)
                  20000248    00000004     (.common:accYout_L)
                  2000024c    00000004     (.common:accZout)
                  20000250    00000004     (.common:accZout_H)
                  20000254    00000004     (.common:accZout_L)
                  20000258    00000004     (.common:gyroXout)
                  2000025c    00000004     (.common:gyroXout_H)
                  20000260    00000004     (.common:gyroXout_L)
                  20000264    00000004     (.common:gyroYout)
                  20000268    00000004     (.common:gyroYout_H)
                  2000026c    00000004     (.common:gyroYout_L)
                  20000270    00000004     (.common:gyroZout)
                  20000274    00000004     (.common:gyroZout_H)
                  20000278    00000004     (.common:gyroZout_L)
                  2000027c    00000004     (.common:pitch)
                  20000280    00000004     (.common:roll)

.data      0    20000284    0000000c     UNINITIALIZED
                  20000284    00000005     uartstdio.obj (.data)
                  20000289    00000003     --HOLE--
                  2000028c    00000004     rtsv7M4_T_le_v4SPD16_eabi.lib : errno.c.obj (.data)

.stack     0    20000000    00000200     UNINITIALIZED
                  20000000    00000004     rtsv7M4_T_le_v4SPD16_eabi.lib : boot_cortex_m.c.obj (.stack)
                  20000004    000001fc     --HOLE--

__llvm_prf_cnts 
*          0    20000000    00000000     UNINITIALIZED

MODULE SUMMARY

       Module                       code   ro data   rw data
       ------                       ----   -------   -------
    .\
       AS2.obj                      1616   0         132    
       uartstdio.obj                688    24        5      
       startup_ccs.obj              12     620       0      
    +--+----------------------------+------+---------+---------+
       Total:                       2316   644       137    
                                                            
    C:/ti/tivaware_c_series_2_1_4_178/IQmath/ccs/IQmathLib/Debug/IQmathLib.lib
       IQtables.obj                 0      7168      0      
       IQNatan2.obj                 212    0         0      
       IQNdiv.obj                   144    0         0      
       IQNsqrt.obj                  108    0         0      
       IQNtoF.obj                   36     0         0      
       IQNmpy.obj                   16     0         0      
    +--+----------------------------+------+---------+---------+
       Total:                       516    7168      0      
                                                            
    C:/ti/tivaware_c_series_2_1_4_178/driverlib/ccs/Debug/driverlib.lib
       sysctl.obj                   574    108       0      
       gpio.obj                     522    144       0      
       i2c.obj                      114    0         0      
       uart.obj                     6      0         0      
    +--+----------------------------+------+---------+---------+
       Total:                       1216   252       0      
                                                            
    C:\ti\ccs1210\ccs\tools\compiler\ti-cgt-arm_20.2.7.LTS\lib\rtsv7M4_T_le_v4SPD16_eabi.lib
       e_pow.c.obj                  2512   48        0      
       fd_add_t2.asm.obj            438    0         0      
       e_sqrt.c.obj                 344    0         0      
       fd_div_t2.asm.obj            310    0         0      
       s_scalbn.c.obj               272    0         0      
       fd_cmp_t2.asm.obj            268    0         0      
       fd_mul_t2.asm.obj            252    0         0      
       memcpy_t2.asm.obj            156    0         0      
       copy_decompress_lzss.c.obj   104    0         0      
       autoinit.c.obj               68     0         0      
       u_divt2.asm.obj              64     0         0      
       boot_cortex_m.c.obj          52     0         0      
       i_tofd_t2.asm.obj            46     0         0      
       copy_zero_init.c.obj         28     0         0      
       s_copysign.c.obj             26     0         0      
       copy_decompress_none.c.obj   14     0         0      
       errno.c.obj                  8      0         4      
       exit.c.obj                   4      0         0      
       pre_init.c.obj               4      0         0      
       div0.asm.obj                 2      0         0      
    +--+----------------------------+------+---------+---------+
       Total:                       4972   48        4      
                                                            
       Stack:                       0      0         512    
       Linker Generated:            0      43        0      
    +--+----------------------------+------+---------+---------+
       Grand Total:                 9020   8155      653    


LINKER GENERATED COPY TABLES

__TI_cinit_table @ 00004310 records: 2, size/record: 8, table size: 16
	.bss: load addr=00004300, load size=00000008 bytes, run addr=20000200, run size=00000084 bytes, compression=zero_init
	.data: load addr=00004308, load size=00000007 bytes, run addr=20000284, run size=0000000c bytes, compression=lzss


LINKER GENERATED HANDLER TABLE

__TI_handler_table @ 000042f0 records: 3, size/record: 4, table size: 12
	index: 0, handler: __TI_decompress_lzss
	index: 1, handler: __TI_decompress_none
	index: 2, handler: __TI_zero_init


GLOBAL SYMBOLS: SORTED ALPHABETICALLY BY Name 

address   name                          
-------   ----                          
20000200  Acc                           
0000419d  C$$EXIT                       
00002d69  ComplementaryFilter           
00004037  GPIODirModeSet                
0000316b  GPIOPadConfigSet              
00003e8d  GPIOPinConfigure              
000040ed  GPIOPinTypeGPIOInput          
000040d5  GPIOPinTypeGPIOOutput         
000040ff  GPIOPinTypeI2C                
00004111  GPIOPinTypeI2CSCL             
00004123  GPIOPinTypeUART               
00004175  GPIOPinWrite                  
2000020c  Gyro                          
0000415d  I2CMasterBusy                 
0000418d  I2CMasterControl              
00004191  I2CMasterDataGet              
00004195  I2CMasterDataPut              
00004153  I2CMasterEnable               
00003df5  I2CMasterInitExpClk           
00004165  I2CMasterSlaveAddrSet         
00003c89  MPUtestConnection             
0000417b  ResetISR                      
0000329d  SysCtlClockGet                
000036bd  SysCtlClockSet                
00004181  SysCtlDelay                   
00003fa1  SysCtlPeripheralEnable        
00004187  UARTClockSourceSet            
00003ce9  UARTStdioConfig               
000040a1  UARTprintf                    
0000283d  UARTvprintf                   
00003ed5  UARTwrite                     
20000230  WhoAmI                        
000037b1  _IQ16atan2                    
00003921  _IQ16div                      
00004135  _IQ16mpy                      
00003bb5  _IQ16sqrt                     
00004061  _IQ16toF                      
20000200  __STACK_END                   
00000200  __STACK_SIZE                  
20000200  __STACK_TOP                   
00004310  __TI_CINIT_Base               
00004320  __TI_CINIT_Limit              
000042f0  __TI_Handler_Table_Base       
000042fc  __TI_Handler_Table_Limit      
00003f1d  __TI_auto_init_nobinit_nopinit
00003c21  __TI_decompress_lzss          
00004145  __TI_decompress_none          
ffffffff  __TI_pprof_out_hndl           
ffffffff  __TI_prof_data_size           
ffffffff  __TI_prof_data_start          
00000000  __TI_static_base__            
00004085  __TI_zero_init_nomemset       
00003a39  __aeabi_cdcmpeq               
00003a39  __aeabi_cdcmple               
00003abf  __aeabi_cdrcmple              
00002a35  __aeabi_dadd                  
00003035  __aeabi_ddiv                  
000035c1  __aeabi_dmul                  
00002a2b  __aeabi_dsub                  
0000416d  __aeabi_errno_addr            
00004009  __aeabi_i2d                   
000041a7  __aeabi_idiv0                 
000041a7  __aeabi_ldiv0                 
00003885  __aeabi_memcpy                
00003885  __aeabi_memcpy4               
00003885  __aeabi_memcpy8               
00003f61  __aeabi_uidiv                 
00003f61  __aeabi_uidivmod              
ffffffff  __binit__                     
ffffffff  __c_args__                    
UNDEFED   __mpu_init                    
20000000  __stack                       
20000000  __start___llvm_prf_cnts       
20000000  __stop___llvm_prf_cnts        
00003fd5  _c_int00_noargs               
UNDEFED   _system_post_cinit            
00004199  _system_pre_init              
0000419d  abort                         
20000234  accXout                       
20000238  accXout_H                     
2000023c  accXout_L                     
20000240  accYout                       
20000244  accYout_H                     
20000248  accYout_L                     
2000024c  accZout                       
20000250  accZout_H                     
20000254  accZout_L                     
0000026c  atan2PU_table                 
ffffffff  binit                         
000040bb  copysign                      
000040bb  copysignl                     
0000183c  div_table                     
2000028c  errno                         
00000000  g_pfnVectors                  
000039b1  getAngle                      
20000258  gyroXout                      
2000025c  gyroXout_H                    
20000260  gyroXout_L                    
20000264  gyroYout                      
20000268  gyroYout_H                    
2000026c  gyroYout_L                    
20000270  gyroZout                      
20000274  gyroZout_H                    
20000278  gyroZout_L                    
00003b45  initI2C                       
00003da1  initMPU6050                   
0000203c  isqrt_table                   
000033ad  ldexp                         
000033ad  ldexpl                        
000034bd  main                          
00003885  memcpy                        
20000218  p                             
2000027c  pitch                         
00000e6d  pow                           
00000e6d  powl                          
20000220  r                             
00003d49  readI2C                       
00002be1  readMPU                       
20000280  roll                          
000033ad  scalbn                        
000033ad  scalbnl                       
00002edd  sqrt                          
00002edd  sqrtl                         
00003e41  writeI2C                      
20000228  y                             


GLOBAL SYMBOLS: SORTED BY Symbol Address 

address   name                          
-------   ----                          
00000000  __TI_static_base__            
00000000  g_pfnVectors                  
00000200  __STACK_SIZE                  
0000026c  atan2PU_table                 
00000e6d  pow                           
00000e6d  powl                          
0000183c  div_table                     
0000203c  isqrt_table                   
0000283d  UARTvprintf                   
00002a2b  __aeabi_dsub                  
00002a35  __aeabi_dadd                  
00002be1  readMPU                       
00002d69  ComplementaryFilter           
00002edd  sqrt                          
00002edd  sqrtl                         
00003035  __aeabi_ddiv                  
0000316b  GPIOPadConfigSet              
0000329d  SysCtlClockGet                
000033ad  ldexp                         
000033ad  ldexpl                        
000033ad  scalbn                        
000033ad  scalbnl                       
000034bd  main                          
000035c1  __aeabi_dmul                  
000036bd  SysCtlClockSet                
000037b1  _IQ16atan2                    
00003885  __aeabi_memcpy                
00003885  __aeabi_memcpy4               
00003885  __aeabi_memcpy8               
00003885  memcpy                        
00003921  _IQ16div                      
000039b1  getAngle                      
00003a39  __aeabi_cdcmpeq               
00003a39  __aeabi_cdcmple               
00003abf  __aeabi_cdrcmple              
00003b45  initI2C                       
00003bb5  _IQ16sqrt                     
00003c21  __TI_decompress_lzss          
00003c89  MPUtestConnection             
00003ce9  UARTStdioConfig               
00003d49  readI2C                       
00003da1  initMPU6050                   
00003df5  I2CMasterInitExpClk           
00003e41  writeI2C                      
00003e8d  GPIOPinConfigure              
00003ed5  UARTwrite                     
00003f1d  __TI_auto_init_nobinit_nopinit
00003f61  __aeabi_uidiv                 
00003f61  __aeabi_uidivmod              
00003fa1  SysCtlPeripheralEnable        
00003fd5  _c_int00_noargs               
00004009  __aeabi_i2d                   
00004037  GPIODirModeSet                
00004061  _IQ16toF                      
00004085  __TI_zero_init_nomemset       
000040a1  UARTprintf                    
000040bb  copysign                      
000040bb  copysignl                     
000040d5  GPIOPinTypeGPIOOutput         
000040ed  GPIOPinTypeGPIOInput          
000040ff  GPIOPinTypeI2C                
00004111  GPIOPinTypeI2CSCL             
00004123  GPIOPinTypeUART               
00004135  _IQ16mpy                      
00004145  __TI_decompress_none          
00004153  I2CMasterEnable               
0000415d  I2CMasterBusy                 
00004165  I2CMasterSlaveAddrSet         
0000416d  __aeabi_errno_addr            
00004175  GPIOPinWrite                  
0000417b  ResetISR                      
00004181  SysCtlDelay                   
00004187  UARTClockSourceSet            
0000418d  I2CMasterControl              
00004191  I2CMasterDataGet              
00004195  I2CMasterDataPut              
00004199  _system_pre_init              
0000419d  C$$EXIT                       
0000419d  abort                         
000041a7  __aeabi_idiv0                 
000041a7  __aeabi_ldiv0                 
000042f0  __TI_Handler_Table_Base       
000042fc  __TI_Handler_Table_Limit      
00004310  __TI_CINIT_Base               
00004320  __TI_CINIT_Limit              
20000000  __stack                       
20000000  __start___llvm_prf_cnts       
20000000  __stop___llvm_prf_cnts        
20000200  Acc                           
20000200  __STACK_END                   
20000200  __STACK_TOP                   
2000020c  Gyro                          
20000218  p                             
20000220  r                             
20000228  y                             
20000230  WhoAmI                        
20000234  accXout                       
20000238  accXout_H                     
2000023c  accXout_L                     
20000240  accYout                       
20000244  accYout_H                     
20000248  accYout_L                     
2000024c  accZout                       
20000250  accZout_H                     
20000254  accZout_L                     
20000258  gyroXout                      
2000025c  gyroXout_H                    
20000260  gyroXout_L                    
20000264  gyroYout                      
20000268  gyroYout_H                    
2000026c  gyroYout_L                    
20000270  gyroZout                      
20000274  gyroZout_H                    
20000278  gyroZout_L                    
2000027c  pitch                         
20000280  roll                          
2000028c  errno                         
ffffffff  __TI_pprof_out_hndl           
ffffffff  __TI_prof_data_size           
ffffffff  __TI_prof_data_start          
ffffffff  __binit__                     
ffffffff  __c_args__                    
ffffffff  binit                         
UNDEFED   __mpu_init                    
UNDEFED   _system_post_cinit            

[125 symbols]
