******************************************************************************
                  TI ARM Linker PC v20.2.7                     
******************************************************************************
>> Linked Sun Nov 27 20:35:24 2022

OUTPUT FILE NAME:   <Assignment4_CC1352R1_LAUNCHXL_tirtos_ccs.out>
ENTRY POINT SYMBOL: "ResetISR"  address: 00002935


MEMORY CONFIGURATION

         name            origin    length      used     unused   attr    fill
----------------------  --------  ---------  --------  --------  ----  --------
  FLASH                 00000000   00058000  00004ccd  00053333  R  X
  GPRAM                 11000000   00002000  00000000  00002000  RW X
  SRAM                  20000000   00014000  00005f7c  0000e084  RW X
  LOG_DATA              90000000   00040000  00000000  00040000  R   


SEGMENT ALLOCATION MAP

run origin  load origin   length   init length attrs members
----------  ----------- ---------- ----------- ----- -------
00000000    00000000    00004c78   00004c78    r-x
  00000000    00000000    0000003c   0000003c    r-- .resetVecs
  0000003c    0000003c    00004334   00004334    r-x .text
  00004370    00004370    00000725   00000725    r-- .const
  00004a98    00004a98    000001e0   000001e0    r-- .cinit
00057fa8    00057fa8    00000058   00000058    r--
  00057fa8    00057fa8    00000058   00000058    r-- .ccfg
20000100    20000100    0000000c   00000000    rw-
  20000100    20000100    00000004   00000000    rw- .data:xdcRomConstPtr
  20000104    20000104    00000004   00000000    rw- .data:xdcRomExternFuncPtr
  20000108    20000108    00000004   00000000    rw- .data:xdcRomStatePtr
20000110    20000110    00004000   00000000    r--
  20000110    20000110    00004000   00000000    r-- .priheap
20004110    20004110    00001a98   00000000    rw-
  20004110    20004110    00000e00   00000000    rw- .bss
  20004f10    20004f10    00000c98   00000000    rw- .data
20013c00    20013c00    00000400   00000000    rw-
  20013c00    20013c00    00000400   00000000    rw- .stack


SECTION ALLOCATION MAP

 output                                  attributes/
section   page    origin      length       input sections
--------  ----  ----------  ----------   ----------------
.binit     0    00000000    00000000     

.cinit     0    00004a98    000001e0     
                  00004a98    00000185     (.cinit..data.load) [load image, compression = lzss]
                  00004c1d    00000003     --HOLE-- [fill = 0]
                  00004c20    0000000c     (__TI_handler_table)
                  00004c2c    00000004     --HOLE-- [fill = 0]
                  00004c30    00000008     (.cinit..bss.load) [load image, compression = zero_init]
                  00004c38    00000008     (.cinit..data:xdcRomConstPtr.load) [load image, compression = lzss]
                  00004c40    00000008     (.cinit..data:xdcRomExternFuncPtr.load) [load image, compression = lzss]
                  00004c48    00000008     (.cinit..data:xdcRomStatePtr.load) [load image, compression = lzss]
                  00004c50    00000028     (__TI_cinit_table)

.init_array 
*          0    00000000    00000000     UNINITIALIZED

.ccfg      0    00057fa8    00000058     
                  00057fa8    00000058     ti_devices_config.obj (.ccfg:retain)

.bss       0    20004110    00000e00     UNINITIALIZED
                  20004110    00000400     ti_drivers_config.obj (.bss:displayUARTBuffer)
                  20004510    00000200     AS4_pem4f.oem4f (.bss:taskStackSection)
                  20004710    00000200     (.common:xdc_runtime_SysMin_Module_State_0_outbuf__A)
                  20004910    000001ac     (.common:uartCC26XXObjects)
                  20004abc    00000120     rtsv7M4_T_le_v4SPD16_eabi.lib : trgmsg.c.obj (.bss:_CIOBUF_)
                  20004bdc    000000d8     (.common:ti_sysbios_family_arm_m3_Hwi_dispatchTable)
                  20004cb4    00000098     (.common:gptimerCC26XXObjects)
                  20004d4c    0000007c     (.common:gpioCallbackFunctions)
                  20004dc8    0000007c     (.common:gpioUserArgs)
                  20004e44    00000050     drivers_cc13x2.a : ADCCC26XX.oem4f (.bss:adcSemaphore)
                  20004e94    00000020     ti_drivers_config.obj (.bss:uartCC26XXRingBuffer0)
                  20004eb4    00000020     (.common:pwmTimerCC26XXObjects)
                  20004ed4    0000001c     drivers_cc13x2.a : GPIOCC26XX.oem4f (.bss:gpioHwi)
                  20004ef0    0000000c     (.common:displayUartObject)
                  20004efc    00000008     (.common:parmbuf)
                  20004f04    00000004     (.common:PowerCC26XX_swiKey)
                  20004f08    00000004     (.common:PowerCC26XX_taskKey)
                  20004f0c    00000004     (.common:adcCC26xxObjects)

.data      0    20004f10    00000c98     UNINITIALIZED
                  20004f10    0000072c     AS4.obj (.data:$O1$$)
                  2000563c    00000170     drivers_cc13x2.a : PowerCC26X2.oem4f (.data:PowerCC26X2_module)
                  200057ac    0000010c     AS4_pem4f.oem4f (.data:ROM_stateStruct)
                  200058b8    0000007c     ti_drivers_config.obj (.data:gpioPinConfigs)
                  20005934    0000004c     AS4_pem4f.oem4f (.data:ti_sysbios_knl_Task_Object__table__V)
                  20005980    00000048     AS4_pem4f.oem4f (.data:ti_sysbios_family_arm_cc26xx_Timer_Object__table__V)
                  200059c8    00000038     AS4_pem4f.oem4f (.data:ti_sysbios_gates_GateMutex_Object__table__V)
                  20005a00    00000030     AS4_pem4f.oem4f (.data:ti_sysbios_knl_Swi_Module_State_0_readyQ__A)
                  20005a30    00000030     AS4_pem4f.oem4f (.data:ti_sysbios_knl_Swi_Object__table__V)
                  20005a60    00000024     driverlib.lib : osc.obj (.data:$O1$$)
                  20005a84    00000020     AS4_pem4f.oem4f (.data:ti_sysbios_knl_Clock_Object__table__V)
                  20005aa4    00000020     AS4_pem4f.oem4f (.data:ti_sysbios_knl_Task_Module_State_0_readyQ__A)
                  20005ac4    00000020     AS4_pem4f.oem4f (.data:xdc_runtime_Error_IgnoreBlock)
                  20005ae4    00000018     AS4_pem4f.oem4f (.data:ti_sysbios_family_arm_m3_Hwi_Object__table__V)
                  20005afc    00000018     AS4_pem4f.oem4f (.data:ti_sysbios_heaps_HeapMem_Object__table__V)
                  20005b14    0000000c     AS4_pem4f.oem4f (.data:xdc_runtime_SysMin_Module__state__V)
                  20005b20    00000008     rtsv7M4_T_le_v4SPD16_eabi.lib : _lock.c.obj (.data:$O1$$)
                  20005b28    00000008     AS4_pem4f.oem4f (.data:ti_sysbios_family_arm_m3_Hwi_Module__root__V)
                  20005b30    00000008     AS4_pem4f.oem4f (.data:ti_sysbios_gates_GateHwi_Module__root__V)
                  20005b38    00000008     AS4_pem4f.oem4f (.data:ti_sysbios_gates_GateMutex_Module__root__V)
                  20005b40    00000008     AS4_pem4f.oem4f (.data:ti_sysbios_hal_Hwi_Module__root__V)
                  20005b48    00000008     AS4_pem4f.oem4f (.data:ti_sysbios_heaps_HeapMem_Module__root__V)
                  20005b50    00000008     AS4_pem4f.oem4f (.data:ti_sysbios_knl_Clock_Module__root__V)
                  20005b58    00000008     AS4_pem4f.oem4f (.data:ti_sysbios_knl_Event_Module__root__V)
                  20005b60    00000008     AS4_pem4f.oem4f (.data:ti_sysbios_knl_Mailbox_Module__root__V)
                  20005b68    00000008     AS4_pem4f.oem4f (.data:ti_sysbios_knl_Queue_Module__root__V)
                  20005b70    00000008     AS4_pem4f.oem4f (.data:ti_sysbios_knl_Semaphore_Module__root__V)
                  20005b78    00000008     AS4_pem4f.oem4f (.data:ti_sysbios_knl_Swi_Module__root__V)
                  20005b80    00000008     AS4_pem4f.oem4f (.data:ti_sysbios_knl_Task_Module__root__V)
                  20005b88    00000008     AS4_pem4f.oem4f (.data:xdc_runtime_System_Module_State_0_atexitHandlers__A)
                  20005b90    00000004     rtsv7M4_T_le_v4SPD16_eabi.lib : stkdepth_vars.c.obj (.data)
                  20005b94    00000004     AS4_pem4f.oem4f (.data:ti_sysbios_family_arm_m3_Hwi_Module_State_0_excContext__A)
                  20005b98    00000004     AS4_pem4f.oem4f (.data:ti_sysbios_family_arm_m3_Hwi_Module_State_0_excStack__A)
                  20005b9c    00000004     AS4_pem4f.oem4f (.data:ti_sysbios_knl_Task_Module_State_0_idleTask__A)
                  20005ba0    00000002     drivers_cc13x2.a : ADCCC26XX.oem4f (.data)
                  20005ba2    00000002     AS4_pem4f.oem4f (.data:ti_sysbios_family_arm_m3_Hwi_Module_State_0_excActive__A)
                  20005ba4    00000001     drivers_cc13x2.a : ADC.oem4f (.data)
                  20005ba5    00000001                      : GPIOCC26XX.oem4f (.data)
                  20005ba6    00000001                      : PWM.oem4f (.data)
                  20005ba7    00000001                      : UART.oem4f (.data)

.stack     0    20013c00    00000400     UNINITIALIZED
                  20013c00    00000400     --HOLE--

.priheap   0    20000110    00004000     UNINITIALIZED
                  20000110    00004000     --HOLE--

.log_data 
*          0    90000000    00000000     COPY SECTION

.data:xdcRomConstPtr 
*          0    20000100    00000004     UNINITIALIZED
                  20000100    00000004     AS4_pem4f.oem4f (.data:xdcRomConstPtr)

.data:xdcRomExternFuncPtr 
*          0    20000104    00000004     UNINITIALIZED
                  20000104    00000004     AS4_pem4f.oem4f (.data:xdcRomExternFuncPtr)

.data:xdcRomStatePtr 
*          0    20000108    00000004     UNINITIALIZED
                  20000108    00000004     AS4_pem4f.oem4f (.data:xdcRomStatePtr)

.bootVecs 
*          0    00000000    00000008     DSECT
                  00000000    00000008     boot.aem4f : boot.oem4f (.bootVecs)

.resetVecs 
*          0    00000000    0000003c     
                  00000000    0000003c     AS4_pem4f.oem4f (.resetVecs)

.vecs      0    20000000    000000d8     NOLOAD SECTION
                  20000000    000000d8     AS4_pem4f.oem4f (.vecs)

xdc.meta   0    00000000    0000013f     COPY SECTION
                  00000000    0000013f     AS4_pem4f.oem4f (xdc.meta)

xdc.noload 
*          0    00000000    00000000     COPY SECTION

__llvm_prf_cnts 
*          0    20000000    00000000     UNINITIALIZED

.text      0    0000003c    00004334     
                  0000003c    00000198     drivers_cc13x2.a : PowerCC26X2.oem4f (.text:Power_sleep)
                  000001d4    00000190                      : PowerCC26X2_calibrateRCOSC.oem4f (.text:calibrateRcoscHf1)
                  00000364    0000018c                      : PowerCC26X2_calibrateRCOSC.oem4f (.text:runCalibrateFsm)
                  000004f0    0000016c                      : PowerCC26X2.oem4f (.text:Power_init)
                  0000065c    00000154                      : UARTCC26XX.oem4f (.text:UARTCC26XX_hwiIntFxn)
                  000007b0    00000140                      : UARTCC26XX.oem4f (.text:UARTCC26XX_open)
                  000008f0    0000013a                      : UARTCC26XX.oem4f (.text:UARTCC26XX_read)
                  00000a2a    00000002     ti_drivers_config.obj (.text:Board_initHook)
                  00000a2c    00000120     drivers_cc13x2.a : PowerCC26X2.oem4f (.text:configureXOSCHF)
                  00000b4c    00000114     AS4.obj (.text:main)
                  00000c60    00000106     AS4_pem4f.oem4f (.text:xdc_runtime_System_printfExtend__I)
                  00000d66    00000002     display_cc13x2.a : DisplayUart.oem4f (.text:DisplayUartMin_clear)
                  00000d68    000000f8     drivers_cc13x2.a : ADCCC26XX.oem4f (.text:ADCCC26XX_convertChain)
                  00000e60    000000f0                      : ADCCC26XX.oem4f (.text:ADCCC26XX_convert)
                  00000f50    000000f0     driverlib.lib : sys_ctrl.obj (.text:NOROM_SysCtrlStandby)
                  00001040    000000e8     drivers_cc13x2.a : GPIOCC26XX.oem4f (.text:GPIO_init)
                  00001128    000000e0                      : UARTCC26XX.oem4f (.text:UARTCC26XX_write)
                  00001208    000000c8     dpl_cc13x2.a : PowerCC26X2_tirtos.oem4f (.text:PowerCC26XX_standbyPolicy)
                  000012d0    000000c0     drivers_cc13x2.a : PowerCC26X2.oem4f (.text:Power_releaseDependency)
                  00001390    000000c0     AS4.obj (.text:task1Fxn)
                  00001450    000000bc     driverlib.lib : setup.obj (.text:NOROM_SetupTrimDevice)
                  0000150c    000000b8     drivers_cc13x2.a : PowerCC26X2.oem4f (.text:Power_setDependency)
                  000015c4    000000b8                      : UARTCC26XX.oem4f (.text:UARTCC26XX_initHw)
                  0000167c    000000b8     AS4.obj (.text:task2Fxn)
                  00001734    000000b0     driverlib.lib : setup.obj (.text:TrimAfterColdResetWakeupFromShutDown)
                  000017e4    000000a8     drivers_cc13x2.a : PWMTimerCC26XX.oem4f (.text:PWMTimerCC26XX_open)
                  0000188c    000000a0     auto_init.aem4f : auto_init.oem4f (.text)
                  0000192c    0000009c     drivers_cc13x2.a : PWMTimerCC26XX.oem4f (.text:PWMTimerCC26XX_setDutyAndPeriod)
                  000019c8    0000009c     rtsv7M4_T_le_v4SPD16_eabi.lib : memcpy_t2.asm.obj (.text)
                  00001a64    00000096                                   : ull_div_t2.asm.obj (.text)
                  00001afa    00000092     drivers_cc13x2.a : UARTCC26XX.oem4f (.text:UARTCC26XX_writeCancel)
                  00001b8c    00000090     AS4.obj (.text:task3Fxn)
                  00001c1c    00000088     drivers_cc13x2.a : GPTimerCC26XX.oem4f (.text:GPTimerCC26XX_open)
                  00001ca4    00000088     driverlib.lib : osc.obj (.text:NOROM_OSCHF_AttemptToSwitchToXosc)
                  00001d2c    00000088     drivers_cc13x2.a : PowerCC26X2_calibrateRCOSC.oem4f (.text:calibrateRcoscHf2)
                  00001db4    00000088                      : PowerCC26X2.oem4f (.text:disableLFClockQualifiers)
                  00001e3c    00000088                      : PowerCC26X2_calibrateRCOSC.oem4f (.text:updateSubSecInc)
                  00001ec4    00000084                      : UARTCC26XX.oem4f (.text:UARTCC26XX_close)
                  00001f48    00000084                      : UARTCC26XX.oem4f (.text:writeTxFifoFlush)
                  00001fcc    00000080     driverlib.lib : sys_ctrl.obj (.text:NOROM_SysCtrlSetRechargeBeforePowerDown)
                  0000204c    00000080     rom_sysbios.aem4f : rom_sysbios.obj (.text:ti_sysbios_family_arm_cc26xx_Timer_start__E)
                  000020cc    0000007a     rtsv7M4_T_le_v4SPD16_eabi.lib : memset_t2.asm.obj (.text)
                  00002146    00000078     rom_sysbios.aem4f : rom_sysbios.obj (.text:ti_sysbios_heaps_HeapMem_allocUnprotected__E)
                  000021be    00000002     display_cc13x2.a : DisplayUart.oem4f (.text:DisplayUartMin_clearLines)
                  000021c0    00000074     drivers_cc13x2.a : GPTimerCC26XX.oem4f (.text:GPTimerCC26XX_resetHw)
                  00002234    00000074                      : PowerCC26X2_calibrateRCOSC.oem4f (.text:PowerCC26X2_auxISR)
                  000022a8    00000070                      : ADCCC26XX.oem4f (.text:ADCCC26XX_convertToMicroVolts)
                  00002318    0000006d     rom_sysbios.aem4f : rom_sysbios.obj (.text:xdc_runtime_System_formatNum__I)
                  00002385    00000001     --HOLE-- [fill = 0]
                  00002386    00000002     display_cc13x2.a : DisplayUart.oem4f (.text:DisplayUartMin_init)
                  00002388    0000006c     drivers_cc13x2.a : GPIOCC26XX.oem4f (.text:GPIO_setConfig)
                  000023f4    0000006c                      : UARTCC26XX.oem4f (.text:UARTCC26XX_initIO)
                  00002460    00000068     driverlib.lib : osc.obj (.text:NOROM_OSCHF_SwitchToRcOscTurnOffXosc)
                  000024c8    00000068     rtsv7M4_T_le_v4SPD16_eabi.lib : copy_decompress_lzss.c.obj (.text:decompress:lzss:__TI_decompress_lzss)
                  00002530    00000064     drivers_cc13x2.a : UARTCC26XX.oem4f (.text:UARTCC26XX_control)
                  00002594    00000064     rom_sysbios.aem4f : rom_sysbios.obj (.text:ti_sysbios_heaps_HeapMem_initPrimary__I)
                  000025f8    00000062     drivers_cc13x2.a : UARTCC26XX.oem4f (.text:UARTCC26XX_swiIntFxn)
                  0000265a    00000002                      : PWMTimerCC26XX.oem4f (.text:PWMTimerCC26XX_init)
                  0000265c    00000060                      : ADCCC26XX.oem4f (.text:ADCCC26XX_open)
                  000026bc    0000005c     display_cc13x2.a : Display.oem4f (.text:Display_doOpen)
                  00002718    0000005c     drivers_cc13x2.a : PWMTimerCC26XX.oem4f (.text:PWMTimerCC26XX_setPeriod)
                  00002774    0000005c                      : UARTCC26XX.oem4f (.text:startTxFifoEmptyClk)
                  000027d0    0000005c     AS4_pem4f.oem4f (.text:xdc_runtime_Startup_getState__I)
                  0000282c    00000058     drivers_cc13x2.a : GPTimerCC26XX.oem4f (.text:GPTimerCC26XX_stop)
                  00002884    00000058     rtsv7M4_T_le_v4SPD16_eabi.lib : hostwrite.c.obj (.text:HOSTwrite)
                  000028dc    00000058     drivers_cc13x2.a : PowerCC26X2_calibrateRCOSC.oem4f (.text:PowerCC26X2_initiateCalibration)
                  00002934    00000058     boot.aem4f : boot.oem4f (.text)
                  0000298c    00000058     rom_sysbios.aem4f : rom_sysbios.obj (.text:ti_sysbios_heaps_HeapMem_alloc__E)
                  000029e4    00000056     ti_drivers_config.obj (.text:Board_sendExtFlashByte)
                  00002a3a    00000002     rtsv7M4_T_le_v4SPD16_eabi.lib : _lock.c.obj (.text:_nop)
                  00002a3c    00000054     ti_drivers_config.obj (.text:Board_shutDownExtFlash)
                  00002a90    00000054     driverlib.lib : prcm.obj (.text:NOROM_PRCMPowerDomainsAllOff)
                  00002ae4    00000054     dpl_cc13x2.a : SwiP_tirtos.oem4f (.text:SwiP_construct)
                  00002b38    00000050     drivers_cc13x2.a : GPIOCC26XX.oem4f (.text:GPIO_hwiIntFxn)
                  00002b88    00000050                      : PWMTimerCC26XX.oem4f (.text:PWMTimerCC26XX_getdutyCounts)
                  00002bd8    0000004c                      : GPTimerCC26XX.oem4f (.text:GPTimerCC26XX_initHw)
                  00002c24    0000004c                      : GPTimerCC26XX.oem4f (.text:GPTimerCC26XX_start)
                  00002c70    0000004c     driverlib.lib : prcm.obj (.text:NOROM_PRCMPowerDomainsAllOn)
                  00002cbc    0000004c     drivers_cc13x2.a : UARTCC26XX.oem4f (.text:UARTCC26XX_readCancel)
                  00002d08    0000004c     rtsv7M4_T_le_v4SPD16_eabi.lib : cpy_tbl.c.obj (.text:copy_in)
                  00002d54    0000004a     display_cc13x2.a : DisplayUart.oem4f (.text:DisplayUartMin_open)
                  00002d9e    00000002     drivers_cc13x2.a : PowerCC26X2.oem4f (.text:emptyClockFunc)
                  00002da0    00000048                      : PWMTimerCC26XX.oem4f (.text:PWMTimerCC26XX_setDuty)
                  00002de8    00000048                      : PowerCC26X2_calibrateRCOSC.oem4f (.text:PowerCC26X2_RCOSC_clockFunc)
                  00002e30    00000048                      : PowerCC26X2.oem4f (.text:switchXOSCHF)
                  00002e78    00000048                      : UARTCC26XX.oem4f (.text:writeFinishedDoCallback)
                  00002ec0    00000046     display_cc13x2.a : DisplayUart.oem4f (.text:DisplayUartMin_vprintf)
                  00002f06    00000046     drivers_cc13x2.a : RingBuf.oem4f (.text:RingBuf_put)
                  00002f4c    00000044                      : ADC.oem4f (.text:ADC_init)
                  00002f90    00000044     driverlib.lib : chipinfo.obj (.text:NOROM_ChipInfo_GetHwRevision)
                  00002fd4    00000044     drivers_cc13x2.a : PWM.oem4f (.text:PWM_init)
                  00003018    00000044                      : UART.oem4f (.text:UART_init)
                  0000305c    00000044     rom_sysbios.aem4f : rom_sysbios.obj (.text:xdc_runtime_SysMin_flush__E)
                  000030a0    00000040     drivers_cc13x2.a : ADC.oem4f (.text:ADC_open)
                  000030e0    00000040     dpl_cc13x2.a : ClockP_tirtos.oem4f (.text:ClockP_construct)
                  00003120    00000040     driverlib.lib : osc.obj (.text:NOROM_OSC_HPOSCRelativeFrequencyOffsetGet)
                  00003160    00000040     drivers_cc13x2.a : PWM.oem4f (.text:PWM_open)
                  000031a0    00000040                      : RingBuf.oem4f (.text:RingBuf_get)
                  000031e0    00000040                      : UART.oem4f (.text:UART_open)
                  00003220    00000040     rtsv7M4_T_le_v4SPD16_eabi.lib : u_divt2.asm.obj (.text)
                  00003260    00000040     rom_sysbios.aem4f : rom_sysbios.obj (.text:ti_sysbios_family_arm_cc26xx_Timer_setThreshold__I)
                  000032a0    0000003e     dpl_cc13x2.a : HwiP_tirtos.oem4f (.text:HwiP_construct)
                  000032de    00000002     rtsv7M4_T_le_v4SPD16_eabi.lib : div0.asm.obj (.text)
                  000032e0    0000003c     drivers_cc13x2.a : ADCCC26XX.oem4f (.text:ADCCC26XX_close)
                  0000331c    0000003c     driverlib.lib : osc.obj (.text:InternCapArrayAdjustWithBaseline7001F)
                  00003358    0000003c     drivers_cc13x2.a : UARTCC26XX.oem4f (.text:UARTCC26XX_finalizeIO)
                  00003394    0000003c     rom_sysbios.aem4f : rom_sysbios.obj (.text:ti_sysbios_family_arm_m3_Hwi_construct2__E)
                  000033d0    00000038     rtsv7M4_T_le_v4SPD16_eabi.lib : trgmsg.c.obj (.text:__TI_writemsg)
                  00003408    00000038     drivers_cc13x2.a : PowerCC26X2.oem4f (.text:notify)
                  00003440    00000038                      : UARTCC26XX.oem4f (.text:readData)
                  00003478    00000038     rom_sysbios.aem4f : rom_sysbios.obj (.text:ti_sysbios_family_arm_cc26xx_Timer_getCurrentTick__E)
                  000034b0    00000038     drivers_cc13x2.a : UARTCC26XX.oem4f (.text:writeData)
                  000034e8    00000034                      : GPTimerCC26XX.oem4f (.text:GPTimerCC26XXSetLoadMatch)
                  0000351c    00000034                      : GPTimerCC26XX.oem4f (.text:GPTimerCC26XX_configureDebugStall)
                  00003550    00000034     driverlib.lib : aux_sysif.obj (.text:NOROM_AUXSYSIFOpModeChange)
                  00003584    00000034                   : sys_ctrl.obj (.text:NOROM_SysCtrlIdle)
                  000035b8    00000034     drivers_cc13x2.a : PWMTimerCC26XX.oem4f (.text:PWMTimerCC26XX_getperiodCounts)
                  000035ec    00000034     rtsv7M4_T_le_v4SPD16_eabi.lib : trgmsg.c.obj (.text:__TI_readmsg)
                  00003620    00000034     drivers_cc13x2.a : UARTCC26XX.oem4f (.text:readData2RingBuf)
                  00003654    00000034     rom_sysbios.aem4f : rom_sysbios.obj (.text:xdc_runtime_SysMin_abort__E)
                  00003688    00000034                       : rom_sysbios.obj (.text:xdc_runtime_SysMin_putch__E)
                  000036bc    00000032                       : rom_sysbios.obj (.text:ti_sysbios_family_arm_cc26xx_Timer_setNextTick__E)
                  000036ee    00000002     AS4_pem4f.oem4f (.text:ti_sysbios_BIOS_nullFunc__I)
                  000036f0    00000030     ti_drivers_config.obj (.text:Board_wakeUpExtFlash)
                  00003720    00000030     drivers_cc13x2.a : GPTimerCC26XX.oem4f (.text:GPTimerCC26XX_close)
                  00003750    00000030                      : PowerCC26X2.oem4f (.text:Power_releaseConstraint)
                  00003780    00000030                      : PowerCC26X2.oem4f (.text:Power_setConstraint)
                  000037b0    00000030     driverlib.lib : osc.obj (.text:SpecialCapArrayWorkaroundEnabledAndNeeded)
                  000037e0    00000030     AS4_pem4f.oem4f (.text:ti_sysbios_BIOS_atExitFunc__I)
                  00003810    00000030     AS4_pem4f.oem4f (.text:ti_sysbios_BIOS_startFunc__I)
                  00003840    00000030     rom_sysbios.aem4f : rom_sysbios.obj (.text:ti_sysbios_family_arm_cc26xx_Timer_initDevice__I)
                  00003870    0000002c     drivers_cc13x2.a : GPIO.oem4f (.text:GPIO_resetConfig)
                  0000389c    0000002c                      : GPTimerCC26XX.oem4f (.text:GPTimerCC26XX_getTimerValue)
                  000038c8    0000002c     dpl_cc13x2.a : SemaphoreP_tirtos.oem4f (.text:SemaphoreP_constructBinary)
                  000038f4    0000002c                  : SemaphoreP_tirtos.oem4f (.text:SemaphoreP_createBinary)
                  00003920    0000002c     rom_sysbios.aem4f : rom_sysbios.obj (.text:ti_sysbios_knl_Clock_getTicksUntilInterrupt__E)
                  0000394c    0000002a     display_cc13x2.a : Display.oem4f (.text:Display_doPrintf)
                  00003976    00000002     rom_sysbios.aem4f : rom_sysbios.obj (.text:xdc_runtime_SysCallback_defaultAbort)
                  00003978    00000028     display_cc13x2.a : Display.oem4f (.text:Display_doInit)
                  000039a0    00000028     drivers_cc13x2.a : GPIOCC26XX.oem4f (.text:GPIO_setMux)
                  000039c8    00000028                      : PowerCC26X2.oem4f (.text:Power_registerNotify)
                  000039f0    00000028                      : PowerCC26X2.oem4f (.text:oscillatorISR)
                  00003a18    00000026                      : List.oem4f (.text:List_put)
                  00003a3e    00000026                      : List.oem4f (.text:List_remove)
                  00003a64    00000024     driverlib.lib : osc.obj (.text:NOROM_OSCHF_TurnOnXosc)
                  00003a88    00000024                   : osc.obj (.text:NOROM_OSC_CapArrayAdjustWorkaround_Boot)
                  00003aac    00000024     drivers_cc13x2.a : PowerCC26X2_calibrateRCOSC.oem4f (.text:getTdcSemaphore)
                  00003ad0    00000024     AS4_pem4f.oem4f (.text:ti_sysbios_BIOS_registerRTSLock__I)
                  00003af4    00000024     AS4_pem4f.oem4f (.text:ti_sysbios_BIOS_removeRTSLock__I)
                  00003b18    00000024     rom_sysbios.aem4f : rom_sysbios.obj (.text:ti_sysbios_family_arm_cc26xx_Timer_getMaxTicks__E)
                  00003b3c    00000022     AS4_pem4f.oem4f (.text:xdc_runtime_SysMin_output__I)
                  00003b5e    00000002     rom_sysbios.aem4f : rom_sysbios.obj (.text:xdc_runtime_SysCallback_defaultExit)
                  00003b60    00000020     driverlib.lib : aux_adc.obj (.text:NOROM_AUXADCEnableSync)
                  00003b80    00000020     drivers_cc13x2.a : PowerCC26X2.oem4f (.text:Power_unregisterNotify)
                  00003ba0    00000020                      : UARTCC26XX.oem4f (.text:threadSafeStdbyDisRelease)
                  00003bc0    00000020                      : UARTCC26XX.oem4f (.text:threadSafeStdbyDisSet)
                  00003be0    00000020     AS4_pem4f.oem4f (.text:ti_sysbios_BIOS_rtsLock__I)
                  00003c00    00000020     rom_sysbios.aem4f : rom_sysbios.obj (.text:ti_sysbios_family_arm_cc26xx_Timer_dynamicStub__E)
                  00003c20    00000020                       : rom_sysbios.obj (.text:xdc_runtime_SysMin_Module_startup__E)
                  00003c40    0000001e     drivers_cc13x2.a : PWMTimerCC26XX.oem4f (.text:PWMTimerCC26XX_start)
                  00003c5e    0000001e                      : PowerCC26X2.oem4f (.text:Power_getTransitionLatency)
                  00003c7c    0000001c     driverlib.lib : chipinfo.obj (.text:NOROM_ChipInfo_GetChipFamily)
                  00003c98    0000001c     dpl_cc13x2.a : PowerCC26X2_tirtos.oem4f (.text:PowerCC26XX_schedulerDisable)
                  00003cb4    0000001c                  : PowerCC26X2_tirtos.oem4f (.text:PowerCC26XX_schedulerRestore)
                  00003cd0    0000001c     rom_sysbios.aem4f : rom_sysbios.obj (.text:ti_sysbios_family_arm_m3_Hwi_clearInterrupt__E)
                  00003cec    0000001c                       : rom_sysbios.obj (.text:ti_sysbios_knl_Swi_construct2__E)
                  00003d08    0000001c     AS4_pem4f.oem4f (.text:xdc_runtime_Startup_exec__I)
                  00003d24    0000001c     rom_sysbios.aem4f : rom_sysbios.obj (.text:xdc_runtime_SysMin_exit__E)
                  00003d40    0000001a     drivers_cc13x2.a : PWMTimerCC26XX.oem4f (.text:PWMTimerCC26XX_close)
                  00003d5a    0000001a                      : PWMTimerCC26XX.oem4f (.text:PWMTimerCC26XX_control)
                  00003d74    0000001a                      : PWMTimerCC26XX.oem4f (.text:PWMTimerCC26XX_stop)
                  00003d8e    0000001a                      : PowerCC26X2.oem4f (.text:PowerCC26XX_calibrate)
                  00003da8    00000018                      : GPIOCC26XX.oem4f (.text:GPIO_disableInt)
                  00003dc0    00000018                      : GPIO.oem4f (.text:GPIO_setCallback)
                  00003dd8    00000018                      : PowerCC26X2.oem4f (.text:Power_idleFunc)
                  00003df0    00000018                      : UART.oem4f (.text:UART_Params_init)
                  00003e08    00000018     rtsv7M4_T_le_v4SPD16_eabi.lib : args_main.c.obj (.text:_args_main)
                  00003e20    00000018                                   : ll_mul_t2.asm.obj (.text)
                  00003e38    00000018     drivers_cc13x2.a : PowerCC26X2.oem4f (.text:switchToTCXO)
                  00003e50    00000018     AS4_pem4f.oem4f (.text:ti_sysbios_BIOS_rtsUnlock__I)
                  00003e68    00000018     rom_sysbios.aem4f : rom_sysbios.obj (.text:ti_sysbios_knl_Swi_or__E)
                  00003e80    00000018                       : rom_sysbios.obj (.text:xdc_runtime_Error_init__E)
                  00003e98    00000018     AS4_pem4f.oem4f (.text:xdc_runtime_SysMin_Module__startupDone__F)
                  00003eb0    00000016     display_cc13x2.a : DisplayUart.oem4f (.text:DisplayUartMin_close)
                  00003ec6    00000016     driverlib.lib : chipinfo.obj (.text:NOROM_ThisLibraryIsFor_CC13x2_CC26x2_HwRev20AndLater_HaltIfViolated)
                  00003edc    00000016     AS4_pem4f.oem4f (.text:ti_sysbios_BIOS_exitFunc__I)
                  00003ef2    00000014     ti_drivers_config.obj (.text:Board_init)
                  00003f06    00000002     rom_sysbios.aem4f : rom_sysbios.obj (.text:xdc_runtime_SysCallback_defaultFlush)
                  00003f08    00000014     drivers_cc13x2.a : PWM.oem4f (.text:PWM_Params_init)
                  00003f1c    00000014                      : PowerCC26X2_calibrateRCOSC.oem4f (.text:PowerCC26X2_calibrate)
                  00003f30    00000014     rom_sysbios.aem4f : rom_sysbios.obj (.text:ti_sysbios_family_arm_cc26xx_Timer_getCount64__E)
                  00003f44    00000014     AS4_pem4f.oem4f (.text:ti_sysbios_knl_Clock_doTick__I)
                  00003f58    00000012     drivers_cc13x2.a : GPTimerCC26XX.oem4f (.text:GPTimerCC26XX_Params_init)
                  00003f6a    00000012                      : RingBuf.oem4f (.text:RingBuf_construct)
                  00003f7c    00000012     dpl_cc13x2.a : SemaphoreP_tirtos.oem4f (.text:SemaphoreP_pend)
                  00003f8e    00000002     rom_sysbios.aem4f : rom_sysbios.obj (.text:xdc_runtime_SysCallback_defaultPutch)
                  00003f90    00000010     drivers_cc13x2.a : ADCCC26XX.oem4f (.text:AUXADCSelectInput)
                  00003fa0    00000010                      : GPIO.oem4f (.text:GPIO_setUserArg)
                  00003fb0    00000010                      : GPIOCC26XX.oem4f (.text:GPIO_write)
                  00003fc0    00000010     dpl_cc13x2.a : HwiP_tirtos.oem4f (.text:HwiP_Params_init)
                  00003fd0    00000010                  : SwiP_tirtos.oem4f (.text:SwiP_Params_init)
                  00003fe0    00000010     drivers_cc13x2.a : UARTCC26XX.oem4f (.text:uartPostNotify)
                  00003ff0    00000010     rom_sysbios.aem4f : rom_sysbios.obj (.text:xdc_runtime_SysMin_ready__E)
                  00004000    0000000e     rtsv7M4_T_le_v4SPD16_eabi.lib : copy_decompress_none.c.obj (.text:decompress:none:__TI_decompress_none)
                  0000400e    0000000e     rom_sysbios.aem4f : rom_sysbios.obj (.text:ti_sysbios_family_arm_cc26xx_TimestampProvider_get32__E)
                  0000401c    0000000c     dpl_cc13x2.a : ClockP_tirtos.oem4f (.text:ClockP_getSystemTickPeriod)
                  00004028    0000000c     driverlib.lib : cpu.obj (.text:NOROM_CPUcpsid)
                  00004034    0000000c                   : cpu.obj (.text:NOROM_CPUcpsie)
                  00004040    0000000c     drivers_cc13x2.a : PowerCC26X2.oem4f (.text:Power_getConstraintMask)
                  0000404c    0000000c                      : PowerCC26X2.oem4f (.text:Power_getDependencyCount)
                  00004058    0000000c     dpl_cc13x2.a : SemaphoreP_tirtos.oem4f (.text:SemaphoreP_delete)
                  00004064    0000000c     rtsv7M4_T_le_v4SPD16_eabi.lib : _lock.c.obj (.text:_register_lock)
                  00004070    0000000c                                   : _lock.c.obj (.text:_register_unlock)
                  0000407c    0000000c                                   : copy_zero_init.c.obj (.text:decompress:ZI:__TI_zero_init)
                  00004088    0000000c     rom_sysbios.aem4f : rom_sysbios.obj (.text:ti_sysbios_knl_Swi_getTrigger__E)
                  00004094    0000000a     drivers_cc13x2.a : ADC.oem4f (.text:ADC_Params_init)
                  0000409e    0000000a                      : ADC.oem4f (.text:ADC_close)
                  000040a8    0000000a                      : ADC.oem4f (.text:ADC_convert)
                  000040b2    0000000a     dpl_cc13x2.a : ClockP_tirtos.oem4f (.text:ClockP_Params_init)
                  000040bc    0000000a     drivers_cc13x2.a : PWM.oem4f (.text:PWM_setDuty)
                  000040c6    0000000a                      : PWM.oem4f (.text:PWM_start)
                  000040d0    0000000a                      : UART.oem4f (.text:UART_close)
                  000040da    0000000a                      : UART.oem4f (.text:UART_control)
                  000040e4    0000000a                      : UART.oem4f (.text:UART_write)
                  000040ee    0000000a                      : UARTCC26XX.oem4f (.text:readSemCallback)
                  000040f8    00000008                      : ADCCC26XX.oem4f (.text:ADCCC26XX_init)
                  00004100    00000008                      : GPTimerCC26XX.oem4f (.text:GPTimerCC26XX_setLoadValue)
                  00004108    00000008                      : GPTimerCC26XX.oem4f (.text:GPTimerCC26XX_setMatchValue)
                  00004110    00000008                      : UARTCC26XX.oem4f (.text:UARTCC26XX_init)
                  00004118    00000008                      : UARTCC26XX.oem4f (.text:writeSemCallback)
                  00004120    00000008     AS4_pem4f.oem4f (.text:xdc_runtime_Text_visitRope__I)
                  00004128    00000006     drivers_cc13x2.a : ADCCC26XX.oem4f (.text:ADCCC26XX_control)
                  0000412e    00000006     display_cc13x2.a : DisplayUart.oem4f (.text:DisplayUartMin_control)
                  00004134    00000006                      : DisplayUart.oem4f (.text:DisplayUartMin_getType)
                  0000413a    00000006     drivers_cc13x2.a : GPTimerCC26XX.oem4f (.text:GPTimerCC26XX_getValue)
                  00004140    00000006     driverlib.lib : cpu.obj (.text:NOROM_CPUdelay)
                  00004146    00000006     drivers_cc13x2.a : UARTCC26XX.oem4f (.text:UARTCC26XX_readPolling)
                  0000414c    00000006                      : UARTCC26XX.oem4f (.text:UARTCC26XX_writePolling)
                  00004152    00000006                      : PowerCC26X2.oem4f (.text:delayUs)
                  00004158    00000004     dpl_cc13x2.a : PowerCC26X2_tirtos.oem4f (.text:CPUwfi)
                  0000415c    00000004                  : ClockP_tirtos.oem4f (.text:ClockP_destruct)
                  00004160    00000004                  : ClockP_tirtos.oem4f (.text:ClockP_getCpuFreq)
                  00004164    00000004                  : ClockP_tirtos.oem4f (.text:ClockP_setTimeout)
                  00004168    00000004                  : ClockP_tirtos.oem4f (.text:ClockP_start)
                  0000416c    00000004                  : ClockP_tirtos.oem4f (.text:ClockP_stop)
                  00004170    00000004                  : HwiP_tirtos.oem4f (.text:HwiP_clearInterrupt)
                  00004174    00000004                  : HwiP_tirtos.oem4f (.text:HwiP_destruct)
                  00004178    00000004                  : HwiP_tirtos.oem4f (.text:HwiP_disable)
                  0000417c    00000004                  : SemaphoreP_tirtos.oem4f (.text:SemaphoreP_destruct)
                  00004180    00000004                  : SemaphoreP_tirtos.oem4f (.text:SemaphoreP_post)
                  00004184    00000004                  : SwiP_tirtos.oem4f (.text:SwiP_destruct)
                  00004188    00000004                  : SwiP_tirtos.oem4f (.text:SwiP_getTrigger)
                  0000418c    00000004                  : SwiP_tirtos.oem4f (.text:SwiP_or)
                  00004190    00000004                  : SystemP_tirtos.oem4f (.text:SystemP_vsnprintf)
                  00004194    00000004     drivers_cc13x2.a : PowerCC26X2.oem4f (.text:configureRFCoreClocks)
                  00004198    00000004                      : PowerCC26X2.oem4f (.text:nopResourceHandler)
                  0000419c    00000004     rom_sysbios.aem4f : rom_sysbios.obj (.text:ti_sysbios_knl_Semaphore_getCount__E)
                  000041a0    00000004     AS4_pem4f.oem4f (.text:xdc_runtime_Startup_reset__I)
                  000041a4    00000004     rom_sysbios.aem4f : rom_sysbios.obj (.text:xdc_runtime_SysCallback_defaultReady)
                  000041a8    00000008     (.tramp.xdc_runtime_System_vsnprintf__E.1)
                  000041b0    00000008     (.tramp.ti_sysbios_knl_Swi_destruct.1)
                  000041b8    00000008     (.tramp.ti_sysbios_knl_Semaphore_destruct.1)
                  000041c0    00000008     (.tramp.ti_sysbios_family_arm_m3_Hwi_disableFxn__E.1)
                  000041c8    00000008     (.tramp.ti_sysbios_family_arm_m3_Hwi_destruct.1)
                  000041d0    00000008     (.tramp.ti_sysbios_BIOS_getCpuFreq__E.1)
                  000041d8    00000008     (.tramp.ti_sysbios_knl_Clock_destruct.1)
                  000041e0    00000008     (.tramp.ti_sysbios_knl_Semaphore_delete.1)
                  000041e8    00000008     (.tramp.ti_sysbios_knl_Clock_logTick__E.1)
                  000041f0    00000008     (.tramp.ti_sysbios_knl_Swi_post__E.1)
                  000041f8    00000008     (.tramp.ti_sysbios_BIOS_RtsGateProxy_leave__E.1)
                  00004200    00000008     (.tramp.ti_sysbios_knl_Swi_construct.1)
                  00004208    00000008     (.tramp.ti_sysbios_knl_Task_restore__E.1)
                  00004210    00000008     (.tramp.ti_sysbios_knl_Swi_restore__E.1)
                  00004218    00000008     (.tramp.ti_sysbios_BIOS_RtsGateProxy_enter__E.1)
                  00004220    00000008     (.tramp.ti_sysbios_knl_Clock_TimerProxy_getCurrentTick__E.1)
                  00004228    00000008     (.tramp.ti_sysbios_knl_Semaphore_create.1)
                  00004230    00000008     (.tramp.ti_sysbios_knl_Task_startup__E.1)
                  00004238    00000008     (.tramp.ti_sysbios_knl_Swi_startup__E.1)
                  00004240    00000008     (.tramp.ti_sysbios_hal_Hwi_startup__E.1)
                  00004248    00000008     (.tramp.ti_sysbios_family_arm_cc26xx_Timer_startup__E.1)
                  00004250    00000008     (.tramp.xdc_runtime_System_atexit__E.1)
                  00004258    00000008     (.tramp.ti_sysbios_BIOS_linkedWithIncorrectBootLibrary__E.1)
                  00004260    00000008     (.tramp.xdc_runtime_Startup_rtsDone__E.1)
                  00004268    00000008     (.tramp.ti_sysbios_BIOS_setThreadType__E.1)
                  00004270    00000008     (.tramp.ti_sysbios_knl_Task_disable__E.1)
                  00004278    00000008     (.tramp.ti_sysbios_knl_Swi_disable__E.1)
                  00004280    00000008     (.tramp.ti_sysbios_family_arm_m3_Hwi_construct.1)
                  00004288    00000008     (.tramp.ti_sysbios_family_arm_m3_Hwi_Params__init__S.1)
                  00004290    00000008     (.tramp.ti_sysbios_knl_Clock_construct.1)
                  00004298    00000008     (.tramp.ti_sysbios_knl_Clock_Params__init__S.1)
                  000042a0    00000008     (.tramp.xdc_runtime_Gate_leaveSystem__E.1)
                  000042a8    00000008     (.tramp.xdc_runtime_Gate_enterSystem__E.1)
                  000042b0    00000008     (.tramp.strlen.1)
                  000042b8    00000008     (.tramp.ti_sysbios_knl_Swi_Params__init__S.1)
                  000042c0    00000008     (.tramp.xdc_runtime_Error_raiseX__E.1)
                  000042c8    00000008     (.tramp.ti_sysbios_heaps_HeapMem_Module_GateProxy_leave__E.1)
                  000042d0    00000008     (.tramp.ti_sysbios_heaps_HeapMem_Module_GateProxy_enter__E.1)
                  000042d8    00000008     (.tramp.xdc_runtime_System_exit__E.1)
                  000042e0    00000008     (.tramp.ti_sysbios_heaps_HeapMem_restore__E.1)
                  000042e8    00000008     (.tramp.ti_sysbios_heaps_HeapMem_Object__get__S.1)
                  000042f0    00000008     (.tramp.ti_sysbios_knl_Task_sleep__E.1)
                  000042f8    00000008     (.tramp.ti_sysbios_knl_Semaphore_post__E.1)
                  00004300    00000008     (.tramp.ti_sysbios_knl_Semaphore_pend__E.1)
                  00004308    00000008     (.tramp.xdc_runtime_System_printf__E.1)
                  00004310    00000008     (.tramp.ti_sysbios_knl_Clock_stop__E.1)
                  00004318    00000008     (.tramp.ti_sysbios_knl_Clock_start__E.1)
                  00004320    00000008     (.tramp.ti_sysbios_knl_Clock_setTimeout__E.1)
                  00004328    00000008     (.tramp.xdc_runtime_System_doPrint__I.1)
                  00004330    00000008     (.tramp.xdc_runtime_Text_putSite__E.1)
                  00004338    00000008     (.tramp.xdc_runtime_Text_putLab__E.1)
                  00004340    00000008     (.tramp.ti_sysbios_BIOS_start__E.1)
                  00004348    00000008     (.tramp.ti_sysbios_knl_Semaphore_construct.1)
                  00004350    00000008     (.tramp.ti_sysbios_knl_Semaphore_Params__init__S.1)
                  00004358    00000008     (.tramp.ti_sysbios_knl_Task_construct.1)
                  00004360    00000008     (.tramp.ti_sysbios_knl_Task_Params__init__S.1)
                  00004368    00000008     (.tramp.ti_sysbios_family_arm_m3_Hwi_restoreFxn__E.1)

.const     0    00004370    00000725     
                  00004370    000003b8     AS4_pem4f.oem4f (.const:ROM_constStruct)
                  00004728    00000054     drivers_cc13x2.a : PowerCC26X2.oem4f (.const:resourceDB)
                  0000477c    00000048     AS4_pem4f.oem4f (.const:.string)
                  000047c4    00000048     AS4_pem4f.oem4f (.const:ROM_externFuncPtrs)
                  0000480c    00000028     drivers_cc13x2.a : UARTCC26XX.oem4f (.const:UARTCC26XX_fxnTable)
                  00004834    00000028     ti_drivers_config.obj (.const:uartCC26XXHWAttrs)
                  0000485c    00000028     AS4_pem4f.oem4f (.const:xdc_runtime_Startup_sfxnTab__A)
                  00004884    00000024     drivers_cc13x2.a : PWMTimerCC26XX.oem4f (.const:PWMTimerCC26XX_fxnTable)
                  000048a8    00000024                      : UART.oem4f (.const:UART_defaultParams)
                  000048cc    00000020     display_cc13x2.a : DisplayUart.oem4f (.const:DisplayUartMin_fxnTable)
                  000048ec    0000001c     drivers_cc13x2.a : ADCCC26XX.oem4f (.const:ADCCC26XX_fxnTable)
                  00004908    0000001c                      : GPTimerCC26XX.oem4f (.const:GPT_LUT)
                  00004924    00000018     ti_drivers_config.obj (.const:GPTimerCC26XX_config)
                  0000493c    00000018     drivers_cc13x2.a : PWM.oem4f (.const:PWM_defaultParams)
                  00004954    00000018     ti_drivers_config.obj (.const:gptimerCC26XXHWAttrs)
                  0000496c    00000014     ti_drivers_config.obj (.const:PowerCC26X2_config)
                  00004980    00000014     ti_drivers_config.obj (.const:displayUartHWAttrs)
                  00004994    00000014     drivers_cc13x2.a : UARTCC26XX.oem4f (.const:parityType)
                  000049a8    00000014     AS4_pem4f.oem4f (.const:xdc_runtime_Startup_sfxnRts__A)
                  000049bc    00000013     ti_drivers_config.obj (.const)
                  000049cf    00000001     display_cc13x2.a : Display.oem4f (.const:Display_defaultParams)
                  000049d0    00000010     ti_drivers_config.obj (.const:GPIO_config)
                  000049e0    00000010     drivers_cc13x2.a : UARTCC26XX.oem4f (.const:dataLength)
                  000049f0    0000000c     ti_drivers_config.obj (.const:ADC_config)
                  000049fc    0000000c     ti_drivers_config.obj (.const:Display_config)
                  00004a08    0000000c     ti_drivers_config.obj (.const:PWM_config)
                  00004a14    0000000c     ti_drivers_config.obj (.const:UART_config)
                  00004a20    0000000c     ti_drivers_config.obj (.const:adcCC26xxHWAttrs)
                  00004a2c    0000000c     AS4_pem4f.oem4f (.const:xdc_runtime_Startup_firstFxns__A)
                  00004a38    00000008     driverlib.lib : aux_sysif.obj (.const:$O1$$)
                  00004a40    00000008     drivers_cc13x2.a : ADC.oem4f (.const:ADC_defaultParams)
                  00004a48    00000008                      : GPTimerCC26XX.oem4f (.const:GPT_DefaultParams)
                  00004a50    00000008                      : UARTCC26XX.oem4f (.const:stopBits)
                  00004a58    00000008     AS4_pem4f.oem4f (.const:ti_sysbios_family_arm_m3_Hwi_excHookFuncs__A)
                  00004a60    00000006     drivers_cc13x2.a : UARTCC26XX.oem4f (.const:.string:rxFifoBytes)
                  00004a66    00000006                      : UARTCC26XX.oem4f (.const:.string:rxFifoThreshold)
                  00004a6c    00000006                      : UARTCC26XX.oem4f (.const:.string:txFifoBytes)
                  00004a72    00000006                      : UARTCC26XX.oem4f (.const:.string:txFifoThreshold)
                  00004a78    00000004     AS4_pem4f.oem4f (.const:ti_sysbios_heaps_HeapMem_primaryHeapBaseAddr__C)
                  00004a7c    00000004     AS4_pem4f.oem4f (.const:ti_sysbios_heaps_HeapMem_primaryHeapEndAddr__C)
                  00004a80    00000004     AS4_pem4f.oem4f (.const:ti_sysbios_knl_Clock_tickPeriod__C)
                  00004a84    00000004     AS4_pem4f.oem4f (.const:ti_sysbios_knl_Idle_funcList__A)
                  00004a88    00000004     AS4_pem4f.oem4f (.const:xdc_runtime_SysMin_bufSize__C)
                  00004a8c    00000004     AS4_pem4f.oem4f (.const:xdc_runtime_SysMin_outputFunc__C)
                  00004a90    00000002     ti_drivers_config.obj (.const:pwmTimerCC26XXHWAttrs)
                  00004a92    00000002     AS4_pem4f.oem4f (.const:xdc_runtime_SysMin_flushAtExit__C)
                  00004a94    00000001     AS4_pem4f.oem4f (.const:xdc_runtime_Text_charTab__A)

MODULE SUMMARY

       Module                             code    ro data   rw data
       ------                             ----    -------   -------
    .\
       AS4.obj                            796     0         1836   
    +--+----------------------------------+-------+---------+---------+
       Total:                             796     0         1836   
                                                                   
    .\syscfg\
       ti_drivers_config.obj              240     225       2056   
       ti_devices_config.obj              0       88        0      
    +--+----------------------------------+-------+---------+---------+
       Total:                             240     313       2056   
                                                                   
    C:\Users\Nolas\OneDrive\Desktop\UNLV\fall 2022\CPE403\Assignments\not-github\Assignment 4\Code\Assignment4_CC1352R1_LAUNCHXL_tirtos_ccs\Debug\configPkg\package\cfg\
       AS4_pem4f.oem4f                    720     1263      2310   
    +--+----------------------------------+-------+---------+---------+
       Total:                             720     1263      2310   
                                                                   
    C:/ti/simplelink_cc13xx_cc26xx_sdk_5_30_01_01/kernel/tirtos/packages/ti/dpl/lib/ccs/m4f/dpl_cc13x2.a
       PowerCC26X2_tirtos.oem4f           260     0         8      
       SemaphoreP_tirtos.oem4f            126     0         0      
       SwiP_tirtos.oem4f                  112     0         0      
       ClockP_tirtos.oem4f                106     0         0      
       HwiP_tirtos.oem4f                  90      0         0      
       SystemP_tirtos.oem4f               4       0         0      
    +--+----------------------------------+-------+---------+---------+
       Total:                             698     0         8      
                                                                   
    C:/ti/simplelink_cc13xx_cc26xx_sdk_5_30_01_01/source/ti/devices/cc13x2_cc26x2/driverlib/bin/ccs/driverlib.lib
       osc.obj                            484     0         36     
       sys_ctrl.obj                       420     0         0      
       setup.obj                          364     0         0      
       prcm.obj                           160     0         0      
       chipinfo.obj                       118     0         0      
       aux_sysif.obj                      52      8         0      
       aux_adc.obj                        32      0         0      
       cpu.obj                            30      0         0      
    +--+----------------------------------+-------+---------+---------+
       Total:                             1660    8         36     
                                                                   
    C:/ti/simplelink_cc13xx_cc26xx_sdk_5_30_01_01/source/ti/display/lib/ccs/m4f/display_cc13x2.a
       DisplayUart.oem4f                  184     32        0      
       Display.oem4f                      174     1         0      
    +--+----------------------------------+-------+---------+---------+
       Total:                             358     33        0      
                                                                   
    C:/ti/simplelink_cc13xx_cc26xx_sdk_5_30_01_01/source/ti/drivers/lib/ccs/m4f/drivers_cc13x2.a
       UARTCC26XX.oem4f                   2680    108       0      
       PowerCC26X2.oem4f                  2052    84        368    
       PowerCC26X2_calibrateRCOSC.oem4f   1400    0         0      
       ADCCC26XX.oem4f                    786     28        82     
       PWMTimerCC26XX.oem4f               730     36        0      
       GPTimerCC26XX.oem4f                728     36        0      
       GPIOCC26XX.oem4f                   500     0         29     
       UART.oem4f                         186     36        1      
       PWM.oem4f                          172     24        1      
       ADC.oem4f                          162     8         1      
       RingBuf.oem4f                      152     0         0      
       GPIO.oem4f                         84      0         0      
       List.oem4f                         76      0         0      
    +--+----------------------------------+-------+---------+---------+
       Total:                             9708    360       482    
                                                                   
    C:\Users\Nolas\OneDrive\Desktop\UNLV\fall 2022\CPE403\Assignments\not-github\Assignment 4\Code\Assignment4_CC1352R1_LAUNCHXL_tirtos_ccs\src\sysbios\rom_sysbios.aem4f
       rom_sysbios.obj                    1349    0         0      
    +--+----------------------------------+-------+---------+---------+
       Total:                             1349    0         0      
                                                                   
    C:\ti\ccs1210\ccs\tools\compiler\ti-cgt-arm_20.2.7.LTS\lib\rtsv7M4_T_le_v4SPD16_eabi.lib
       trgmsg.c.obj                       108     0         288    
       memcpy_t2.asm.obj                  156     0         0      
       ull_div_t2.asm.obj                 150     0         0      
       memset_t2.asm.obj                  122     0         0      
       copy_decompress_lzss.c.obj         104     0         0      
       hostwrite.c.obj                    88      0         0      
       cpy_tbl.c.obj                      76      0         0      
       u_divt2.asm.obj                    64      0         0      
       _lock.c.obj                        26      0         8      
       args_main.c.obj                    24      0         0      
       ll_mul_t2.asm.obj                  24      0         0      
       copy_decompress_none.c.obj         14      0         0      
       copy_zero_init.c.obj               12      0         0      
       hostopen.c.obj                     0       0         8      
       stkdepth_vars.c.obj                0       0         4      
       div0.asm.obj                       2       0         0      
    +--+----------------------------------+-------+---------+---------+
       Total:                             970     0         308    
                                                                   
    C:\ti\simplelink_cc13xx_cc26xx_sdk_5_30_01_01\kernel\tirtos\packages\ti\targets\arm\rtsarm\lib\auto_init.aem4f
       auto_init.oem4f                    160     0         0      
    +--+----------------------------------+-------+---------+---------+
       Total:                             160     0         0      
                                                                   
    C:\ti\simplelink_cc13xx_cc26xx_sdk_5_30_01_01\kernel\tirtos\packages\ti\targets\arm\rtsarm\lib\boot.aem4f
       boot.oem4f                         88      0         0      
    +--+----------------------------------+-------+---------+---------+
       Total:                             88      0         0      
                                                                   
       Stack:                             0       0         1024   
       Linker Generated:                  456     473       0      
    +--+----------------------------------+-------+---------+---------+
       Grand Total:                       17203   2450      8060   


LINKER GENERATED COPY TABLES

__TI_cinit_table @ 00004c50 records: 5, size/record: 8, table size: 40
	.data: load addr=00004a98, load size=00000185 bytes, run addr=20004f10, run size=00000c98 bytes, compression=lzss
	.bss: load addr=00004c30, load size=00000008 bytes, run addr=20004110, run size=00000e00 bytes, compression=zero_init
	.data:xdcRomConstPtr: load addr=00004c38, load size=00000008 bytes, run addr=20000100, run size=00000004 bytes, compression=lzss
	.data:xdcRomExternFuncPtr: load addr=00004c40, load size=00000008 bytes, run addr=20000104, run size=00000004 bytes, compression=lzss
	.data:xdcRomStatePtr: load addr=00004c48, load size=00000008 bytes, run addr=20000108, run size=00000004 bytes, compression=lzss


LINKER GENERATED HANDLER TABLE

__TI_handler_table @ 00004c20 records: 3, size/record: 4, table size: 12
	index: 0, handler: __TI_decompress_lzss
	index: 1, handler: __TI_decompress_none
	index: 2, handler: __TI_zero_init


FAR CALL TRAMPOLINES

callee name               trampoline name
   callee addr  tramp addr   call addr  call info
--------------  -----------  ---------  ----------------
xdc_runtime_System_vsnprintf__E  $Tramp$TT$L$PI$$xdc_runtime_System_vsnprintf__E
   1002f8b9     000041a8     00004190   dpl_cc13x2.a : SystemP_tirtos.oem4f (.text:SystemP_vsnprintf)
ti_sysbios_knl_Swi_destruct  $Tramp$TT$L$PI$$ti_sysbios_knl_Swi_destruct
   1002e8bd     000041b0     00004184   dpl_cc13x2.a : SwiP_tirtos.oem4f (.text:SwiP_destruct)
ti_sysbios_knl_Semaphore_destruct  $Tramp$TT$L$PI$$ti_sysbios_knl_Semaphore_destruct
   1002e6fd     000041b8     0000417c   dpl_cc13x2.a : SemaphoreP_tirtos.oem4f (.text:SemaphoreP_destruct)
ti_sysbios_family_arm_m3_Hwi_disableFxn__E  $Tramp$TT$L$PI$$ti_sysbios_family_arm_m3_Hwi_disableFxn__E
   1002eb55     000041c0     00004178   dpl_cc13x2.a : HwiP_tirtos.oem4f (.text:HwiP_disable)
ti_sysbios_family_arm_m3_Hwi_destruct  $Tramp$TT$L$PI$$ti_sysbios_family_arm_m3_Hwi_destruct
   1002e475     000041c8     00004174   dpl_cc13x2.a : HwiP_tirtos.oem4f (.text:HwiP_destruct)
ti_sysbios_BIOS_getCpuFreq__E  $Tramp$TT$L$PI$$ti_sysbios_BIOS_getCpuFreq__E
   1002e9fd     000041d0     00004160   dpl_cc13x2.a : ClockP_tirtos.oem4f (.text:ClockP_getCpuFreq)
ti_sysbios_knl_Clock_destruct  $Tramp$TT$L$PI$$ti_sysbios_knl_Clock_destruct
   1002e649     000041d8     0000415c   dpl_cc13x2.a : ClockP_tirtos.oem4f (.text:ClockP_destruct)
ti_sysbios_knl_Semaphore_delete  $Tramp$TT$L$PI$$ti_sysbios_knl_Semaphore_delete
   1002ecdb     000041e0     0000405e   dpl_cc13x2.a : SemaphoreP_tirtos.oem4f (.text:SemaphoreP_delete)
ti_sysbios_knl_Clock_logTick__E  $Tramp$TT$L$PI$$ti_sysbios_knl_Clock_logTick__E
   1002dbd7     000041e8     00003f46   AS4_pem4f.oem4f (.text:ti_sysbios_knl_Clock_doTick__I)
ti_sysbios_knl_Swi_post__E  $Tramp$TT$L$PI$$ti_sysbios_knl_Swi_post__E
   1002d891     000041f0     00003e7c   rom_sysbios.aem4f : rom_sysbios.obj (.text:ti_sysbios_knl_Swi_or__E)
                             00003f4e   AS4_pem4f.oem4f (.text:ti_sysbios_knl_Clock_doTick__I)
ti_sysbios_BIOS_RtsGateProxy_leave__E  $Tramp$TT$L$PI$$ti_sysbios_BIOS_RtsGateProxy_leave__E
   1002ec7b     000041f8     00003e5e   AS4_pem4f.oem4f (.text:ti_sysbios_BIOS_rtsUnlock__I)
ti_sysbios_knl_Swi_construct  $Tramp$TT$L$PI$$ti_sysbios_knl_Swi_construct
   1002d719     00004200     00003cf2   rom_sysbios.aem4f : rom_sysbios.obj (.text:ti_sysbios_knl_Swi_construct2__E)
ti_sysbios_knl_Task_restore__E  $Tramp$TT$L$PI$$ti_sysbios_knl_Task_restore__E
   1002df45     00004208     00003cc2   dpl_cc13x2.a : PowerCC26X2_tirtos.oem4f (.text:PowerCC26XX_schedulerRestore)
ti_sysbios_knl_Swi_restore__E  $Tramp$TT$L$PI$$ti_sysbios_knl_Swi_restore__E
   1002db61     00004210     00003cba   dpl_cc13x2.a : PowerCC26X2_tirtos.oem4f (.text:PowerCC26XX_schedulerRestore)
ti_sysbios_BIOS_RtsGateProxy_enter__E  $Tramp$TT$L$PI$$ti_sysbios_BIOS_RtsGateProxy_enter__E
   1002ec77     00004218     00003be6   AS4_pem4f.oem4f (.text:ti_sysbios_BIOS_rtsLock__I)
ti_sysbios_knl_Clock_TimerProxy_getCurrentTick__E  $Tramp$TT$L$PI$$ti_sysbios_knl_Clock_TimerProxy_getCurrentTick__E
   1002eac5     00004220     00003932   rom_sysbios.aem4f : rom_sysbios.obj (.text:ti_sysbios_knl_Clock_getTicksUntilInterrupt__E)
ti_sysbios_knl_Semaphore_create  $Tramp$TT$L$PI$$ti_sysbios_knl_Semaphore_create
   1002dc49     00004228     00003914   dpl_cc13x2.a : SemaphoreP_tirtos.oem4f (.text:SemaphoreP_createBinary)
ti_sysbios_knl_Task_startup__E  $Tramp$TT$L$PI$$ti_sysbios_knl_Task_startup__E
   1002eceb     00004230     00003834   AS4_pem4f.oem4f (.text:ti_sysbios_BIOS_startFunc__I)
ti_sysbios_knl_Swi_startup__E  $Tramp$TT$L$PI$$ti_sysbios_knl_Swi_startup__E
   1002ec6b     00004238     00003830   AS4_pem4f.oem4f (.text:ti_sysbios_BIOS_startFunc__I)
ti_sysbios_hal_Hwi_startup__E  $Tramp$TT$L$PI$$ti_sysbios_hal_Hwi_startup__E
   1002ec31     00004240     0000382c   AS4_pem4f.oem4f (.text:ti_sysbios_BIOS_startFunc__I)
ti_sysbios_family_arm_cc26xx_Timer_startup__E  $Tramp$TT$L$PI$$ti_sysbios_family_arm_cc26xx_Timer_startup__E
   1002dcf1     00004248     00003828   AS4_pem4f.oem4f (.text:ti_sysbios_BIOS_startFunc__I)
xdc_runtime_System_atexit__E  $Tramp$TT$L$PI$$xdc_runtime_System_atexit__E
   1002f559     00004250     00003820   AS4_pem4f.oem4f (.text:ti_sysbios_BIOS_startFunc__I)
ti_sysbios_BIOS_linkedWithIncorrectBootLibrary__E  $Tramp$TT$L$PI$$ti_sysbios_BIOS_linkedWithIncorrectBootLibrary__E
   1002d01b     00004258     0000381a   AS4_pem4f.oem4f (.text:ti_sysbios_BIOS_startFunc__I)
xdc_runtime_Startup_rtsDone__E  $Tramp$TT$L$PI$$xdc_runtime_Startup_rtsDone__E
   1002f8e5     00004260     00003812   AS4_pem4f.oem4f (.text:ti_sysbios_BIOS_startFunc__I)
ti_sysbios_BIOS_setThreadType__E  $Tramp$TT$L$PI$$ti_sysbios_BIOS_setThreadType__E
   1002ea11     00004268     000037ec   AS4_pem4f.oem4f (.text:ti_sysbios_BIOS_atExitFunc__I)
                             00003ee6   AS4_pem4f.oem4f (.text:ti_sysbios_BIOS_exitFunc__I)
ti_sysbios_knl_Task_disable__E  $Tramp$TT$L$PI$$ti_sysbios_knl_Task_disable__E
   1002ea4d     00004270     000037e6   AS4_pem4f.oem4f (.text:ti_sysbios_BIOS_atExitFunc__I)
                             00003c9a   dpl_cc13x2.a : PowerCC26X2_tirtos.oem4f (.text:PowerCC26XX_schedulerDisable)
ti_sysbios_knl_Swi_disable__E  $Tramp$TT$L$PI$$ti_sysbios_knl_Swi_disable__E
   1002ea25     00004278     000037e2   AS4_pem4f.oem4f (.text:ti_sysbios_BIOS_atExitFunc__I)
                             00003ca2   dpl_cc13x2.a : PowerCC26X2_tirtos.oem4f (.text:PowerCC26XX_schedulerDisable)
ti_sysbios_family_arm_m3_Hwi_construct  $Tramp$TT$L$PI$$ti_sysbios_family_arm_m3_Hwi_construct
   1002d421     00004280     000033ae   rom_sysbios.aem4f : rom_sysbios.obj (.text:ti_sysbios_family_arm_m3_Hwi_construct2__E)
ti_sysbios_family_arm_m3_Hwi_Params__init__S  $Tramp$TT$L$PI$$ti_sysbios_family_arm_m3_Hwi_Params__init__S
   1002eb49     00004288     000032bc   dpl_cc13x2.a : HwiP_tirtos.oem4f (.text:HwiP_construct)
ti_sysbios_knl_Clock_construct  $Tramp$TT$L$PI$$ti_sysbios_knl_Clock_construct
   1002dd8d     00004290     00003116   dpl_cc13x2.a : ClockP_tirtos.oem4f (.text:ClockP_construct)
ti_sysbios_knl_Clock_Params__init__S  $Tramp$TT$L$PI$$ti_sysbios_knl_Clock_Params__init__S
   1002eb9d     00004298     000030fc   dpl_cc13x2.a : ClockP_tirtos.oem4f (.text:ClockP_construct)
xdc_runtime_Gate_leaveSystem__E  $Tramp$TT$L$PI$$xdc_runtime_Gate_leaveSystem__E
   1002f90f     000042a0     0000308c   rom_sysbios.aem4f : rom_sysbios.obj (.text:xdc_runtime_SysMin_flush__E)
                             000036ae                     : rom_sysbios.obj (.text:xdc_runtime_SysMin_putch__E)
xdc_runtime_Gate_enterSystem__E  $Tramp$TT$L$PI$$xdc_runtime_Gate_enterSystem__E
   1002f91b     000042a8     0000305e   rom_sysbios.aem4f : rom_sysbios.obj (.text:xdc_runtime_SysMin_flush__E)
                             00003692                     : rom_sysbios.obj (.text:xdc_runtime_SysMin_putch__E)
strlen                    $Tramp$TT$L$PI$$strlen
   1002fddb     000042b0     00002ee2   display_cc13x2.a : DisplayUart.oem4f (.text:DisplayUartMin_vprintf)
ti_sysbios_knl_Swi_Params__init__S  $Tramp$TT$L$PI$$ti_sysbios_knl_Swi_Params__init__S
   1002ebf1     000042b8     00002b0e   dpl_cc13x2.a : SwiP_tirtos.oem4f (.text:SwiP_construct)
xdc_runtime_Error_raiseX__E  $Tramp$TT$L$PI$$xdc_runtime_Error_raiseX__E
   1002f739     000042c0     000029cc   rom_sysbios.aem4f : rom_sysbios.obj (.text:ti_sysbios_heaps_HeapMem_alloc__E)
ti_sysbios_heaps_HeapMem_Module_GateProxy_leave__E  $Tramp$TT$L$PI$$ti_sysbios_heaps_HeapMem_Module_GateProxy_leave__E
   1002ecaf     000042c8     000029b2   rom_sysbios.aem4f : rom_sysbios.obj (.text:ti_sysbios_heaps_HeapMem_alloc__E)
ti_sysbios_heaps_HeapMem_Module_GateProxy_enter__E  $Tramp$TT$L$PI$$ti_sysbios_heaps_HeapMem_Module_GateProxy_enter__E
   1002ecab     000042d0     0000299c   rom_sysbios.aem4f : rom_sysbios.obj (.text:ti_sysbios_heaps_HeapMem_alloc__E)
xdc_runtime_System_exit__E  $Tramp$TT$L$PI$$xdc_runtime_System_exit__E
   1002f7b1     000042d8     00002974   boot.aem4f : boot.oem4f (.text)
                             00003eec   AS4_pem4f.oem4f (.text:ti_sysbios_BIOS_exitFunc__I)
ti_sysbios_heaps_HeapMem_restore__E  $Tramp$TT$L$PI$$ti_sysbios_heaps_HeapMem_restore__E
   1002eb13     000042e0     000025e0   rom_sysbios.aem4f : rom_sysbios.obj (.text:ti_sysbios_heaps_HeapMem_initPrimary__I)
ti_sysbios_heaps_HeapMem_Object__get__S  $Tramp$TT$L$PI$$ti_sysbios_heaps_HeapMem_Object__get__S
   1002e275     000042e8     000025a8   rom_sysbios.aem4f : rom_sysbios.obj (.text:ti_sysbios_heaps_HeapMem_initPrimary__I)
ti_sysbios_knl_Task_sleep__E  $Tramp$TT$L$PI$$ti_sysbios_knl_Task_sleep__E
   1002ce01     000042f0     000013f0   AS4.obj (.text:task1Fxn)
                             000016c4   AS4.obj (.text:task2Fxn)
                             00001be2   AS4.obj (.text:task3Fxn)
ti_sysbios_knl_Semaphore_post__E  $Tramp$TT$L$PI$$ti_sysbios_knl_Semaphore_post__E
   1002cd21     000042f8     000013ea   AS4.obj (.text:task1Fxn)
                             000016be   AS4.obj (.text:task2Fxn)
                             00001bdc   AS4.obj (.text:task3Fxn)
                             00004180   dpl_cc13x2.a : SemaphoreP_tirtos.oem4f (.text:SemaphoreP_post)
ti_sysbios_knl_Semaphore_pend__E  $Tramp$TT$L$PI$$ti_sysbios_knl_Semaphore_pend__E
   1002bfb1     00004300     000013be   AS4.obj (.text:task1Fxn)
                             0000169a   AS4.obj (.text:task2Fxn)
                             00001bb4   AS4.obj (.text:task3Fxn)
                             00003f7e   dpl_cc13x2.a : SemaphoreP_tirtos.oem4f (.text:SemaphoreP_pend)
xdc_runtime_System_printf__E  $Tramp$TT$L$PI$$xdc_runtime_System_printf__E
   1002f7e9     00004308     000013a6   AS4.obj (.text:task1Fxn)
                             000013b4   AS4.obj (.text:task1Fxn)
                             00001682   AS4.obj (.text:task2Fxn)
                             00001690   AS4.obj (.text:task2Fxn)
                             00001b9a   AS4.obj (.text:task3Fxn)
                             00001baa   AS4.obj (.text:task3Fxn)
ti_sysbios_knl_Clock_stop__E  $Tramp$TT$L$PI$$ti_sysbios_knl_Clock_stop__E
   1002e2c5     00004310     0000126e   dpl_cc13x2.a : PowerCC26X2_tirtos.oem4f (.text:PowerCC26XX_standbyPolicy)
                             0000416c                : ClockP_tirtos.oem4f (.text:ClockP_stop)
ti_sysbios_knl_Clock_start__E  $Tramp$TT$L$PI$$ti_sysbios_knl_Clock_start__E
   1002e9e7     00004318     0000125a   dpl_cc13x2.a : PowerCC26X2_tirtos.oem4f (.text:PowerCC26XX_standbyPolicy)
                             00004168                : ClockP_tirtos.oem4f (.text:ClockP_start)
ti_sysbios_knl_Clock_setTimeout__E  $Tramp$TT$L$PI$$ti_sysbios_knl_Clock_setTimeout__E
   1002ecc3     00004320     00001254   dpl_cc13x2.a : PowerCC26X2_tirtos.oem4f (.text:PowerCC26XX_standbyPolicy)
                             00004164                : ClockP_tirtos.oem4f (.text:ClockP_setTimeout)
xdc_runtime_System_doPrint__I  $Tramp$TT$L$PI$$xdc_runtime_System_doPrint__I
   1002ecf1     00004328     00000d0a   AS4_pem4f.oem4f (.text:xdc_runtime_System_printfExtend__I)
xdc_runtime_Text_putSite__E  $Tramp$TT$L$PI$$xdc_runtime_Text_putSite__E
   1002f15d     00004330     00000cd8   AS4_pem4f.oem4f (.text:xdc_runtime_System_printfExtend__I)
xdc_runtime_Text_putLab__E  $Tramp$TT$L$PI$$xdc_runtime_Text_putLab__E
   1002f3c5     00004338     00000c9e   AS4_pem4f.oem4f (.text:xdc_runtime_System_printfExtend__I)
ti_sysbios_BIOS_start__E  $Tramp$TT$L$PI$$ti_sysbios_BIOS_start__E
   1002eaa5     00004340     00000c34   AS4.obj (.text:main)
ti_sysbios_knl_Semaphore_construct  $Tramp$TT$L$PI$$ti_sysbios_knl_Semaphore_construct
   1002ddc1     00004348     00000c22   AS4.obj (.text:main)
                             000038ea   dpl_cc13x2.a : SemaphoreP_tirtos.oem4f (.text:SemaphoreP_constructBinary)
ti_sysbios_knl_Semaphore_Params__init__S  $Tramp$TT$L$PI$$ti_sysbios_knl_Semaphore_Params__init__S
   1002ebe5     00004350     00000c14   AS4.obj (.text:main)
                             000038da   dpl_cc13x2.a : SemaphoreP_tirtos.oem4f (.text:SemaphoreP_constructBinary)
                             00003904                : SemaphoreP_tirtos.oem4f (.text:SemaphoreP_createBinary)
ti_sysbios_knl_Task_construct  $Tramp$TT$L$PI$$ti_sysbios_knl_Task_construct
   1002d5d9     00004358     00000bd2   AS4.obj (.text:main)
                             00000bea   AS4.obj (.text:main)
                             00000c02   AS4.obj (.text:main)
ti_sysbios_knl_Task_Params__init__S  $Tramp$TT$L$PI$$ti_sysbios_knl_Task_Params__init__S
   1002ec09     00004360     00000bb4   AS4.obj (.text:main)
ti_sysbios_family_arm_m3_Hwi_restoreFxn__E  $Tramp$TT$L$PI$$ti_sysbios_family_arm_m3_Hwi_restoreFxn__E
   1002ec47     00004368     000007c6   drivers_cc13x2.a : UARTCC26XX.oem4f (.text:UARTCC26XX_open)
                             000007d2                    : UARTCC26XX.oem4f (.text:UARTCC26XX_open)
                             00000930                    : UARTCC26XX.oem4f (.text:UARTCC26XX_read)
                             0000098c                    : UARTCC26XX.oem4f (.text:UARTCC26XX_read)
                             000009b4                    : UARTCC26XX.oem4f (.text:UARTCC26XX_read)
                             000009c6                    : UARTCC26XX.oem4f (.text:UARTCC26XX_read)
                             00000a10                    : UARTCC26XX.oem4f (.text:UARTCC26XX_read)
                             00000a20                    : UARTCC26XX.oem4f (.text:UARTCC26XX_read)
                             0000105a                    : GPIOCC26XX.oem4f (.text:GPIO_init)
                             000010fa                    : GPIOCC26XX.oem4f (.text:GPIO_init)
                             0000114c                    : UARTCC26XX.oem4f (.text:UARTCC26XX_write)
                             0000116e                    : UARTCC26XX.oem4f (.text:UARTCC26XX_write)
                             000011c4                    : UARTCC26XX.oem4f (.text:UARTCC26XX_write)
                             00001370                    : PowerCC26X2.oem4f (.text:Power_releaseDependency)
                             000015a6                    : PowerCC26X2.oem4f (.text:Power_setDependency)
                             000017fc                    : PWMTimerCC26XX.oem4f (.text:PWMTimerCC26XX_open)
                             0000180a                    : PWMTimerCC26XX.oem4f (.text:PWMTimerCC26XX_open)
                             000019ba                    : PWMTimerCC26XX.oem4f (.text:PWMTimerCC26XX_setDutyAndPeriod)
                             00001b1e                    : UARTCC26XX.oem4f (.text:UARTCC26XX_writeCancel)
                             00001b34                    : UARTCC26XX.oem4f (.text:UARTCC26XX_writeCancel)
                             00001b68                    : UARTCC26XX.oem4f (.text:UARTCC26XX_writeCancel)
                             00001c66                    : GPTimerCC26XX.oem4f (.text:GPTimerCC26XX_open)
                             00001c82                    : GPTimerCC26XX.oem4f (.text:GPTimerCC26XX_open)
                             00001f5c                    : UARTCC26XX.oem4f (.text:writeTxFifoFlush)
                             000023bc                    : GPIOCC26XX.oem4f (.text:GPIO_setConfig)
                             000023e2                    : GPIOCC26XX.oem4f (.text:GPIO_setConfig)
                             00002576                    : UARTCC26XX.oem4f (.text:UARTCC26XX_control)
                             0000267a                    : ADCCC26XX.oem4f (.text:ADCCC26XX_open)
                             0000269e                    : ADCCC26XX.oem4f (.text:ADCCC26XX_open)
                             00002860                    : GPTimerCC26XX.oem4f (.text:GPTimerCC26XX_stop)
                             0000286e                    : GPTimerCC26XX.oem4f (.text:GPTimerCC26XX_stop)
                             00002902                    : PowerCC26X2_calibrateRCOSC.oem4f (.text:PowerCC26X2_initiateCalibration)
                             00002c58                    : GPTimerCC26XX.oem4f (.text:GPTimerCC26XX_start)
                             00002c64                    : GPTimerCC26XX.oem4f (.text:GPTimerCC26XX_start)
                             00002ce2                    : UARTCC26XX.oem4f (.text:UARTCC26XX_readCancel)
                             00002cf6                    : UARTCC26XX.oem4f (.text:UARTCC26XX_readCancel)
                             00002e4e                    : PowerCC26X2.oem4f (.text:switchXOSCHF)
                             00002f1a                    : RingBuf.oem4f (.text:RingBuf_put)
                             00002f44                    : RingBuf.oem4f (.text:RingBuf_put)
                             00002f7e                    : ADC.oem4f (.text:ADC_init)
                             00003006                    : PWM.oem4f (.text:PWM_init)
                             0000304a                    : UART.oem4f (.text:UART_init)
                             000031ce                    : RingBuf.oem4f (.text:RingBuf_get)
                             000031d6                    : RingBuf.oem4f (.text:RingBuf_get)
                             0000330e                    : ADCCC26XX.oem4f (.text:ADCCC26XX_close)
                             0000374a                    : GPTimerCC26XX.oem4f (.text:GPTimerCC26XX_close)
                             00003774                    : PowerCC26X2.oem4f (.text:Power_releaseConstraint)
                             000037a4                    : PowerCC26X2.oem4f (.text:Power_setConstraint)
                             000039bc                    : GPIOCC26XX.oem4f (.text:GPIO_setMux)
                             00003a38                    : List.oem4f (.text:List_put)
                             00003a5e                    : List.oem4f (.text:List_remove)
                             00003b94                    : PowerCC26X2.oem4f (.text:Power_unregisterNotify)
                             00003bba                    : UARTCC26XX.oem4f (.text:threadSafeStdbyDisRelease)
                             00003bda                    : UARTCC26XX.oem4f (.text:threadSafeStdbyDisSet)

[57 trampolines]
[138 trampoline calls]


GLOBAL SYMBOLS: SORTED ALPHABETICALLY BY Name 

address   name                                                               
-------   ----                                                               
000032e1  ADCCC26XX_close                                                    
00004129  ADCCC26XX_control                                                  
00000e61  ADCCC26XX_convert                                                  
00000d69  ADCCC26XX_convertChain                                             
000022a9  ADCCC26XX_convertToMicroVolts                                      
000048ec  ADCCC26XX_fxnTable                                                 
000040f9  ADCCC26XX_init                                                     
0000265d  ADCCC26XX_open                                                     
00004095  ADC_Params_init                                                    
0000409f  ADC_close                                                          
000049f0  ADC_config                                                         
000040a9  ADC_convert                                                        
000049be  ADC_count                                                          
00004a40  ADC_defaultParams                                                  
00002f4d  ADC_init                                                           
000030a1  ADC_open                                                           
00003ef3  Board_init                                                         
00000a2b  Board_initHook                                                     
000029e5  Board_sendExtFlashByte                                             
00002a3d  Board_shutDownExtFlash                                             
000036f1  Board_wakeUpExtFlash                                               
000033ff  C$$IO$$                                                            
000049bd  CONFIG_ADC_0_CONST                                                 
000049c3  CONFIG_GPIO_0_CONST                                                
000049c4  CONFIG_GPIO_1_CONST                                                
000049c1  CONFIG_GPIO_ADC_0_AIN_CONST                                        
000049c5  CONFIG_GPIO_PWM_0_CONST                                            
000049cd  CONFIG_GPTIMER_0_CONST                                             
000049cc  CONFIG_GPTIMER_1_CONST                                             
000049c6  CONFIG_PWM_0_CONST                                                 
000049c8  CONFIG_TIMER_0_CONST                                               
000049ca  CONFIG_UART_0_CONST                                                
000040b3  ClockP_Params_init                                                 
000030e1  ClockP_construct                                                   
0000415d  ClockP_destruct                                                    
00004161  ClockP_getCpuFreq                                                  
0000401d  ClockP_getSystemTickPeriod                                         
1002dc11  ClockP_getSystemTicks                                              
00004165  ClockP_setTimeout                                                  
00004169  ClockP_start                                                       
0000416d  ClockP_stop                                                        
00000d67  DisplayUartMin_clear                                               
000021bf  DisplayUartMin_clearLines                                          
00003eb1  DisplayUartMin_close                                               
0000412f  DisplayUartMin_control                                             
000048cc  DisplayUartMin_fxnTable                                            
00004135  DisplayUartMin_getType                                             
00002387  DisplayUartMin_init                                                
00002d55  DisplayUartMin_open                                                
00002ec1  DisplayUartMin_vprintf                                             
000049fc  Display_config                                                     
000049bc  Display_count                                                      
000049cf  Display_defaultParams                                              
00003979  Display_doInit                                                     
[...]
1002eb9d  ti_sysbios_knl_Clock_Params__init__S                               
1002eba9  ti_sysbios_knl_Clock_getTimerHandle__E                             
1002ebb5  ti_sysbios_knl_Event_Params__init__S                               
1002ebc1  ti_sysbios_knl_Mailbox_Params__init__S                             
1002ebcd  ti_sysbios_knl_Queue_dequeue__E                                    
1002ebd9  ti_sysbios_knl_Queue_enqueue__E                                    
1002ebe5  ti_sysbios_knl_Semaphore_Params__init__S                           
1002ebf1  ti_sysbios_knl_Swi_Params__init__S                                 
1002ebfd  ti_sysbios_knl_Swi_self__E                                         
1002ec09  ti_sysbios_knl_Task_Params__init__S                                
1002ec15  ti_sysbios_hal_Hwi_Instance_finalize__E                            
1002ec1f  ti_sysbios_knl_Event_Instance_init__E                              
1002ec29  ti_sysbios_family_arm_m3_Hwi_doSwiRestore__I                       
1002ec31  ti_sysbios_family_arm_m3_Hwi_startup__E                            
1002ec31  ti_sysbios_hal_Hwi_HwiProxy_startup__E                             
1002ec31  ti_sysbios_hal_Hwi_HwiProxy_startup__E                             
1002ec31  ti_sysbios_hal_Hwi_startup__E                                      
1002ec31  ti_sysbios_hal_Hwi_startup__E                                      
1002ec39  ti_sysbios_knl_Idle_loop__E                                        
1002ec41  ti_sysbios_family_arm_m3_Hwi_doTaskRestore__I                      
1002ec47  HwiP_restore                                                       
1002ec47  ti_sysbios_family_arm_m3_Hwi_restoreFxn__E                         
1002ec4d  ti_sysbios_gates_GateHwi_leave__E                                  
1002ec53  ti_sysbios_gates_GateMutex_Instance_finalize__E                    
1002ec59  ti_sysbios_heaps_HeapMem_isBlocking__E                             
1002ec5f  ti_sysbios_knl_Queue_Instance_init__E                              
1002ec65  ti_sysbios_knl_Queue_elemClear__E                                  
1002ec6b  ti_sysbios_knl_Swi_startup__E                                      
1002ec71  ti_sysbios_knl_Task_enable__E                                      
1002ec77  ti_sysbios_BIOS_RtsGateProxy_enter__E                              
1002ec7b  ti_sysbios_BIOS_RtsGateProxy_leave__E                              
1002ec7f  ti_sysbios_family_arm_cc26xx_Timer_getExpiredTicks__E              
1002ec83  ti_sysbios_family_arm_cc26xx_Timer_getPeriod__E                    
1002ec87  ti_sysbios_family_arm_cc26xx_Timer_setPeriod__E                    
1002ec8b  ti_sysbios_family_arm_m3_Hwi_delete                                
1002ec8f  ti_sysbios_family_arm_m3_TaskSupport_Module__startupDone__S        
1002ec8f  ti_sysbios_knl_Task_SupportProxy_Module__startupDone__S            
1002ec93  ti_sysbios_gates_GateHwi_query__E                                  
1002ec93  xdc_runtime_Main_Module_GateProxy_query__E                         
1002ec93  xdc_runtime_System_Module_GateProxy_query__E                       
1002ec93  xdc_runtime_System_Module_GateProxy_query__E                       
1002ec97  ti_sysbios_gates_GateMutex_delete                                  
1002ec9b  ti_sysbios_BIOS_RtsGateProxy_query__E                              
1002ec9b  ti_sysbios_BIOS_RtsGateProxy_query__E                              
1002ec9b  ti_sysbios_gates_GateMutex_query__E                                
1002ec9b  ti_sysbios_heaps_HeapMem_Module_GateProxy_query__E                 
1002ec9b  ti_sysbios_heaps_HeapMem_Module_GateProxy_query__E                 
1002ec9f  ti_sysbios_hal_Hwi_HwiProxy_create                                 
1002eca3  ti_sysbios_hal_Hwi_HwiProxy_delete                                 
1002eca7  ti_sysbios_hal_Hwi_delete                                          
1002ecab  ti_sysbios_heaps_HeapMem_Module_GateProxy_enter__E                 
1002ecaf  ti_sysbios_heaps_HeapMem_Module_GateProxy_leave__E                 
1002ecb3  ti_sysbios_knl_Clock_TimerProxy_getExpiredTicks__E                 
1002ecb7  ti_sysbios_knl_Clock_TimerProxy_getPeriod__E                       
1002ecbb  ti_sysbios_knl_Clock_delete                                        
1002ecbf  ti_sysbios_knl_Clock_removeI__E                                    
1002ecc3  ti_sysbios_knl_Clock_setTimeout__E                                 
1002ecc7  ti_sysbios_knl_Event_delete                                        
1002eccb  ti_sysbios_knl_Mailbox_delete                                      
1002eccf  ti_sysbios_knl_Queue_delete                                        
1002ecd3  ti_sysbios_knl_Queue_head__E                                       
1002ecd7  ti_sysbios_knl_Queue_next__E                                       
1002ecdb  ti_sysbios_knl_Semaphore_delete                                    
1002ecdf  ti_sysbios_knl_Swi_delete                                          
1002ece3  ti_sysbios_knl_Swi_postInit__I                                     
1002ece7  ti_sysbios_knl_Task_delete                                         
1002eceb  ti_sysbios_knl_Task_startup__E                                     
1002ecf1  xdc_runtime_System_doPrint__I                                      
1002f055  xdc_runtime_Startup_startMods__I                                   
1002f15d  xdc_runtime_Text_putSite__E                                        
1002f1f7  xdc_runtime_Error_policySpin__E                                    
1002f1f9  xdc_runtime_Text_putMod__E                                         
1002f289  xdc_runtime_Memory_alloc__E                                        
1002f2f9  xdc_runtime_Core_createObject__I                                   
1002f367  xdc_runtime_Core_deleteObject__I                                   
1002f3c5  xdc_runtime_Text_putLab__E                                         
1002f421  xdc_runtime_Assert_raise__I                                        
1002f475  xdc_runtime_Startup_exec__E                                        
1002f4c9  xdc_runtime_Core_assignParams__I                                   
1002f511  xdc_runtime_Core_constructObject__I                                
1002f559  xdc_runtime_System_atexit__E                                       
1002f5a1  xdc_runtime_Text_xprintf__I                                        
1002f5e5  xdc_runtime_System_processAtExit__E                                
1002f625  xdc_runtime_System_putchar__I                                      
1002f659  xdc_runtime_Core_assignLabel__I                                    
1002f689  xdc_runtime_Text_printVisFxn__I                                    
1002f6b9  xdc_runtime_System_vprintf__E                                      
1002f6e5  xdc_runtime_Text_cordText__E                                       
1002f711  xdc_runtime_System_abort__E                                        
1002f739  xdc_runtime_Error_raiseX__E                                        
1002f759  xdc_runtime_Registry_findById__E                                   
1002f779  xdc_runtime_Error_check__E                                         
1002f795  xdc_runtime_Memory_valloc__E                                       
1002f7b1  xdc_runtime_System_exit__E                                         
1002f7cd  xdc_runtime_Text_ropeText__E                                       
1002f7e9  xdc_runtime_System_printf__E                                       
1002f803  xdc_runtime_Core_destructObject__I                                 
1002f81b  xdc_runtime_System_abortSpin__E                                    
1002f81d  xdc_runtime_Memory_free__E                                         
1002f831  xdc_runtime_Memory_getStats__E                                     
1002f845  xdc_runtime_SysCallback_abort__E                                   
1002f859  xdc_runtime_SysCallback_exit__E                                    
1002f86d  xdc_runtime_SysCallback_flush__E                                   
1002f881  xdc_runtime_SysCallback_putch__E                                   
1002f895  xdc_runtime_SysCallback_ready__E                                   
1002f8a9  xdc_runtime_Memory_getMaxDefaultTypeAlign__E                       
1002f8b9  xdc_runtime_System_vsnprintf__E                                    
1002f8c9  xdc_runtime_Timestamp_SupportProxy_get32__E                        
1002f8c9  xdc_runtime_Timestamp_SupportProxy_get32__E                        
1002f8c9  xdc_runtime_Timestamp_get32__E                                     
1002f8c9  xdc_runtime_Timestamp_get32__E                                     
1002f8d9  xdc_runtime_Memory_calloc__E                                       
1002f8e5  xdc_runtime_Startup_rtsDone__E                                     
1002f8f1  xdc_runtime_Memory_HeapProxy_alloc__E                              
1002f8fb  xdc_runtime_Memory_HeapProxy_free__E                               
1002f905  xdc_runtime_Memory_HeapProxy_getStats__E                           
1002f90f  xdc_runtime_Gate_leaveSystem__E                                    
1002f915  xdc_runtime_System_Module_startup__E                               
1002f91b  xdc_runtime_Gate_enterSystem__E                                    
1002f91f  xdc_runtime_SysCallback_Module__startupDone__S                     
1002f923  xdc_runtime_System_Module_GateProxy_enter__E                       
1002f927  xdc_runtime_System_Module_GateProxy_leave__E                       
1002f92b  xdc_runtime_System_printf_va__F                                    
1002f92f  xdc_runtime_System_exitSpin__E                                     
1002f931  ti_sysbios_family_arm_m3_Hwi_dispatch__I                           
1002fa11  ti_sysbios_family_arm_m3_Hwi_interruptsAreDisabledButShouldNotBe   
1002fa2d  ti_sysbios_family_arm_m3_TaskSupport_buildTaskStack                
1002fab9  ti_sysbios_family_arm_m3_Hwi_initStacks__E                         
1002fb11  ti_sysbios_family_arm_m3_Hwi_pendSV__I                             
1002fb35  ti_sysbios_family_arm_m3_Hwi_return                                
1002fb39  ti_sysbios_family_arm_m3_Hwi_excHandlerAsm__I                      
1002fb59  ti_sysbios_family_xxx_Hwi_switchAndRunFunc                         
1002fb77  ti_sysbios_family_arm_m3_TaskSupport_swap__E                       
1002fb77  ti_sysbios_knl_Task_SupportProxy_swap__E                           
1002fb77  ti_sysbios_knl_Task_SupportProxy_swap__E                           
1002fb83  ti_sysbios_knl_Task_swapReturn                                     
1002fb8f  ti_sysbios_family_arm_m3_TaskSupport_glue                          
1002fba0  ti_sysbios_knl_Task_Object__PARAMS__C                              
1002fbdc  ti_sysbios_knl_Mailbox_Object__PARAMS__C                           
1002fc10  ti_sysbios_family_arm_m3_Hwi_Object__PARAMS__C                     
1002fc40  ti_sysbios_hal_Hwi_Object__PARAMS__C                               
1002fc6c  ti_sysbios_knl_Swi_Object__PARAMS__C                               
1002fc94  ti_sysbios_heaps_HeapMem_Object__PARAMS__C                         
1002fcb8  ti_sysbios_knl_Clock_Object__PARAMS__C                             
1002fcdc  ti_sysbios_knl_Semaphore_Object__PARAMS__C                         
1002fd00  ti_sysbios_gates_GateHwi_Object__PARAMS__C                         
1002fd18  ti_sysbios_gates_GateMutex_Object__PARAMS__C                       
1002fd30  ti_sysbios_knl_Event_Object__PARAMS__C                             
1002fd48  ti_sysbios_knl_Queue_Object__PARAMS__C                             
1002fd80  ti_sysbios_heaps_HeapTrack_Object__PARAMS__C                       
1002fd9c  ti_sysbios_heaps_HeapTrack_Instance_State_trackQueue__O            
1002fda0  ti_sysbios_heaps_HeapTrack_Module__diagsEnabled__C                 
1002fda4  ti_sysbios_heaps_HeapTrack_Module__diagsIncluded__C                
1002fda8  ti_sysbios_heaps_HeapTrack_Module__diagsMask__C                    
1002fddb  strlen                                                             
20000000  __start___llvm_prf_cnts                                            
20000000  __stop___llvm_prf_cnts                                             
20000000  ti_sysbios_family_arm_m3_Hwi_ramVectors                            
20000100  xdcRomConstPtr                                                     
20000104  xdcRomExternFuncPtr                                                
20000108  xdcRomStatePtr                                                     
20000110  __primary_heap_start__                                             
20004110  __primary_heap_end__                                               
20004510  ti_sysbios_knl_Task_Instance_State_0_stack__A                      
20004710  xdc_runtime_SysMin_Module_State_0_outbuf__A                        
20004910  uartCC26XXObjects                                                  
20004abc  __CIOBUF_                                                          
20004bdc  ti_sysbios_family_arm_m3_Hwi_dispatchTable                         
20004cb4  gptimerCC26XXObjects                                               
20004d4c  gpioCallbackFunctions                                              
20004dc8  gpioUserArgs                                                       
20004eb4  pwmTimerCC26XXObjects                                              
20004ef0  displayUartObject                                                  
20004efc  parmbuf                                                            
20004f04  PowerCC26XX_swiKey                                                 
20004f08  PowerCC26XX_taskKey                                                
20004f0c  adcCC26xxObjects                                                   
20004f10  adcValue0                                                          
20004f12  pwmPeriod                                                          
20004f14  duty                                                               
20004f18  res                                                                
20004f20  resource                                                           
20004f24  sleepTickCount                                                     
20004f28  semHandle                                                          
20004f2c  pwm1                                                               
20004f30  semStruct                                                          
20004f4c  task1Struct                                                        
20004f9c  task2Struct                                                        
20004fec  task3Struct                                                        
2000503c  task1Stack                                                         
2000523c  task2Stack                                                         
2000543c  task3Stack                                                         
2000563c  PowerCC26X2_module                                                 
200057ac  ROM_stateStruct                                                    
200057ac  ti_sysbios_knl_Clock_Module__state__V                              
200057d8  ti_sysbios_family_arm_cc26xx_TimestampProvider_Module__state__V    
200057dc  xdc_runtime_Startup_Module__state__V                               
200057e4  xdc_runtime_Registry_Module__state__V                              
200057ec  ti_sysbios_BIOS_Module__state__V                                   
20005810  ti_sysbios_knl_Swi_Module__state__V                                
2000582c  ti_sysbios_knl_Task_Module__state__V                               
20005870  xdc_runtime_Memory_Module__state__V                                
20005874  xdc_runtime_System_Module__state__V                                
2000587c  ti_sysbios_family_arm_m3_Hwi_Module__state__V                      
200058b0  ti_sysbios_family_arm_cc26xx_Timer_Module__state__V                
200058b8  gpioPinConfigs                                                     
20005934  ti_sysbios_knl_Task_Object__table__V                               
20005980  ti_sysbios_family_arm_cc26xx_Timer_Object__table__V                
200059c8  ti_sysbios_gates_GateMutex_Object__table__V                        
20005a00  ti_sysbios_knl_Swi_Module_State_0_readyQ__A                        
20005a30  ti_sysbios_knl_Swi_Object__table__V                                
20005a60  _hposcCoeffs                                                       
20005a84  ti_sysbios_knl_Clock_Object__table__V                              
20005aa4  ti_sysbios_knl_Task_Module_State_0_readyQ__A                       
20005ac4  xdc_runtime_Error_IgnoreBlock                                      
20005ae4  ti_sysbios_family_arm_m3_Hwi_Object__table__V                      
20005afc  ti_sysbios_heaps_HeapMem_Object__table__V                          
20005b14  xdc_runtime_SysMin_Module__state__V                                
20005b20  _lock                                                              
20005b24  _unlock                                                            
20005b28  ti_sysbios_family_arm_m3_Hwi_Module__root__V                       
20005b30  ti_sysbios_gates_GateHwi_Module__root__V                           
20005b38  ti_sysbios_gates_GateMutex_Module__root__V                         
20005b40  ti_sysbios_hal_Hwi_Module__root__V                                 
20005b48  ti_sysbios_heaps_HeapMem_Module__root__V                           
20005b50  ti_sysbios_knl_Clock_Module__root__V                               
20005b58  ti_sysbios_knl_Event_Module__root__V                               
20005b60  ti_sysbios_knl_Mailbox_Module__root__V                             
20005b68  ti_sysbios_knl_Queue_Module__root__V                               
20005b70  ti_sysbios_knl_Semaphore_Module__root__V                           
20005b78  ti_sysbios_knl_Swi_Module__root__V                                 
20005b80  ti_sysbios_knl_Task_Module__root__V                                
20005b88  xdc_runtime_System_Module_State_0_atexitHandlers__A                
20005b90  main_func_sp                                                       
20005b94  ti_sysbios_family_arm_m3_Hwi_Module_State_0_excContext__A          
20005b98  ti_sysbios_family_arm_m3_Hwi_Module_State_0_excStack__A            
20005b9c  ti_sysbios_knl_Task_Module_State_0_idleTask__A                     
20005ba2  ti_sysbios_family_arm_m3_Hwi_Module_State_0_excActive__A           
20013c00  __stack                                                            
20014000  __STACK_END                                                        
e000e000  ti_sysbios_family_arm_m3_Hwi_nvic                                  
ffffffff  __TI_pprof_out_hndl                                                
ffffffff  __TI_prof_data_size                                                
ffffffff  __TI_prof_data_start                                               
ffffffff  __binit__                                                          
ffffffff  __c_args__                                                         
ffffffff  binit                                                              
UNDEFED   ITM_flush                                                          
UNDEFED   ITM_restore                                                        
UNDEFED   PIN_hwi_bypass                                                     
UNDEFED   SHT$$INIT_ARRAY$$Base                                              
UNDEFED   SHT$$INIT_ARRAY$$Limit                                             

[925 symbols]
