******************************************************************************
                  TI ARM Linker PC v20.2.7                     
******************************************************************************
>> Linked Sat Dec 10 21:38:39 2022

OUTPUT FILE NAME:   <collector_CC1352R1_LAUNCHXL_tirtos_ccs.out>
ENTRY POINT SYMBOL: "ResetISR"  address: 000120d5


MEMORY CONFIGURATION

         name            origin    length      used     unused   attr    fill
----------------------  --------  ---------  --------  --------  ----  --------
  FLASH                 00000000   00056000  0001f3c4  00036c3c  R  X
  FLASH_LAST            00056000   00002000  00002000  00000000  R  X
  SRAM                  20000000   00014000  000046af  0000f951  RW X


SEGMENT ALLOCATION MAP

run origin  load origin   length   init length attrs members
----------  ----------- ---------- ----------- ----- -------
00000000    00000000    000173c8   000173c8    r-x
  00000000    00000000    0000003c   0000003c    r-- .resetVecs
  0000003c    0000003c    00002038   00002038    r-- .const
  00002074    00002074    00014e48   00014e48    r-x .text.1
  00016ec0    00016ec0    00000508   00000508    r-- .cinit
0004e000    0004e000    00008000   00000000    rw-
  0004e000    0004e000    00008000   00000000    rw- .TI.bound:flashBuf0
00056000    00056000    00002000   00002000    r-x
  00056000    00056000    00001fa8   00001fa8    r-x .text.2
  00057fa8    00057fa8    00000058   00000058    r-- .ccfg
20000100    20000100    0000001c   00000000    rw-
  20000100    20000100    00000004   00000000    rw- .data:xdcRomConstPtr
  20000104    20000104    00000004   00000000    rw- .data:xdcRomExternFuncPtr
  20000108    20000108    00000004   00000000    rw- .data:xdcRomStatePtr
  2000010c    2000010c    00000010   00000000    rw- .data:RAM_MAC_BASE_ADDR
20001850    20001850    00000010   00000000    rw-
  20001850    20001850    00000010   00000000    rw- .TI.bound:dmaUart1RxControlTableEntry
20001860    20001860    0000404b   00000000    rw-
  20001860    20001860    00000010   00000000    rw- .TI.bound:dmaUart1TxControlTableEntry
  20001870    20001870    00002f3b   00000000    rw- .data
  200047b0    200047b0    000010fb   00000000    rw- .bss
20013aa0    20013aa0    00000560   00000000    rw-
  20013aa0    20013aa0    00000560   00000000    rw- .stack


SECTION ALLOCATION MAP

 output                                  attributes/
section   page    origin      length       input sections
--------  ----  ----------  ----------   ----------------
.const     0    0000003c    00002038     
                  0000003c    00000568     maclib_secure_cc13x2.a : hmac_rom_init.obj (.const:HMAC_ROM_Flash_JT)
                  000005a4    000003b8     app_pem4f.oem4f (.const:ROM_constStruct)
                  0000095c    00000258     maclib_secure_cc13x2.a : fh_rom_init.obj (.const:FH_ROM_Flash_JT)
                  00000bb4    000001fc     rf_multiMode_cc13x2.a : rf_patch_cpe_prop.c.cc13x2.ccs.o (.const:patchImageProp)
                  00000db0    00000188     <whole-program> (.const:.string)
                  00000f38    00000101     rtsv7M4_T_le_v4SPD16_eabi.lib : ctype.c.obj (.const:.string:_ctypes_)
                  00001039    00000100     crc.obj (.const:.string:crc_table$13)
                  00001139    000000fa     maclib_secure_cc13x2.a : fh_global.obj (.const:FH_stateMatrix)
                  00001233    000000f8     mac_cfg.obj (.const:macPibTbl)
                  0000132b    00000001     ti_drivers_config.obj (.const:aesccmCC26XXHWAttrs)
                  0000132c    000000cc     maclib_secure_cc13x2.a : lmac_rom_init.obj (.const:LMAC_ROM_Flash_JT)
                  000013f8    000000ac     ti_radio_config.obj (.const:$O2$$)
                  000014a4    0000008c     mac_cfg.obj (.const:FHPIB_defaults)
                  00001530    00000088     mac_cfg.obj (.const:macPibDefaults)
                  000015b8    00000084     drivers_cc13x2.a : Random.oem4f (.const:$P$T0$1)
                  0000163c    00000078     cllc.obj (.const:$O7$$)
                  000016b4    00000072     maclib_secure_cc13x2.a : hmac_global.obj (.const:macAssociatingSt)
                  00001726    00000072                            : hmac_global.obj (.const:macIdleSt)
                  00001798    00000072                            : hmac_global.obj (.const:macPollingSt)
                  0000180a    00000072                            : hmac_global.obj (.const:macScanningSt)
                  0000187c    00000072                            : hmac_global.obj (.const:macStartingSt)
                  000018ee    00000002     drivers_cc13x2.a : UART2CC26X2.oem4f (.const:.string:stopBits)
                  000018f0    0000006c     maclib_secure_cc13x2.a : icall_osal_rom_init.obj (.const:ICALL_OSAL_ROM_Flash_JT)
                  0000195c    0000006c     mac_user_config.obj (.const:macRfDriverTable)
                  000019c8    00000058     mac_cfg.obj (.const:macSecurityPibTbl)
                  00001a20    00000058     ti_drivers_config.obj (.const:uart2CC26X2HWAttrs)
                  00001a78    00000054     drivers_cc13x2.a : PowerCC26X2.oem4f (.const:resourceDB)
                  00001acc    00000050     mac_cfg.obj (.const:macMRFSKStdPhyTable)
                  00001b1c    00000048     app_pem4f.oem4f (.const:.string)
                  00001b64    00000048     app_pem4f.oem4f (.const:ROM_externFuncPtrs)
                  00001bac    00000040     mac_user_config.obj (.const:macCryptoDriverTable)
                  00001bec    00000040     maclib_secure_cc13x2.a : hmac_global.obj (.const:macTimerRolloverValue)
                  00001c2c    00000038                            : hmac_global.obj (.const:macCmdIncludeFHIe)
                  00001c64    00000028     drivers_cc13x2.a : NVSCC26XX.oem4f (.const:NVSCC26XX_fxnTable)
                  00001c8c    00000028     app_pem4f.oem4f (.const:ti_sysbios_heaps_HeapCallback_Module__FXNS__C)
                  00001cb4    00000028     app_pem4f.oem4f (.const:xdc_runtime_Startup_sfxnTab__A)
                  00001cdc    00000024     cui.obj (.const:$O9$$)
                  00001d00    00000024     drivers_cc13x2.a : UART2.oem4f (.const:UART2_defaultParams)
                  00001d24    00000024     app_pem4f.oem4f (.const:ti_sysbios_gates_GateMutexPri_Module__FXNS__C)
                  00001d48    00000020     mac_user_config.obj (.const:$P$T0$1$12)
                  00001d68    00000020     rf_multiMode_cc13x2.a : RFCC26X2_multiMode.c.cc13x2.ccs.o (.const:RF_defaultParams)
                  00001d88    00000020     cllc.obj (.const:keyDeviceList$4)
                  00001da8    00000020     app_pem4f.oem4f (.const:ti_sysbios_gates_GateMutexPri_Object__DESC__C)
                  00001dc8    00000020     app_pem4f.oem4f (.const:ti_sysbios_heaps_HeapCallback_Object__DESC__C)
                  00001de8    0000001c     app_pem4f.oem4f (.const:ti_sysbios_heaps_HeapCallback_Object__PARAMS__C)
                  00001e04    00000018     csf.obj (.const:$O5$$)
                  00001e1c    00000018     drivers_cc13x2.a : PWM.oem4f (.const:PWM_defaultParams)
                  00001e34    00000018     maclib_secure_cc13x2.a : hmac_global.obj (.const:macSendMsgBufSize)
                  00001e4c    00000018     app_pem4f.oem4f (.const:ti_sysbios_gates_GateMutexPri_Object__PARAMS__C)
                  00001e64    00000015     ti_drivers_config.obj (.const)
                  00001e79    00000002     cllc.obj (.const:keyUsageList$4)
                  00001e7b    00000001     app_pem4f.oem4f (.const:xdc_runtime_Text_charTab__A)
                  00001e7c    00000014     drivers_cc13x2.a : Button.oem4f (.const:Button_defaultParams)
                  00001e90    00000014     ti_drivers_config.obj (.const:PowerCC26X2_config)
                  00001ea4    00000014     drivers_cc13x2.a : TRNG.oem4f (.const:TRNG_defaultParams)
                  00001eb8    00000014     app_pem4f.oem4f (.const:xdc_runtime_Startup_sfxnRts__A)
                  00001ecc    00000013     macTask.obj (.const:.string:msacbackSizeTable)
                  00001edf    00000001     --HOLE-- [fill = 0]
                  00001ee0    00000010     drivers_cc13x2.a : AESCCM.oem4f (.const:AESCCM_defaultParams)
                  00001ef0    00000010     ti_drivers_config.obj (.const:ButtonHWAttrs)
                  00001f00    00000010     ti_drivers_config.obj (.const:Button_config)
                  00001f10    00000010     ti_drivers_config.obj (.const:GPIO_config)
                  00001f20    00000010     ti_drivers_config.obj (.const:LED_config)
                  00001f30    00000010     maclib_secure_cc13x2.a : hmac_global.obj (.const:macIEEEPhyTable)
                  00001f40    0000000e                            : hmac_global.obj (.const:.string:macCmdBufSize)
                  00001f4e    0000000e                            : hmac_global.obj (.const:.string:macTxFrameFailed)
                  00001f5c    0000000e                            : hmac_global.obj (.const:.string:macTxFrameSuccess)
                  00001f6a    00000002     --HOLE-- [fill = 0]
                  00001f6c    0000000c     drivers_cc13x2.a : Random.oem4f (.const:$P$T1$2)
                  00001f78    0000000c     maclib_secure_cc13x2.a : hmac_global.obj (.const:.string:macCbackEventTbl)
                  00001f84    0000000c                            : hmac_global.obj (.const:.string:macSendMsgDataSize)
                  00001f90    0000000c     ti_drivers_config.obj (.const:NVS_config)
                  00001f9c    0000000c     ti_drivers_config.obj (.const:RFCC26XX_hwAttrs)
                  00001fa8    0000000c     app_pem4f.oem4f (.const:xdc_runtime_Startup_firstFxns__A)
                  00001fb4    00000009     maclib_secure_cc13x2.a : hmac_global.obj (.const:.string:macCmdLen)
                  00001fbd    00000003     --HOLE-- [fill = 0]
                  00001fc0    00000008                            : mac_rx.obj (.const:$O21$$)
                  00001fc8    00000008     driverlib.lib : aux_sysif.obj (.const:$O30$$)
                  00001fd0    00000008     main.obj (.const:.string:dummyExtAddr$6)
                  00001fd8    00000008     maclib_secure_cc13x2.a : fh_global.obj (.const:.string:fhSupFrameTypes)
                  00001fe0    00000008                            : hmac_global.obj (.const:.string:macAuthTagLen)
                  00001fe8    00000008     ti_drivers_config.obj (.const:AESCCM_config)
                  00001ff0    00000008     drivers_cc13x2.a : LED.oem4f (.const:LED_defaultParams)
                  00001ff8    00000008     ti_drivers_config.obj (.const:UART2_config)
                  00002000    00000008     ti_drivers_config.obj (.const:UDMACC26XX_config)
                  00002008    00000008     ti_drivers_config.obj (.const:nvsCC26XXHWAttrs)
                  00002010    00000008     app_pem4f.oem4f (.const:ti_sysbios_family_arm_m3_Hwi_excHookFuncs__A)
                  00002018    00000008     app_pem4f.oem4f (.const:ti_sysbios_knl_Idle_funcList__A)
                  00002020    00000008     ti_drivers_config.obj (.const:udmaCC26XXHWAttrs)
                  00002028    00000005     drivers_cc13x2.a : UART2CC26X2.oem4f (.const:.string:parityType)
                  0000202d    00000005                      : UART2CC26X2.oem4f (.const:.string:rxFifoThreshold)
                  00002032    00000005                      : UART2CC26X2.oem4f (.const:.string:txFifoThreshold)
                  00002037    00000004                      : UART2CC26X2.oem4f (.const:.string:dataLength)
                  0000203b    00000004     maclib_secure_cc13x2.a : hmac_global.obj (.const:.string:macKeySourceLen)
                  0000203f    00000004     ti_drivers_config.obj (.const:LEDHWAttrs)
                  00002043    00000001     --HOLE-- [fill = 0]
                  00002044    00000004     drivers_cc13x2.a : NVS.oem4f (.const:NVS_defaultParams)
                  00002048    00000004     app_pem4f.oem4f (.const:ti_sysbios_gates_GateMutexPri_Instance_State_pendQ__O)
                  0000204c    00000004     app_pem4f.oem4f (.const:ti_sysbios_heaps_HeapCallback_Object__count__C)
                  00002050    00000004     app_pem4f.oem4f (.const:ti_sysbios_heaps_HeapCallback_allocInstFxn__C)
                  00002054    00000004     app_pem4f.oem4f (.const:ti_sysbios_heaps_HeapCallback_createInstFxn__C)
                  00002058    00000004     app_pem4f.oem4f (.const:ti_sysbios_heaps_HeapCallback_deleteInstFxn__C)
                  0000205c    00000004     app_pem4f.oem4f (.const:ti_sysbios_heaps_HeapCallback_freeInstFxn__C)
                  00002060    00000004     app_pem4f.oem4f (.const:ti_sysbios_heaps_HeapCallback_getStatsInstFxn__C)
                  00002064    00000004     app_pem4f.oem4f (.const:ti_sysbios_heaps_HeapCallback_initInstFxn__C)
                  00002068    00000004     app_pem4f.oem4f (.const:ti_sysbios_heaps_HeapCallback_isBlockingInstFxn__C)
                  0000206c    00000004     app_pem4f.oem4f (.const:ti_sysbios_knl_Clock_tickPeriod__C)
                  00002070    00000004     app_pem4f.oem4f (.const:ti_sysbios_knl_Task_Object__heap__C)

.cinit     0    00016ec0    00000508     
                  00016ec0    00000484     (.cinit..data.load) [load image, compression = lzss]
                  00017344    0000000c     (__TI_handler_table)
                  00017350    00000008     (.cinit..TI.bound:dmaUart1RxControlTableEntry.load) [load image, compression = zero_init]
                  00017358    00000008     (.cinit..TI.bound:dmaUart1TxControlTableEntry.load) [load image, compression = zero_init]
                  00017360    00000008     (.cinit..bss.load) [load image, compression = zero_init]
                  00017368    00000008     (.cinit..data:RAM_MAC_BASE_ADDR.load) [load image, compression = zero_init]
                  00017370    00000008     (.cinit..data:xdcRomConstPtr.load) [load image, compression = lzss]
                  00017378    00000008     (.cinit..data:xdcRomExternFuncPtr.load) [load image, compression = lzss]
                  00017380    00000008     (.cinit..data:xdcRomStatePtr.load) [load image, compression = lzss]
                  00017388    00000040     (__TI_cinit_table)

.init_array 
*          0    00000000    00000000     UNINITIALIZED

.TI.bound:flashBuf0 
*          0    0004e000    00008000     UNINITIALIZED
                  0004e000    00008000     ti_drivers_config.obj (.TI.bound:flashBuf0)

.ccfg      0    00057fa8    00000058     
                  00057fa8    00000058     ti_devices_config.obj (.ccfg:retain)

.data:xdcRomConstPtr 
*          0    20000100    00000004     UNINITIALIZED
                  20000100    00000004     app_pem4f.oem4f (.data:xdcRomConstPtr)

.data:xdcRomExternFuncPtr 
*          0    20000104    00000004     UNINITIALIZED
                  20000104    00000004     app_pem4f.oem4f (.data:xdcRomExternFuncPtr)

.data:xdcRomStatePtr 
*          0    20000108    00000004     UNINITIALIZED
                  20000108    00000004     app_pem4f.oem4f (.data:xdcRomStatePtr)

.data      0    20001870    00002f3b     UNINITIALIZED
                  20001870    000008c4     macTask.obj (.data:$O12$$)
                  20002134    000006c4     main.obj (.data:$O10$$)
                  200027f8    00000588     cui.obj (.data:$O8$$)
                  20002d80    00000508     rf_multiMode_cc13x2.a : RFCC26X2_multiMode.c.cc13x2.ccs.o (.data:$O1$$)
                  20003288    00000338     cllc.obj (.data:$O6$$)
                  200035c0    000001b0     mac_settings.obj (.data:$O13$$)
                  20003770    000001b0     csf.obj (.data:$O4$$)
                  20003920    0000018c     maclib_osal_tirtos_cc13x2_26x2.a : osal_port.obj (.data:$O26$$)
                  20003aac    00000170     drivers_cc13x2.a : PowerCC26X2.oem4f (.data:PowerCC26X2_module)
                  20003c1c    0000010c     app_pem4f.oem4f (.data:ROM_stateStruct)
                  20003d28    000000c4     collector.obj (.data:$O3$$)
                  20003dec    000000b4     rom_sysbios.aem4f : rom_sysbios.obj (.data:$O1$$)
                  20003ea0    000000a0     mac_cfg.obj (.data:macMRFSKGenPhyTable)
                  20003f40    0000007c     ti_drivers_config.obj (.data:gpioPinConfigs)
                  20003fbc    00000078     nvocmp.obj (.data:$O14$$)
                  20004034    00000074     ti_radio_config.obj (.data:$O1$$)
                  200040a8    0000006c     maclib_secure_cc13x2.a : hmac_global.obj (.data:fhObject)
                  20004114    00000004                            : mac_autopend.obj (.data:$O17$$)
                  20004118    00000068                            : mac.obj (.data:$O16$$)
                  20004180    00000058     csf.obj (.data:appSubMenu)
                  200041d8    00000054     maclib_secure_cc13x2.a : fh_global.obj (.data:FHIE_channelPlan)
                  2000422c    0000004c     app_pem4f.oem4f (.data:ti_sysbios_knl_Task_Object__table__V)
                  20004278    00000048     app_pem4f.oem4f (.data:ti_sysbios_family_arm_cc26xx_Timer_Object__table__V)
                  200042c0    00000040     maclib_secure_cc13x2.a : mac_radio.obj (.data:$O19$$)
                  20004300    00000040     csf.obj (.data:commissionSubMenu)
                  20004340    00000040     csf.obj (.data:configureSubMenu)
                  20004380    00000040     csf.obj (.data:csfMainMenu)
                  200043c0    00000038     app_pem4f.oem4f (.data:ti_sysbios_gates_GateMutex_Object__table__V)
                  200043f8    00000034     api_mac.obj (.data:$O11$$)
                  2000442c    00000034     maclib_secure_cc13x2.a : hmac_global.obj (.data:macBeaconPayload)
                  20004460    00000030                            : hmac_global.obj (.data)
                  20004490    00000030     app_pem4f.oem4f (.data:ti_sysbios_knl_Swi_Module_State_0_readyQ__A)
                  200044c0    00000030     app_pem4f.oem4f (.data:ti_sysbios_knl_Swi_Object__table__V)
                  200044f0    00000030     app_pem4f.oem4f (.data:ti_sysbios_knl_Task_Module_State_0_readyQ__A)
                  20004520    00000028     maclib_secure_cc13x2.a : mac_symbol_timer.obj (.data:$O22$$)
                  20004548    00000028     ti_radio_config.obj (.data:pOverrides_2gfsk50kbps154g)
                  20004570    00000024     maclib_secure_cc13x2.a : mac_tx.obj (.data:$O23$$)
                  20004594    00000024     driverlib.lib : osc.obj (.data:$O28$$)
                  200045b8    00000024     maclib_secure_cc13x2.a : hmac_global.obj (.data:macActionSet)
                  200045dc    00000004                            : fh_global.obj (.data:macAddrSize)
                  200045e0    00000020     drivers_cc13x2.a : TRNGCC26XX.oem4f (.data:entropyPoolBuffer)
                  20004600    00000020     mac_cfg.obj (.data:macBeaconMargin)
                  20004620    00000020     app_pem4f.oem4f (.data:ti_sysbios_knl_Clock_Object__table__V)
                  20004640    00000020     app_pem4f.oem4f (.data:xdc_runtime_Error_IgnoreBlock)
                  20004660    00000018     app_pem4f.oem4f (.data:ti_sysbios_family_arm_m3_Hwi_Object__table__V)
                  20004678    00000014     maclib_secure_cc13x2.a : mac_radio_tx.obj (.data:$O24$$)
                  2000468c    00000014                            : hmac_global.obj (.data:macStateTbl)
                  200046a0    00000010     maclib_osal_tirtos_cc13x2_26x2.a : osal_port_timers.obj (.data:$O27$$)
                  200046b0    00000010     mac_cfg.obj (.data:macCfg)
                  200046c0    0000000f     maclib_secure_cc13x2.a : mac.obj (.data)
                  200046cf    00000001     drivers_cc13x2.a : AESCCMCC26XX.oem4f (.data)
                  200046d0    0000000c     maclib_secure_cc13x2.a : mac_hl_patch.obj (.data:$O15$$)
                  200046dc    0000000c                            : fh_global.obj (.data:FH_FSM)
                  200046e8    0000000c     app_pem4f.oem4f (.data:ti_sysbios_heaps_HeapCallback_Object__table__V)
                  200046f4    00000008     rtsv7M4_T_le_v4SPD16_eabi.lib : _lock.c.obj (.data:$O31$$)
                  200046fc    00000008     maclib_secure_cc13x2.a : fh_global.obj (.data:FH_txTiming)
                  20004704    00000008     rf_multiMode_cc13x2.a : RFCC26X2_multiMode.c.cc13x2.ccs.o (.data:RFCC26XX_schedulerPolicy)
                  2000470c    00000008     drivers_cc13x2.a : TRNGCC26XX.oem4f (.data:jobList)
                  20004714    00000008     app_pem4f.oem4f (.data:ti_sysbios_family_arm_m3_Hwi_Module__root__V)
                  2000471c    00000008     app_pem4f.oem4f (.data:ti_sysbios_gates_GateHwi_Module__root__V)
                  20004724    00000008     app_pem4f.oem4f (.data:ti_sysbios_gates_GateMutexPri_Module__root__V)
                  2000472c    00000008     app_pem4f.oem4f (.data:ti_sysbios_gates_GateMutex_Module__root__V)
                  20004734    00000008     app_pem4f.oem4f (.data:ti_sysbios_hal_Hwi_Module__root__V)
                  2000473c    00000008     app_pem4f.oem4f (.data:ti_sysbios_heaps_HeapCallback_Module__root__V)
                  20004744    00000008     app_pem4f.oem4f (.data:ti_sysbios_heaps_HeapMem_Module__root__V)
                  2000474c    00000008     app_pem4f.oem4f (.data:ti_sysbios_knl_Clock_Module__root__V)
                  20004754    00000008     app_pem4f.oem4f (.data:ti_sysbios_knl_Event_Module__root__V)
                  2000475c    00000008     app_pem4f.oem4f (.data:ti_sysbios_knl_Mailbox_Module__root__V)
                  20004764    00000008     app_pem4f.oem4f (.data:ti_sysbios_knl_Queue_Module__root__V)
                  2000476c    00000008     app_pem4f.oem4f (.data:ti_sysbios_knl_Semaphore_Module__root__V)
                  20004774    00000008     app_pem4f.oem4f (.data:ti_sysbios_knl_Swi_Module__root__V)
                  2000477c    00000008     app_pem4f.oem4f (.data:ti_sysbios_knl_Task_Module__root__V)
                  20004784    00000004     maclib_osal_tirtos_cc13x2_26x2.a : osal_port.obj (.data)
                  20004788    00000004     maclib_secure_cc13x2.a : lmac_global.obj (.data)
                  2000478c    00000004                            : mac_tx.obj (.data)
                  20004790    00000004     rtsv7M4_T_le_v4SPD16_eabi.lib : stkdepth_vars.c.obj (.data)
                  20004794    00000004     app_pem4f.oem4f (.data:ti_sysbios_family_arm_m3_Hwi_Module_State_0_excContext__A)
                  20004798    00000004     app_pem4f.oem4f (.data:ti_sysbios_family_arm_m3_Hwi_Module_State_0_excStack__A)
                  2000479c    00000004     app_pem4f.oem4f (.data:ti_sysbios_knl_Task_Module_State_0_idleTask__A)
                  200047a0    00000002     drivers_cc13x2.a : CryptoResourceCC26XX.oem4f (.data)
                  200047a2    00000002                      : TRNGCC26XX.oem4f (.data)
                  200047a4    00000002     app_pem4f.oem4f (.data:ti_sysbios_family_arm_m3_Hwi_Module_State_0_excActive__A)
                  200047a6    00000001     drivers_cc13x2.a : GPIOCC26XX.oem4f (.data)
                  200047a7    00000001                      : NVS.oem4f (.data)
                  200047a8    00000001                      : PWM.oem4f (.data)
                  200047a9    00000001     maclib_secure_cc13x2.a : mac_sleep.obj (.data)
                  200047aa    00000001     rf_multiMode_cc13x2.a : rf_patch_cpe_prop.c.cc13x2.ccs.o (.data)

.bss       0    200047b0    000010fb     UNINITIALIZED
                  200047b0    00000200     app_pem4f.oem4f (.bss:taskStackSection)
                  200049b0    000001f8     (.common:uart2CC26X2Objects)
                  20004ba8    00000100     maclib_secure_cc13x2.a : mac_radio.obj (.bss:RF_object$20)
                  20004ca8    000000fc     (.common:enhancedAckBuf)
                  20004da4    000000d8     (.common:ti_sysbios_family_arm_m3_Hwi_dispatchTable)
                  20004e7c    000000b8     (.common:LEDObjects)
                  20004f34    0000008c     (.common:FHPIB_db)
                  20004fc0    00000088     (.common:FH_hnd)
                  20005048    00000088     (.common:macPib)
                  200050d0    0000007c     (.common:gpioCallbackFunctions)
                  2000514c    0000007c     (.common:gpioUserArgs)
                  200051c8    0000007a     (.common:FHNT_tableOpt)
                  20005242    00000001                            : mac_tx.obj (.bss)
                  20005243    00000001     rf_multiMode_cc13x2.a : RFCC26X2_multiMode.c.cc13x2.ccs.o (.bss)
                  20005244    00000054     (.common:macScan)
                  20005298    00000050     (.common:CryptoResourceCC26XX_accessSemaphore)
                  200052e8    00000050     (.common:CryptoResourceCC26XX_operationSemaphore)
                  20005338    0000004c     (.common:cuiMultiMenuData)
                  20005384    00000048     (.common:ButtonObjects)
                  200053cc    00000042     (.common:FHFSM_Dbg)
                  2000540e    00000001     (.common:lastRxPriority)
                  2000540f    00000001     (.common:lastTxPriority)
                  20005410    00000040     maclib_secure_cc13x2.a : fh_global.obj (.bss:$O25$$)
                  20005450    00000040     (.common:macSecurityPib)
                  20005490    0000003c     (.common:macBeaconCoord)
                  200054cc    00000038     (.common:macDeviceAction1)
                  20005504    00000034     (.common:macBeaconDevice)
                  20005538    00000030     (.common:macMgmtAction1)
                  20005568    00000030     (.common:macSrcExtAddrList)
                  20005598    0000002c     (.common:macCoord)
                  200055c4    0000002c     (.common:macDevice)
                  200055f0    00000028                            : mac_rx.obj (.bss:$O20$$)
                  20005618    00000020                            : mac_low_level.obj (.bss:$O18$$)
                  20005638    00000020     ti_drivers_config.obj (.bss:uart2RxRingBuffer0)
                  20005658    00000020     ti_drivers_config.obj (.bss:uart2TxRingBuffer0)
                  20005678    00000020     (.common:macBeacon)
                  20005698    00000020     (.common:udmaCC26XXObject)
                  200056b8    0000001c     drivers_cc13x2.a : TRNGCC26XX.oem4f (.bss:TRNGCC26XX_hwi)
                  200056d4    0000001c                      : TRNGCC26XX.oem4f (.bss:entropyPool)
                  200056f0    0000001c                      : GPIOCC26XX.oem4f (.bss:gpioHwi)
                  2000570c    0000001c     (.common:CryptoResourceCC26XX_hwi)
                  20005728    0000001c     (.common:macCoordAction2)
                  20005744    0000001c     (.common:macReset)
                  20005760    0000001c     (.common:macSrcShortAddrList)
                  2000577c    00000018     (.common:aesccmCC26XXObjects)
                  20005794    00000018     (.common:macScanAction)
                  200057ac    00000014     rf_multiMode_cc13x2.a : RFCC26X2_multiMode.c.cc13x2.ccs.o (.bss:RF_ratSyncCmd)
                  200057c0    00000014     drivers_cc13x2.a : Random.oem4f (.bss:state)
                  200057d4    00000014     (.common:macDeviceAction2)
                  200057e8    00000014     (.common:macMgmtAction2)
                  200057fc    00000010     (.common:macBeaconDeviceAction)
                  2000580c    00000010     (.common:macCoordAction3)
                  2000581c    00000010     (.common:macData)
                  2000582c    00000010     (.common:macDataTxDelay)
                  2000583c    0000000c                      : NVSCC26XX.oem4f (.bss)
                  20005848    0000000c     (.common:FH_PibTbl)
                  20005854    0000000c     (.common:macMain)
                  20005860    00000008     (.common:macBeaconCoordAction1)
                  20005868    00000008     (.common:macCoordAction1)
                  20005870    00000006     (.common:FHNT_Dbg)
                  20005876    00000001     (.common:macAckTxActive)
                  20005877    00000001     (.common:macMgmt)
                  20005878    00000004     (.common:AESCCM_handle)
                  2000587c    00000004     (.common:FH_test_var)
                  20005880    00000004     (.common:PowerCC26XX_swiKey)
                  20005884    00000004     (.common:PowerCC26XX_taskKey)
                  20005888    00000004     (.common:macCryptoDrvTblPtr)
                  2000588c    00000004     (.common:macRxSymbol)
                  20005890    00000004     (.common:macTimerActive)
                  20005894    00000004     (.common:nvsCC26XXObjects)
                  20005898    00000004     (.common:timerAlignedQ)
                  2000589c    00000004     (.common:timerUnalignedQ)
                  200058a0    00000001     (.common:macPanCoordinator)
                  200058a1    00000001     (.common:macPhyChannel)
                  200058a2    00000001     (.common:macPwr)
                  200058a3    00000001     (.common:macRxActive)
                  200058a4    00000001     (.common:macRxEnableFlags)
                  200058a5    00000001     (.common:macRxOutgoingAckFlag)
                  200058a6    00000001     (.common:macSymbolTimerImpending)
                  200058a7    00000001     (.common:macTaskId)
                  200058a8    00000001     (.common:macTxActive)
                  200058a9    00000001     (.common:macUnitBackoffPeriod)
                  200058aa    00000001     (.common:rxFhRsl)

.vtable    0    200058ab    00000000     UNINITIALIZED

.vtable_ram 
*          0    200058ab    00000000     UNINITIALIZED

vtable_ram 
*          0    200058ab    00000000     UNINITIALIZED

.sysmem    0    200058ab    00000000     UNINITIALIZED

.nonretenvar 
*          0    200058ab    00000000     UNINITIALIZED

.stack     0    20013aa0    00000560     UNINITIALIZED
                  20013aa0    00000560     --HOLE--

.bootVecs 
*          0    00000000    00000008     DSECT
                  00000000    00000008     boot.aem4f : boot.oem4f (.bootVecs)

.resetVecs 
*          0    00000000    0000003c     
                  00000000    0000003c     app_pem4f.oem4f (.resetVecs)

.vecs      0    20000000    000000d8     NOLOAD SECTION
                  20000000    000000d8     app_pem4f.oem4f (.vecs)

xdc.meta   0    00000000    0000013f     COPY SECTION
                  00000000    0000013f     app_pem4f.oem4f (xdc.meta)

xdc.noload 
*          0    00000000    00000000     COPY SECTION

.data:RAM_MAC_BASE_ADDR 
*          0    2000010c    00000010     UNINITIALIZED
                  2000010c    00000010     maclib_secure_cc13x2.a : rom_init_154.obj (.data:RAM_MAC_BASE_ADDR)

.TI.bound:dmaUart1RxControlTableEntry 
*          0    20001850    00000010     UNINITIALIZED
                  20001850    00000010     ti_drivers_config.obj (.TI.bound:dmaUart1RxControlTableEntry)

.TI.bound:dmaUart1TxControlTableEntry 
*          0    20001860    00000010     UNINITIALIZED
                  20001860    00000010     ti_drivers_config.obj (.TI.bound:dmaUart1TxControlTableEntry)

.text.1    0    00002074    00014e48     
                  00002074    00000440     main.obj (.text:appTaskFxn)
                  000024b4    0000043c     nvocmp.obj (.text:NVOCMP_initNv$14)
                  000028f0    00000412     csf.obj (.text:Csf_processEvents)
                  00002d02    00000002     ti_drivers_config.obj (.text:Board_initHook)
                  00002d04    000003a0     csf.obj (.text:Csf_init)
                  000030a4    0000039c     collector.obj (.text:processSensorData$2)
                  00003440    00000378     api_mac.obj (.text:processIncomingICallMsg$7)
                  000037b8    00000374     maclib_secure_cc13x2.a : mac_radio_tx.obj (.text:macRadioCsmaTxCb)
                  00003b2c    00000354                            : mac_rx.obj (.text:rxPayloadIsr$21)
                  00003e80    00000338     mac_user_config.obj (.text:rfSelect)
                  000041b8    000002cc     nvocmp.obj (.text:NVOCMP_compactPage$14)
                  00004484    000002a8     maclib_secure_cc13x2.a : mac_tx.obj (.text:macTxFrame)
                  0000472c    00000298     rf_multiMode_cc13x2.a : RFCC26X2_multiMode.c.cc13x2.ccs.o (.text:RF_open)
                  000049c4    00000278     drivers_cc13x2.a : UART2.oem4f (.text:UART2_writeTimeout)
                  00004c3c    00000274     nvocmp.obj (.text:NVOCMP_compact$14)
                  00004eb0    00000270     maclib_secure_cc13x2.a : mac_pwr.obj (.text:macPwrVote)
                  00005120    00000270                            : mac_tx.obj (.text:txCsmaPrep$24)
                  00005390    00000264                            : mac_radio.obj (.text:macRadioInitSubG)
                  000055f4    00000244     collector.obj (.text:dataIndCB$2)
                  00005838    00000230     csf.obj (.text:setChMaskAction$3)
                  00005a68    0000021c     maclib_secure_cc13x2.a : mac.obj (.text:macSendReceiveCmdIeee)
                  00005c84    00000218                            : mac.obj (.text:macSendReceiveCmdSubG)
                  00005e9c    00000210     rf_multiMode_cc13x2.a : RFCC26X2_multiMode.c.cc13x2.ccs.o (.text:RF_scheduleCmd)
                  000060ac    00000208     nvocmp.obj (.text:NVOCMP_addItem$14)
                  000062b4    00000204     maclib_secure_cc13x2.a : mac_radio_tx.obj (.text:macRadioTxPrepCsmaUnslotted)
                  000064b8    00000200     drivers_cc13x2.a : UART2.oem4f (.text:UART2_readTimeout)
                  000066b8    000001f4                      : UART2CC26X2.oem4f (.text:UART2CC26X2_hwiIntFxn)
                  000068ac    000001e0     maclib_secure_cc13x2.a : mac_hl_patch.obj (.text:macWrapperAddKeyInitFCtr)
                  00006a8c    000001dc     rf_multiMode_cc13x2.a : RFCC26X2_multiMode.c.cc13x2.ccs.o (.text:RF_dispatchNextCmd)
                  00006c68    000001dc     drivers_cc13x2.a : UART2CC26X2.oem4f (.text:UART2_open)
                  00006e44    000001c8     maclib_secure_cc13x2.a : mac_radio_tx.obj (.text:macRadioTxAck$28)
                  0000700c    000001c8     csf.obj (.text:setNwkKeyAction$3)
                  000071d4    000001ac     maclib_secure_cc13x2.a : mac_hl_patch.obj (.text:macRxBeaconCritical)
                  00007380    000001a4                            : mac_hl_patch.obj (.text:macWrapperDeleteKeyAndAssociatedDevices)
                  00007524    0000019c                            : mac_hl_patch.obj (.text:macIncomingFrameSecurityMaterialRetrieval)
                  000076c0    00000198     drivers_cc13x2.a : PowerCC26X2.oem4f (.text:Power_sleep)
                  00007858    00000198     maclib_secure_cc13x2.a : mac_hl_patch.obj (.text:macWrapperDeleteDevice)
                  000079f0    00000194                            : mac_tx.obj (.text:txCsmaDelay)
                  00007b84    00000190     drivers_cc13x2.a : PowerCC26X2_calibrateRCOSC.oem4f (.text:calibrateRcoscHf1)
                  00007d14    0000018c     maclib_secure_cc13x2.a : mac_hl_patch.obj (.text:macIncomingFrameSecurity)
                  00007ea0    0000018c     drivers_cc13x2.a : PowerCC26X2_calibrateRCOSC.oem4f (.text:runCalibrateFsm)
                  0000802c    00000188     maclib_secure_cc13x2.a : mac_radio_tx.obj (.text:macRadioTxGoIeee$28)
                  000081b4    00000180     csf.obj (.text:setPanIdAction$3)
                  00008334    0000016e     drivers_cc13x2.a : Button.oem4f (.text:Button_clockTimeoutHandler)
                  000084a2    00000002     rf_multiMode_cc13x2.a : rfc.c.cc13x2.ccs.o (.text:NOROM_RFCCpePatchReset)
                  000084a4    0000016c     drivers_cc13x2.a : PowerCC26X2.oem4f (.text:Power_init)
                  00008610    00000164     maclib_secure_cc13x2.a : mac_hl_patch.obj (.text:macWrapperDeleteAllDevices)
                  00008774    0000015c                            : mac_hl_patch.obj (.text:macScanNextChan)
                  000088d0    00000158     driverlib.lib : sys_ctrl.obj (.text:NOROM_SysCtrlStandby)
                  00008a28    00000154     nvocmp.obj (.text:NVOCMP_findItem$14)
                  00008b7c    00000154     rf_multiMode_cc13x2.a : RFCC26X2_multiMode.c.cc13x2.ccs.o (.text:RF_radioOpDoneCb)
                  00008cd0    00000148     collector.obj (.text:dataCnfCB$2)
                  00008e18    00000148     maclib_secure_cc13x2.a : mac_radio_tx.obj (.text:macRadioLbtTxCb)
                  00008f60    00000144     rf_multiMode_cc13x2.a : RFCC26X2_multiMode.c.cc13x2.ccs.o (.text:RF_fsmSetupState)
                  000090a4    00000144     csf.obj (.text:updateCollectorStatusLine$3)
                  000091e8    00000140     csf.obj (.text:sensorSelectAction$3)
                  00009328    0000013c     drivers_cc13x2.a : AESCCMCC26XX.oem4f (.text:AESCCM_startOperation)
                  00009464    0000013c     cui.obj (.text:CUI_dispMenu$5)
                  000095a0    00000138     drivers_cc13x2.a : NVSCC26XX.oem4f (.text:NVSCC26XX_write)
                  000096d8    00000138     rf_multiMode_cc13x2.a : RFCC26X2_multiMode.c.cc13x2.ccs.o (.text:RF_abortCmd)
                  00009810    00000138                           : RFCC26X2_multiMode.c.cc13x2.ccs.o (.text:RF_ratSetupChannel)
                  00009948    00000138     maclib_secure_cc13x2.a : mac_hl_patch.obj (.text:macBuildDataFrame)
                  00009a80    00000130                            : mac_radio.obj (.text:macRadioInitIeee)
                  00009bb0    00000130     rtsv7M4_T_le_v4SPD16_eabi.lib : strtol.c.obj (.text:strtol)
                  00009ce0    0000012c     drivers_cc13x2.a : UART2CC26X2.oem4f (.text:UART2CC26X2_initHw)
                  00009e0c    00000124     cui.obj (.text:CUI_statusLinePrintf)
                  00009f30    00000120     csf.obj (.text:Csf_deviceUpdate)
                  0000a050    00000120     rf_multiMode_cc13x2.a : RFCC26X2_multiMode.c.cc13x2.ccs.o (.text:RF_close)
                  0000a170    00000120     drivers_cc13x2.a : PowerCC26X2.oem4f (.text:configureXOSCHF)
                  0000a290    00000120     collector.obj (.text:generateTrackingRequests$2)
                  0000a3b0    00000118     maclib_secure_cc13x2.a : mac_low_level.obj (.text:macLowLevelBufferInit)
                  0000a4c8    00000118                            : mac.obj (.text:macSetupRATChanCompare)
                  0000a5e0    00000118     csf.obj (.text:sensorSetReportInterval$3)
                  0000a6f8    00000114     macTask.obj (.text:MAC_CbackEvent)
                  0000a80c    00000110     cui.obj (.text:CUI_init)
                  0000a91c    00000110     cui.obj (.text:CUI_menuActionHelp)
                  0000aa2c    00000110     drivers_cc13x2.a : LED.oem4f (.text:LED_open)
                  0000ab3c    00000106     app_pem4f.oem4f (.text:xdc_runtime_System_printfExtend__I)
                  0000ac42    00000002     rf_multiMode_cc13x2.a : RFCC26X2_multiMode.c.cc13x2.ccs.o (.text:RF_defaultCallback)
                  0000ac44    00000104                           : RFCC26X2_multiMode.c.cc13x2.ccs.o (.text:RF_hwiCpe0Active)
                  0000ad48    00000100     cui.obj (.text:CUI_statusLineResourceRequest)
                  0000ae48    000000fc     collector.obj (.text:Collector_init)
                  0000af44    000000fc     rf_multiMode_cc13x2.a : RFCC26X2_multiMode.c.cc13x2.ccs.o (.text:RF_decodeOverridePointers)
                  0000b040    000000fc     driverlib.lib : setup.obj (.text:TrimAfterColdResetWakeupFromShutDown$47)
                  0000b13c    000000fc     maclib_secure_cc13x2.a : mac_hl_patch.obj (.text:macOutgoingFrameKeyDescRetrieval)
                  0000b238    000000f0     rf_multiMode_cc13x2.a : RFCC26X2_multiMode.c.cc13x2.ccs.o (.text:RF_fsmPowerUpState)
                  0000b328    000000ec     nvocmp.obj (.text:NVOCMP_cleanPage$14)
                  0000b414    000000e8     drivers_cc13x2.a : GPIOCC26XX.oem4f (.text:GPIO_init)
                  0000b4fc    000000e8                      : UART2CC26X2.oem4f (.text:UART2Support_dmaStartRx)
                  0000b5e4    000000e8     maclib_secure_cc13x2.a : mac.obj (.text:macSetupReceiveCmd)
                  0000b6cc    000000e4                            : mac_hl_patch.obj (.text:macOutgoingFrameSecurity)
                  0000b7b0    000000e4                            : mac_hl_patch.obj (.text:macScanRxCoordRealign)
                  0000b894    000000e4                            : mac_tx.obj (.text:macTxChannelBusyCallback)
                  0000b978    000000e0     rf_multiMode_cc13x2.a : RFCC26X2_multiMode.c.cc13x2.ccs.o (.text:RF_control)
                  0000ba58    000000e0     maclib_secure_cc13x2.a : mac_rx.obj (.text:rxPostRxUpdates$21)
                  0000bb38    000000dc     collector.obj (.text:Collector_sendConfigRequest)
                  0000bc14    000000dc     driverlib.lib : aes.obj (.text:NOROM_AESWriteToKeyStore)
                  0000bcf0    000000dc     maclib_secure_cc13x2.a : mac_hl_patch.obj (.text:macBuildHeaderIes)
                  0000bdcc    000000d8     rf_multiMode_cc13x2.a : RFCC26X2_multiMode.c.cc13x2.ccs.o (.text:RF_pendCmd)
                  0000bea4    000000d8     maclib_secure_cc13x2.a : mac_hl_patch.obj (.text:macCcmStarTransform)
                  0000bf7c    000000d8                            : mac_hl_patch.obj (.text:macEdScanISR)
                  0000c054    000000d8     collector.obj (.text:sendMsg$2)
                  0000c12c    000000d4     maclib_secure_cc13x2.a : mac_hl_patch.obj (.text:MAC_MlmeScanReq)
                  0000c200    000000d2     rf_multiMode_cc13x2.a : RFCC26X2_multiMode.c.cc13x2.ccs.o (.text:RF_updatePaConfiguration)
                  0000c2d2    00000002     drivers_cc13x2.a : UART2CC26X2.oem4f (.text:UART2CC26X2_eventCallback)
                  0000c2d4    000000cc                      : Button.oem4f (.text:Button_open)
                  0000c3a0    000000cc     rf_multiMode_cc13x2.a : RFCC26X2_multiMode.c.cc13x2.ccs.o (.text:RF_swiHw)
                  0000c46c    000000cc     maclib_secure_cc13x2.a : mac_timer.obj (.text:macSymbolTimerTriggerCallback)
                  0000c538    000000c8     driverlib.lib : setup.obj (.text:NOROM_SetupTrimDevice)
                  0000c600    000000c8     dpl_cc13x2.a : PowerCC26X2_tirtos.oem4f (.text:PowerCC26XX_standbyPolicy)
                  0000c6c8    000000c4     cllc.obj (.text:Cllc_removeDevice)
                  0000c78c    000000c4     maclib_secure_cc13x2.a : mac_autopend.obj (.text:MAC_SrcMatchAddEntry)
                  0000c850    000000c4                            : mac_hl_patch.obj (.text:macApiStartReq)
                  0000c914    000000c0                            : mac_pwr.obj (.text:MAC_PwrOffReq)
                  0000c9d4    000000c0     nvocmp.obj (.text:NVOCMP_erase$14)
                  0000ca94    000000c0     drivers_cc13x2.a : PowerCC26X2.oem4f (.text:Power_releaseDependency)
                  0000cb54    000000c0                      : TRNGCC26XX.oem4f (.text:TRNG_getRandom)
                  0000cc14    000000c0     maclib_secure_cc13x2.a : mac_hl_patch.obj (.text:macMgmtReset)
                  0000ccd4    000000c0                            : mac_tx.obj (.text:txComplete)
                  0000cd94    000000bc     rf_multiMode_cc13x2.a : RFCC26X2_multiMode.c.cc13x2.ccs.o (.text:RF_initRadioSetup)
                  0000ce50    000000bc     maclib_secure_cc13x2.a : mac_hl_patch.obj (.text:macAutoPoll)
                  0000cf0c    000000bc                            : mac.obj (.text:macGetRFCmdDuration)
                  0000cfc8    000000b4     cllc.obj (.text:assocIndCb$4)
                  0000d07c    000000b0     maclib_secure_cc13x2.a : mac_hl_patch.obj (.text:macDataTxComplete)
                  0000d12c    000000b0                            : mac_radio_tx.obj (.text:macRadioTxAckCb$28)
                  0000d1dc    000000b0                            : mac_radio.obj (.text:macRadioUpdateTxPower)
                  0000d28c    000000b0                            : mac.obj (.text:macStopCmd)
                  0000d33c    000000ac     nvocmp.obj (.text:NVOCMP_initNvApi$14)
                  0000d3e8    000000ac     nvocmp.obj (.text:NVOCMP_readContItemApi$14)
                  0000d494    000000ac     drivers_cc13x2.a : UART2CC26X2.oem4f (.text:UART2Support_dmaStartTx)
                  0000d540    000000ac     maclib_secure_cc13x2.a : mac_hl_patch.obj (.text:macApiBeaconStartReq)
                  0000d5ec    000000ac     macTask.obj (.text:macTaskInit)
                  0000d698    000000ac     maclib_secure_cc13x2.a : mac_tx.obj (.text:macTxDoneCallback)
                  0000d744    000000ac     api_mac.obj (.text:processBeaconNotifyInd$7)
                  0000d7f0    000000a8     maclib_secure_cc13x2.a : mac_hl_patch.obj (.text:macBeaconCheckTxTime)
                  0000d898    000000a8                            : mac_hl_patch.obj (.text:macTrackTimeoutCallback)
                  0000d940    000000a4     rf_multiMode_cc13x2.a : RFCC26X2_multiMode.c.cc13x2.ccs.o (.text:RF_ratRestartChannels)
                  0000d9e4    000000a4     maclib_secure_cc13x2.a : mac_hl_patch.obj (.text:macCcmStarInverseTransform)
                  0000da88    000000a4                            : mac_radio_tx.obj (.text:macRadioTxPrepLbt)
                  0000db2c    000000a0     rf_multiMode_cc13x2.a : RFCC26X2_multiMode.c.cc13x2.ccs.o (.text:RF_cmdDispatchTime)
                  0000dbcc    000000a0                           : RFCC26X2_multiMode.c.cc13x2.ccs.o (.text:RF_requestAccess)
                  0000dc6c    000000a0     drivers_cc13x2.a : UART2CC26X2.oem4f (.text:UART2_close)
                  0000dd0c    000000a0     auto_init.aem4f : auto_init.oem4f (.text)
                  0000ddac    000000a0     maclib_secure_cc13x2.a : mac_hl_patch.obj (.text:macBlacklistChecking)
                  0000de4c    000000a0                            : mac_radio.obj (.text:scheduleNopWakeupCmd)
                  0000deec    000000a0     rom_sysbios.aem4f : rom_sysbios.obj (.text:ti_sysbios_knl_Task_setPri__E)
                  0000df8c    0000009c     cllc.obj (.text:Cllc_init)
                  0000e028    0000009c     nvocmp.obj (.text:NVOCMP_readHeader$14)
                  0000e0c4    0000009c     drivers_cc13x2.a : TRNGCC26XX.oem4f (.text:TRNG_construct)
                  0000e160    0000009c     maclib_secure_cc13x2.a : mac_radio.obj (.text:macRadioStartScan)
                  0000e1fc    0000009c                            : mac_radio.obj (.text:macRadioUpdateChannel)
                  0000e298    0000009c                            : mac_radio.obj (.text:macRadioUpdateChannelRx)
                  0000e334    0000009c                            : mac_rx_onoff.obj (.text:macRxOffRequest)
                  0000e3d0    0000009c                            : mac_timer.obj (.text:macTimerRealign)
                  0000e46c    0000009c     rtsv7M4_T_le_v4SPD16_eabi.lib : memcpy_t2.asm.obj (.text)
                  0000e508    00000098     nvocmp.obj (.text:NVOCMP_updateItemApi$14)
                  0000e5a0    00000098     rf_multiMode_cc13x2.a : RFCC26X2_multiMode.c.cc13x2.ccs.o (.text:RF_calculateDispatchTime)
                  0000e638    00000098     drivers_cc13x2.a : TRNGCC26XX.oem4f (.text:TRNGCC26XX_hwiFxn)
                  0000e6d0    00000098     maclib_secure_cc13x2.a : mac_hl_patch.obj (.text:macAutoPendAddSrcMatchTableEntry)
                  0000e768    00000096     rtsv7M4_T_le_v4SPD16_eabi.lib : ull_div_t2.asm.obj (.text)
                  0000e7fe    00000002                                   : _lock.c.obj (.text:_nop)
                  0000e800    00000094     csf.obj (.text:Csf_updateFrameCounter)
                  0000e894    00000094     nvocmp.obj (.text:NVOCMP_getDstPage$14)
                  0000e928    00000094     maclib_secure_cc13x2.a : mac_hl_patch.obj (.text:macIncomingSecurityLevelChecking)
                  0000e9bc    00000094                            : mac.obj (.text:macRatCb_A)
                  0000ea50    00000094                            : mac.obj (.text:macSetupFsCmd)
                  0000eae4    00000090                            : mac_hl_patch.obj (.text:MAC_ResumeReq)
                  0000eb74    00000090     rf_multiMode_cc13x2.a : RFCC26X2_multiMode.c.cc13x2.ccs.o (.text:RF_discardPendCmd)
                  0000ec04    00000090                           : RFCC26X2_multiMode.c.cc13x2.ccs.o (.text:RF_getInfo)
                  0000ec94    00000090     maclib_secure_cc13x2.a : mac_hl_patch.obj (.text:macCcmDecrypt)
                  0000ed24    00000090                            : mac_hl_patch.obj (.text:macTrackStartCallback)
                  0000edb4    0000008c     maclib_osal_tirtos_cc13x2_26x2.a : osal_port.obj (.text:OsalPort_heapMalloc$41)
                  0000ee40    0000008c                                      : osal_port.obj (.text:OsalPort_setTimer)
                  0000eecc    0000008c     api_mac.obj (.text:copyDataInd$7)
                  0000ef58    0000008c     maclib_secure_cc13x2.a : mac_hl_patch.obj (.text:macCcmEncrypt)
                  0000efe4    0000008c                            : mac_radio_tx.obj (.text:macRadioTxEnhAckCb)
                  0000f070    0000008c                            : mac_autopend.obj (.text:macSrcMatchCheckSrcAddr$17)
                  0000f0fc    0000008c     rom_sysbios.aem4f : rom_sysbios.obj (.text:ti_sysbios_gates_GateMutexPri_enter__E)
                  0000f188    00000088     csf.obj (.text:Csf_getDeviceItem)
                  0000f210    00000088     maclib_secure_cc13x2.a : mac_autopend.obj (.text:MAC_SrcMatchEnable)
                  0000f298    00000088     driverlib.lib : osc.obj (.text:NOROM_OSCHF_AttemptToSwitchToXosc)
                  0000f320    00000088     nvocmp.obj (.text:NVOCMP_deleteItemApi$14)
                  0000f3a8    00000088     rf_multiMode_cc13x2.a : RFCC26X2_multiMode.c.cc13x2.ccs.o (.text:RF_getTxPower)
                  0000f430    00000088     drivers_cc13x2.a : PowerCC26X2_calibrateRCOSC.oem4f (.text:calibrateRcoscHf2)
                  0000f4b8    00000088                      : PowerCC26X2.oem4f (.text:disableLFClockQualifiers)
                  0000f540    00000088     maclib_secure_cc13x2.a : mac_hl_patch.obj (.text:macKeyDescriptorLookup)
                  0000f5c8    00000088                            : mac_mcu.obj (.text:macMcuOverflowSetPeriod)
                  0000f650    00000088                            : mac_symbol_timer.obj (.text:macSymbolTimerInit)
                  0000f6d8    00000088     drivers_cc13x2.a : PowerCC26X2_calibrateRCOSC.oem4f (.text:updateSubSecInc)
                  0000f760    00000084     api_mac.obj (.text:ApiMac_init)
                  0000f7e4    00000084     cllc.obj (.text:Cllc_securityInit)
                  0000f868    00000084     nvocmp.obj (.text:NVOCMP_createItemApi$14)
                  0000f8ec    00000084     rf_multiMode_cc13x2.a : RFCC26X2_multiMode.c.cc13x2.ccs.o (.text:RF_issueRadioFreeCb)
                  0000f970    00000084                           : RFCC26X2_multiMode.c.cc13x2.ccs.o (.text:RF_verifyGap)
                  0000f9f4    00000084     maclib_secure_cc13x2.a : mac_timer.obj (.text:macTimerUpdateSymbolTimer)
                  0000fa78    00000080     cllc.obj (.text:Cllc_restoreNetwork)
                  0000faf8    00000080     driverlib.lib : chipinfo.obj (.text:NOROM_ChipInfo_GetChipType)
                  0000fb78    00000080     drivers_cc13x2.a : NVSCC26XX.oem4f (.text:NVSCC26XX_open)
                  0000fbf8    00000080     cllc.obj (.text:beaconNotifyIndCb$4)
                  0000fc78    00000080     maclib_secure_cc13x2.a : mac_mcu.obj (.text:macMcuOverflowSetCompare)
                  0000fcf8    00000080                            : mac_radio.obj (.text:macRadioWakeupCb)
                  0000fd78    00000080     cllc.obj (.text:scanCnfCb$4)
                  0000fdf8    00000080     rom_sysbios.aem4f : rom_sysbios.obj (.text:ti_sysbios_family_arm_cc26xx_Timer_start__E)
                  0000fe78    00000080     maclib_secure_cc13x2.a : mac_tx.obj (.text:txGo$24)
                  0000fef8    0000007c     nvocmp.obj (.text:NVOCMP_readItemApi$14)
                  0000ff74    0000007c     rf_multiMode_cc13x2.a : RFCC26X2_multiMode.c.cc13x2.ccs.o (.text:RF_ratFreeChannel)
                  0000fff0    0000007c     maclib_secure_cc13x2.a : mac_rx_onoff.obj (.text:macRxOn)
                  0001006c    0000007c     cllc.obj (.text:maintainAssocTable$4)
                  000100e8    0000007c     maclib_osal_tirtos_cc13x2_26x2.a : osal_port.obj (.text:osalHeapInitFxn)
                  00010164    0000007a     rtsv7M4_T_le_v4SPD16_eabi.lib : memset_t2.asm.obj (.text)
                  000101de    00000002     drivers_cc13x2.a : PowerCC26X2.oem4f (.text:emptyClockFunc)
                  000101e0    00000078     nvocmp.obj (.text:NVOCMP_checkItem$14)
                  00010258    00000078     maclib_secure_cc13x2.a : mac_timer.obj (.text:macTimerSetRollover)
                  000102d0    00000076     drivers_cc13x2.a : UART2CC26X2.oem4f (.text:UART2CC26X2_readCallback)
                  00010346    00000076     rom_sysbios.aem4f : rom_sysbios.obj (.text:ti_sysbios_heaps_HeapMem_allocUnprotected__E)
                  000103bc    00000074     csf.obj (.text:Csf_getDevice)
                  00010430    00000074     nvocmp.obj (.text:NVOCMP_writeItemApi$14)
                  000104a4    00000074     drivers_cc13x2.a : PowerCC26X2_calibrateRCOSC.oem4f (.text:PowerCC26X2_auxISR)
                  00010518    00000074     rf_multiMode_cc13x2.a : RFCC26X2_multiMode.c.cc13x2.ccs.o (.text:RF_ratDisableChannel)
                  0001058c    00000074                           : RFCC26X2_multiMode.c.cc13x2.ccs.o (.text:RF_yield)
                  00010600    00000074     rom_sysbios.aem4f : rom_sysbios.obj (.text:ti_sysbios_gates_GateMutexPri_leave__E)
                  00010674    00000072     rf_multiMode_cc13x2.a : RFCC26X2_multiMode.c.cc13x2.ccs.o (.text:RF_detachOverrides)
                  000106e6    00000002     drivers_cc13x2.a : CryptoResourceCC26XX.oem4f (.text:errorSpin)
                  000106e8    00000070                      : AESCCMCC26XX.oem4f (.text:AESCCM_cleanup)
                  00010758    00000070     rf_multiMode_cc13x2.a : rfc.c.cc13x2.ccs.o (.text:NOROM_RFCAnaDivTxOverride)
                  000107c8    00000070     nvocmp.obj (.text:NVOCMP_eraseNvApi$14)
                  00010838    00000070     rf_multiMode_cc13x2.a : RFCC26X2_multiMode.c.cc13x2.ccs.o (.text:RF_getCurrentTime)
                  000108a8    00000070     drivers_cc13x2.a : Random.oem4f (.text:Random_seedAutomatic)
                  00010918    00000070     collector.obj (.text:cllcStartedCB$2)
                  00010988    00000070     cllc.obj (.text:sendStartReq$4)
                  000109f8    0000006e     rf_multiMode_cc13x2.a : RFCC26X2_multiMode.c.cc13x2.ccs.o (.text:RF_attachOverrides)
                  00010a66    0000006e                           : RFCC26X2_multiMode.c.cc13x2.ccs.o (.text:RF_howToSchedule)
                  00010ad4    0000006e     rtsv7M4_T_le_v4SPD16_eabi.lib : ll_div_t2.asm.obj (.text)
                  00010b42    00000002     maclib_secure_cc13x2.a : mac_pwr.obj (.text:macApiPwrOnReq)
                  00010b44    0000006d     rom_sysbios.aem4f : rom_sysbios.obj (.text:xdc_runtime_System_formatNum__I)
                  00010bb1    00000001     --HOLE-- [fill = 0]
                  00010bb2    00000002     maclib_secure_cc13x2.a : mac_mcu.obj (.text:macMcuBitReverse)
                  00010bb4    0000006c     csf.obj (.text:Csf_sendDisassociateMsg)
                  00010c20    0000006c     drivers_cc13x2.a : GPIOCC26XX.oem4f (.text:GPIO_setConfig)
                  00010c8c    0000006c     rf_multiMode_cc13x2.a : RFCC26X2_multiMode.c.cc13x2.ccs.o (.text:RF_dispatchNextEvent)
                  00010cf8    0000006c     drivers_cc13x2.a : UART2CC26X2.oem4f (.text:UART2Support_dmaStopTx)
                  00010d64    0000006c     maclib_secure_cc13x2.a : mac_radio_tx.obj (.text:macRadioTxBackoffBoundary)
                  00010dd0    0000006c                            : mac_hl_patch.obj (.text:macTrackPeriodCallback)
                  00010e3c    0000006c     cllc.obj (.text:orphanIndCb$4)
                  00010ea8    0000006c     collector.obj (.text:processIdentifyLedRequest$2)
                  00010f14    00000068     csf.obj (.text:Csf_getDeviceExtAdd)
                  00010f7c    00000068     driverlib.lib : osc.obj (.text:NOROM_OSCHF_SwitchToRcOscTurnOffXosc)
                  00010fe4    00000068     nvocmp.obj (.text:NVOCMP_getFreeNvApi$14)
                  0001104c    00000068     maclib_osal_tirtos_cc13x2_26x2.a : osal_port.obj (.text:OsalPort_registerTask)
                  000110b4    00000068     rf_multiMode_cc13x2.a : RFCC26X2_multiMode.c.cc13x2.ccs.o (.text:RF_hwiHw)
                  0001111c    00000068     rtsv7M4_T_le_v4SPD16_eabi.lib : copy_decompress_lzss.c.obj (.text:decompress:lzss:__TI_decompress_lzss)
                  00011184    00000068     csf.obj (.text:findDeviceListIndex$3)
                  000111ec    00000068     maclib_secure_cc13x2.a : mac_rx.obj (.text:macRxHaltCleanup)
                  00011254    00000064     drivers_cc13x2.a : AESCCMCC26XX.oem4f (.text:AESCCM_waitForResult)
                  000112b8    00000064                      : Button.oem4f (.text:Button_gpioCallbackFxn)
                  0001131c    00000064     nvocmp.obj (.text:NVOCMP_findSignature$14)
                  00011380    00000064     maclib_osal_tirtos_cc13x2_26x2.a : osal_port.obj (.text:OsalPort_clearEvent)
                  000113e4    00000064                                      : osal_port.obj (.text:OsalPort_pwrmgrTaskState)
                  00011448    00000064     drivers_cc13x2.a : UART2CC26X2.oem4f (.text:UART2Support_dmaStopRx)
                  000114ac    00000064     csf.obj (.text:getTheFirstDevice$3)
                  00011510    00000064     maclib_secure_cc13x2.a : mac.obj (.text:macRequestBackoff)
                  00011574    00000064                            : mac_timer.obj (.text:macSymbolTimerRolloverCallback)
                  000115d8    00000064                            : mac_timer.obj (.text:macTimerAddTimer)
                  0001163c    00000064     main.obj (.text:main)
                  000116a0    00000062     rf_multiMode_cc13x2.a : RFCC26X2_multiMode.c.cc13x2.ccs.o (.text:RF_syncCb)
                  00011702    00000002     maclib_secure_cc13x2.a : mac_radio.obj (.text:macRadioSetRE)
                  00011704    00000060     drivers_cc13x2.a : AESCCMCC26XX.oem4f (.text:AESCCM_hwiFxn)
                  00011764    00000060                      : CryptoResourceCC26XX.oem4f (.text:CryptoResourceCC26XX_constructRTOSObjects)
                  000117c4    00000060     rf_multiMode_cc13x2.a : RFCC26X2_multiMode.c.cc13x2.ccs.o (.text:RF_applyRfCorePatch)
                  00011824    00000060     drivers_cc13x2.a : TRNGCC26XX.oem4f (.text:TRNGCC26XX_startTrng)
                  00011884    00000060     maclib_secure_cc13x2.a : mac_radio.obj (.text:macGetRadioTxPowerReg)
                  000118e4    00000060                            : mac_timer.obj (.text:macTimerCancel)
                  00011944    00000060                            : mac_timer.obj (.text:macTimerGetNextTimer)
                  000119a4    00000060     collector.obj (.text:orphanIndCb$2)
                  00011a04    00000060     collector.obj (.text:processDataRetry$2)
                  00011a64    00000060     cllc.obj (.text:sendScanReq$4)
                  00011ac4    0000005e     api_mac.obj (.text:convertTxOptions)
                  00011b22    00000002     rtsv7M4_T_le_v4SPD16_eabi.lib : div0.asm.obj (.text)
                  00011b24    0000005c     nvocmp.obj (.text:NVOCMP_readItem$14)
                  00011b80    0000005c     maclib_osal_tirtos_cc13x2_26x2.a : osal_port.obj (.text:OsalPort_msgReceive)
                  00011bdc    0000005c                                      : osal_port.obj (.text:OsalPort_setEvent)
                  00011c38    0000005c     rf_multiMode_cc13x2.a : RFCC26X2_multiMode.c.cc13x2.ccs.o (.text:RF_hwiCpe0PowerFsm)
                  00011c94    0000005c     drivers_cc13x2.a : UART2.oem4f (.text:UART2_readCancel)
                  00011cf0    0000005c                      : NVSCC26XX.oem4f (.text:doErase)
                  00011d4c    0000005c     maclib_secure_cc13x2.a : mac_radio.obj (.text:macRadioSetChannel)
                  00011da8    0000005c                            : mac_radio.obj (.text:macRadioSetChannelRx)
                  00011e04    0000005c                            : mac_hl_patch.obj (.text:macSetDefaultsByPatch)
                  00011e60    0000005c     collector.obj (.text:sendBroadcastMsg$2)
                  00011ebc    0000005c     app_pem4f.oem4f (.text:xdc_runtime_Startup_getState__I)
                  00011f18    0000005a     drivers_cc13x2.a : UART2.oem4f (.text:UART2_writeCancel)
                  00011f72    00000002     app_pem4f.oem4f (.text:ti_sysbios_BIOS_nullFunc__I)
                  00011f74    00000058     nvocmp.obj (.text:NVOCMP_getItemLenApi$14)
                  00011fcc    00000058     drivers_cc13x2.a : PowerCC26X2_calibrateRCOSC.oem4f (.text:PowerCC26X2_initiateCalibration)
                  00012024    00000058     rf_multiMode_cc13x2.a : RFCC26X2_multiMode.c.cc13x2.ccs.o (.text:RF_TxPowerTable_findValue)
                  0001207c    00000058     drivers_cc13x2.a : TRNGCC26XX.oem4f (.text:TRNG_init)
                  000120d4    00000058     boot.aem4f : boot.oem4f (.text)
                  0001212c    00000058     maclib_secure_cc13x2.a : mac_sleep.obj (.text:macCanSleep)
                  00012184    00000058                            : mac_radio_tx.obj (.text:macRadioTxRequestTxAck)
                  000121dc    00000058                            : mac.obj (.text:macRequestSFDTimeout)
                  00012234    00000058     rom_sysbios.aem4f : rom_sysbios.obj (.text:ti_sysbios_heaps_HeapMem_alloc__E)
                  0001228c    00000056     ti_drivers_config.obj (.text:Board_sendExtFlashByte)
                  000122e2    00000056     drivers_cc13x2.a : LED.oem4f (.text:LED_startBlinking)
                  00012338    00000056     rf_multiMode_cc13x2.a : RFCC26X2_multiMode.c.cc13x2.ccs.o (.text:RF_defaultSubmitPolicy)
                  0001238e    00000002     rom_sysbios.aem4f : rom_sysbios.obj (.text:ti_sysbios_heaps_HeapCallback_defaultDelete)
                  00012390    00000054     drivers_cc13x2.a : AESCCMCC26XX.oem4f (.text:AESCCM_construct)
                  000123e4    00000054     ti_drivers_config.obj (.text:Board_shutDownExtFlash)
                  00012438    00000054     cllc.obj (.text:Cllc_addSecDevice)
                  0001248c    00000054     driverlib.lib : prcm.obj (.text:NOROM_PRCMPowerDomainsAllOff)
                  000124e0    00000054     nvocmp.obj (.text:NVOCMP_doNVCRC$14)
                  00012534    00000054     drivers_cc13x2.a : NVSCC26XX.oem4f (.text:NVSCC26XX_init)
                  00012588    00000054     rf_multiMode_cc13x2.a : RFCC26X2_multiMode.c.cc13x2.ccs.o (.text:RF_fsmXOSCState)
                  000125dc    00000054     drivers_cc13x2.a : StructRingBuf.oem4f (.text:StructRingBuf_put)
                  00012630    00000054     dpl_cc13x2.a : SwiP_tirtos.oem4f (.text:SwiP_construct)
                  00012684    00000054     maclib_secure_cc13x2.a : mac_hl_patch.obj (.text:macIncomingKeyUsagePolicyChecking)
                  000126d8    00000054                            : mac_tx.obj (.text:macTxAckReceivedCallback)
                  0001272c    00000054     api_mac.obj (.text:processScanCnf$7)
                  00012780    00000054     csf.obj (.text:sendToggleAndUpdateUser$3)
                  000127d4    00000054     collector.obj (.text:sendTrackingRequest$2)
                  00012828    00000050     drivers_cc13x2.a : GPIOCC26XX.oem4f (.text:GPIO_hwiIntFxn)
                  00012878    00000050     nvocmp.obj (.text:NVOCMP_compactNvApi$14)
                  000128c8    00000050     drivers_cc13x2.a : TRNGCC26XX.oem4f (.text:TRNGCC26XX_waitForResult)
                  00012918    00000050                      : UART2CC26X2.oem4f (.text:UART2Support_dmaRefreshRx)
                  00012968    00000050     maclib_secure_cc13x2.a : mac_radio.obj (.text:macRadioSetPanCoordinator)
                  000129b8    00000050                            : mac_timer.obj (.text:macTimerStart)
                  00012a08    0000004c     cui.obj (.text:CUI_updateCursor$5)
                  00012a54    0000004c     cui.obj (.text:CUI_writeString$5)
                  00012aa0    0000004c     driverlib.lib : prcm.obj (.text:NOROM_PRCMPowerDomainsAllOn)
                  00012aec    0000004c     nvocmp.obj (.text:NVOCMP_setItemInactive$14)
                  00012b38    0000004c     maclib_osal_tirtos_cc13x2_26x2.a : osal_port.obj (.text:OsalPort_msgSend)
                  00012b84    0000004c     rf_multiMode_cc13x2.a : RFCC26X2_multiMode.c.cc13x2.ccs.o (.text:RF_wakeupNotification)
                  00012bd0    0000004c     drivers_cc13x2.a : StructRingBuf.oem4f (.text:StructRingBuf_get)
                  00012c1c    0000004c                      : UDMACC26XX.oem4f (.text:UDMACC26XX_open)
                  00012c68    0000004c     rtsv7M4_T_le_v4SPD16_eabi.lib : atoi.c.obj (.text:atoi)
                  00012cb4    0000004c                                   : cpy_tbl.c.obj (.text:copy_in)
                  00012d00    0000004c     maclib_secure_cc13x2.a : mac_low_level.obj (.text:macLowLevelYield)
                  00012d4c    0000004c                            : mac_radio_tx.obj (.text:macRadioTxHandleAck)
                  00012d98    0000004c                            : mac.obj (.text:macSendFsCmd)
                  00012de4    0000004c     maclib_osal_tirtos_cc13x2_26x2.a : osal_port.obj (.text:osalHeapGetStatsFxn)
                  00012e30    00000048     csf.obj (.text:Csf_getNumDeviceListEntries)
                  00012e78    00000048     rf_multiMode_cc13x2.a : rfc.c.cc13x2.ccs.o (.text:NOROM_RFCSynthPowerDown)
                  00012ec0    00000048     nvocmp.obj (.text:NVOCMP_write$14)
                  00012f08    00000048     drivers_cc13x2.a : NVS.oem4f (.text:NVS_open)
                  00012f50    00000048                      : PowerCC26X2_calibrateRCOSC.oem4f (.text:PowerCC26X2_RCOSC_clockFunc)
                  00012f98    00000048                      : PowerCC26X2.oem4f (.text:PowerCC26XX_switchXOSC_HF)
                  00012fe0    00000048     maclib_osal_tirtos_cc13x2_26x2.a : util_timer.obj (.text:UtilTimer_construct)
                  00013028    00000048     drivers_cc13x2.a : NVSCC26XX.oem4f (.text:disableFlashCache)
                  00013070    00000048     csf.obj (.text:formNwkAndUpdateUser$3)
                  000130b8    00000048     maclib_secure_cc13x2.a : mac_radio.obj (.text:macRadioNeedAdjustPower)
                  00013100    00000048                            : mac_radio.obj (.text:macRadioStopScan)
                  00013148    00000048                            : mac_timer.obj (.text:macTimerUpdActive)
                  00013190    00000048     drivers_cc13x2.a : PowerCC26X2.oem4f (.text:switchXOSCHF)
                  000131d8    00000048     csf.obj (.text:uintToString$3)
                  00013220    00000046     drivers_cc13x2.a : RingBuf.oem4f (.text:RingBuf_put)
                  00013266    00000046     maclib_secure_cc13x2.a : mac_hl_patch.obj (.text:macDeviceDescriptorLookup)
                  000132ac    00000044     cllc.obj (.text:Cllc_sendDisassociationRequest)
                  000132f0    00000044     maclib_secure_cc13x2.a : fh_ie_patch.obj (.text:FHNT_delTempIndex)
                  00013334    00000044                            : mac_timer.obj (.text:MAC_PwrNextTimeout)
                  00013378    00000044     driverlib.lib : chipinfo.obj (.text:NOROM_ChipInfo_GetHwRevision)
                  000133bc    00000044     drivers_cc13x2.a : NVSCC26XX.oem4f (.text:NVSCC26XX_read)
                  00013400    00000044                      : PWM.oem4f (.text:PWM_init)
                  00013444    00000044                      : UART2CC26X2.oem4f (.text:UART2CC26X2_initIO)
                  00013488    00000044     maclib_secure_cc13x2.a : mac.obj (.text:macRatCb_B)
                  000134cc    00000044                            : mac_rx_onoff.obj (.text:macRxDisable)
                  00013510    00000044                            : mac_tx.obj (.text:macTxTimestampCallback)
                  00013554    00000042     api_mac.obj (.text:copyMacPanDescToApiMacPanDesc$7)
                  00013596    00000040     dpl_cc13x2.a : ClockP_tirtos.oem4f (.text:ClockP_construct)
                  000135d6    00000002     rom_sysbios.aem4f : rom_sysbios.obj (.text:xdc_runtime_SysCallback_defaultAbort)
                  000135d8    00000040     dpl_cc13x2.a : ClockP_tirtos.oem4f (.text:ClockP_create)
                  00013618    00000040     csf.obj (.text:Csf_getNetworkInformation)
                  00013658    00000040     driverlib.lib : osc.obj (.text:NOROM_OSC_HPOSCRelativeFrequencyOffsetGet)
                  00013698    00000040     maclib_osal_tirtos_cc13x2_26x2.a : osal_port.obj (.text:OsalPort_heapFree$41)
                  000136d8    00000040     drivers_cc13x2.a : PWM.oem4f (.text:PWM_open)
                  00013718    00000040                      : PowerCC26X2.oem4f (.text:PowerCC26XX_isStableXOSC_HF)
                  00013758    00000040     rf_multiMode_cc13x2.a : RFCC26X2_multiMode.c.cc13x2.ccs.o (.text:RF_updatePowerupDuration)
                  00013798    00000040     drivers_cc13x2.a : Random.oem4f (.text:Random_getNumber)
                  000137d8    00000040                      : TRNGCC26XX.oem4f (.text:TRNGCC26XX_copyToClient)
                  00013818    00000040                      : UART2.oem4f (.text:UART2_readFull)
                  00013858    00000040     collector.obj (.text:cllcStateChangedCB$2)
                  00013898    00000040     rf_multiMode_cc13x2.a : rf_patch_cpe_prop.c.cc13x2.ccs.o (.text:configurePropPatch)
                  000138d8    00000040     maclib_secure_cc13x2.a : mac_rx.obj (.text:macRxNokIsr)
                  00013918    00000040                            : mac_autopend.obj (.text:macSrcMatchSetEnableBit$17)
                  00013958    00000040                            : mac_symbol_timer.obj (.text:macSymbolTimerSetTrigger)
                  00013998    00000040                            : mac_tx.obj (.text:macTxUpdateIE)
                  000139d8    00000040     rtsv7M4_T_le_v4SPD16_eabi.lib : u_divt2.asm.obj (.text)
                  00013a18    00000040     rom_sysbios.aem4f : rom_sysbios.obj (.text:ti_sysbios_family_arm_cc26xx_Timer_setThreshold__I)
                  00013a58    00000040                       : rom_sysbios.obj (.text:ti_sysbios_heaps_HeapCallback_Module_startup__E)
                  00013a98    0000003e     drivers_cc13x2.a : CryptoUtils.oem4f (.text:CryptoUtils_buffersMatch)
                  00013ad6    0000003e     dpl_cc13x2.a : HwiP_tirtos.oem4f (.text:HwiP_construct)
                  00013b14    0000003e     drivers_cc13x2.a : LED.oem4f (.text:LED_setBrightnessLevel)
                  00013b52    0000003e     maclib_osal_tirtos_cc13x2_26x2.a : osal_port.obj (.text:OsalPort_msgEnqueueMax)
                  00013b90    0000003e     drivers_cc13x2.a : RingBuf.oem4f (.text:RingBuf_putAdvance)
                  00013bce    0000003e                      : TRNGCC26XX.oem4f (.text:TRNGCC26XX_serviceJob)
                  00013c0c    0000003e                      : LED.oem4f (.text:clockTimeoutHandler)
                  00013c4a    00000002     rom_sysbios.aem4f : rom_sysbios.obj (.text:xdc_runtime_SysCallback_defaultExit)
                  00013c4c    0000003c     driverlib.lib : osc.obj (.text:InternCapArrayAdjustWithBaseline7001F$44)
                  00013c88    0000003c     drivers_cc13x2.a : LED.oem4f (.text:LED_setOff)
                  00013cc4    0000003c     maclib_secure_cc13x2.a : mac_pwr.obj (.text:MAC_PwrOnReq)
                  00013d00    0000003c     nvocmp.obj (.text:NVOCMP_disableCache$14)
                  00013d3c    0000003c     rf_multiMode_cc13x2.a : RFCC26X2_multiMode.c.cc13x2.ccs.o (.text:RF_cmdGet)
                  00013d78    0000003c                           : RFCC26X2_multiMode.c.cc13x2.ccs.o (.text:RF_cmdStoreEvents)
                  00013db4    0000003c     drivers_cc13x2.a : UART2CC26X2.oem4f (.text:UART2CC26X2_finalizeIO)
                  00013df0    0000003c                      : NVSCC26XX.oem4f (.text:checkEraseRange)
                  00013e2c    0000003c     collector.obj (.text:cllcDeviceJoiningCB$2)
                  00013e68    0000003c     maclib_secure_cc13x2.a : mac_timer.obj (.text:macTimerRecalcUnaligned)
                  00013ea4    0000003c                            : mac_tx.obj (.text:macTxDecrypt)
                  00013ee0    0000003c     rom_sysbios.aem4f : rom_sysbios.obj (.text:ti_sysbios_family_arm_m3_Hwi_construct2__E)
                  00013f1c    0000003a     dpl_cc13x2.a : SemaphoreP_tirtos.oem4f (.text:SemaphoreP_construct)
                  00013f56    00000002     rom_sysbios.aem4f : rom_sysbios.obj (.text:xdc_runtime_SysCallback_defaultFlush)
                  00013f58    00000038     cllc.obj (.text:Cllc_setJoinPermit)
                  00013f90    00000038     collector.obj (.text:Collector_sendDeviceTypeRequest)
                  00013fc8    00000038     collector.obj (.text:Collector_sendToggleLedRequest)
                  00014000    00000038     nvocmp.obj (.text:NVOCMP_findPage$14)
                  00014038    00000038     rf_multiMode_cc13x2.a : RFCC26X2_multiMode.c.cc13x2.ccs.o (.text:RF_checkCmdFsError)
                  00014070    00000038     drivers_cc13x2.a : UART2CC26X2.oem4f (.text:UART2Support_sendData)
                  000140a8    00000038                      : UART2.oem4f (.text:UART2_rxEnable)
                  000140e0    00000038     collector.obj (.text:findDevice$2)
                  00014118    00000038     maclib_secure_cc13x2.a : mac_timer.obj (.text:macTimerAligned)
                  00014150    00000038                            : mac_timer.obj (.text:macTimerInit)
                  00014188    00000038                            : mac_tx.obj (.text:macTxAckNotReceivedCallback)
                  000141c0    00000038                            : mac_tx.obj (.text:macTxFrameRetransmit)
                  000141f8    00000038     drivers_cc13x2.a : PowerCC26X2.oem4f (.text:notify)
                  00014230    00000036     api_mac.obj (.text:ApiMac_convertCapabilityInfo)
                  00014266    00000036     drivers_cc13x2.a : LED.oem4f (.text:LED_setOn)
                  0001429c    00000036                      : UART2.oem4f (.text:UART2_rxDisable)
                  000142d2    00000036                      : UDMACC26XX.oem4f (.text:UDMACC26XX_close)
                  00014308    00000034     csf.obj (.text:Csf_setTrackingClock)
                  0001433c    00000034     driverlib.lib : aes.obj (.text:NOROM_AESStartDMAOperation)
                  00014370    00000034                   : sys_ctrl.obj (.text:NOROM_SysCtrlIdle)
                  000143a4    00000034     nvocmp.obj (.text:NVOCMP_verifyCRC$14)
                  000143d8    00000034     rf_multiMode_cc13x2.a : RFCC26X2_multiMode.c.cc13x2.ccs.o (.text:RF_powerConstraintRelease)
                  0001440c    00000034                           : RFCC26X2_multiMode.c.cc13x2.ccs.o (.text:RF_runDirectImmediateCmd)
                  00014440    00000034     drivers_cc13x2.a : RingBuf.oem4f (.text:RingBuf_getConsume)
                  00014474    00000034                      : RingBuf.oem4f (.text:RingBuf_putPointer)
                  000144a8    00000034     maclib_secure_cc13x2.a : mac_hl_patch.obj (.text:macCheckPhyRate)
                  000144dc    00000034                            : mac_low_level.obj (.text:macLowLevelDiags)
                  00014510    00000034                            : mac_radio.obj (.text:macRadioSetIEEEAddr)
                  00014544    00000034                            : mac.obj (.text:macRatDisableChannelB)
                  00014578    00000034                            : mac_rx_onoff.obj (.text:macRxOff)
                  000145ac    00000034                            : mac_symbol_timer.obj (.text:macSymbolTimerCount)
                  000145e0    00000034                            : mac_tx.obj (.text:macTxFrameIsr)
                  00014614    00000034     csf.obj (.text:saveNumDeviceListEntries$3)
                  00014648    00000034     rtsv7M4_T_le_v4SPD16_eabi.lib : strncpy.c.obj (.text:strncpy)
                  0001467c    00000034     rom_sysbios.aem4f : rom_sysbios.obj (.text:ti_sysbios_knl_Swi_setPri__E)
                  000146b0    00000032     maclib_osal_tirtos_cc13x2_26x2.a : osal_port.obj (.text:OsalPort_msgExtract)
                  000146e2    00000032     rom_sysbios.aem4f : rom_sysbios.obj (.text:ti_sysbios_family_arm_cc26xx_Timer_setNextTick__E)
                  00014714    00000032                       : rom_sysbios.obj (.text:ti_sysbios_gates_GateMutexPri_insertPri__I)
                  00014746    00000002                       : rom_sysbios.obj (.text:xdc_runtime_SysCallback_defaultPutch)
                  00014748    00000030     ti_drivers_config.obj (.text:Board_wakeUpExtFlash)
                  00014778    00000030     cllc.obj (.text:Cllc_getFormingPanId)
                  000147a8    00000030     csf.obj (.text:Csf_setConfigClock)
                  000147d8    00000030     nvocmp.obj (.text:NVOCMP_changePageState$14)
                  00014808    00000030     drivers_cc13x2.a : NVSCC26XX.oem4f (.text:NVSCC26XX_erase)
                  00014838    00000030                      : PowerCC26X2.oem4f (.text:Power_releaseConstraint)
                  00014868    00000030                      : PowerCC26X2.oem4f (.text:Power_setConstraint)
                  00014898    00000030     driverlib.lib : osc.obj (.text:SpecialCapArrayWorkaroundEnabledAndNeeded$44)
[...]
20003658  RF_cmdPropCsSlotted                                             
20003674  RF_cmdRadioSetup                                                
20003694  RF_cmdIEEECsma                                                  
200036b4  RF_cmdPropTxAdv                                                 
200036d4  RF_cmdPropRadioDivSetup                                         
20003704  RF_cmdPropRxAdv                                                 
20003734  RF_cmdIEEERx                                                    
20003771  savedCllcState                                                  
20003772  permitJoining                                                   
20003778  Csf_events                                                      
200037a8  Csf_keys                                                        
200037bc  csfCuiHndl                                                      
200037c0  collectorStatusLine                                             
200037c4  deviceStatusLine                                                
200037c8  numJoinDevStatusLine                                            
20003920  taskCnt                                                         
20003930  heapmgrMemFreeTotal                                             
20003934  heapmgrMemFreeError                                             
20003940  HEAPMGR_SIZE                                                    
20003944  taskTbl                                                         
20003aac  PowerCC26X2_module                                              
20003c1c  ROM_stateStruct                                                 
20003c1c  ti_sysbios_knl_Clock_Module__state__V                           
20003c48  ti_sysbios_family_arm_cc26xx_TimestampProvider_Module__state__V 
20003c4c  xdc_runtime_Startup_Module__state__V                            
20003c54  xdc_runtime_Registry_Module__state__V                           
20003c5c  ti_sysbios_BIOS_Module__state__V                                
20003c80  ti_sysbios_knl_Swi_Module__state__V                             
20003c9c  ti_sysbios_knl_Task_Module__state__V                            
20003ce0  xdc_runtime_Memory_Module__state__V                             
20003ce4  xdc_runtime_System_Module__state__V                             
20003cec  ti_sysbios_family_arm_m3_Hwi_Module__state__V                   
20003d20  ti_sysbios_family_arm_cc26xx_Timer_Module__state__V             
20003d2e  Collector_events                                                
20003d68  Collector_statistics                                            
20003da4  Collector_macCallbacks                                          
20003ea0  macMRFSKGenPhyTable                                             
20003f40  gpioPinConfigs                                                  
20003fbe  gAction                                                         
20003fbf  NVOCMP_size                                                     
20003fec  NVOCMP_nvHandle                                                 
20004034  RF_prop_2gfsk50kbps154g                                         
20004044  txPowerTable_868_pa13                                           
200040a8  fhObject                                                        
20004114  macSrcMatchIsAckAllPending                                      
20004115  macSrcResIndex                                                  
20004118  ieeeCoexEnabled                                                 
20004119  reqAccessAlloc                                                  
2000411c  rxCmdHandle                                                     
20004120  macRfDrvTblPtr                                                  
20004124  lastPostCmd                                                     
20004128  macSfdDetectCback                                               
2000412c  macTxTimestamp                                                  
20004130  pMacRadioConfig                                                 
20004150  macRxOutputSubG                                                 
2000415c  macRxOutputIeee                                                 
2000416c  macFrmFilter                                                    
20004180  appSubMenu                                                      
200041d8  FHIE_channelPlan                                                
2000422c  ti_sysbios_knl_Task_Object__table__V                            
20004278  ti_sysbios_family_arm_cc26xx_Timer_Object__table__V             
200042c8  pRfMode                                                         
200042cc  pRfPowerTable                                                   
200042d0  pMaxPower                                                       
200042d4  RF_handle                                                       
200042d8  macPhyTxPower                                                   
200042e0  RF_params                                                       
20004300  commissionSubMenu                                               
20004340  configureSubMenu                                                
20004380  csfMainMenu                                                     
200043c0  ti_sysbios_gates_GateMutex_Object__table__V                     
200043f8  appTaskId                                                       
20004400  appEvents                                                       
20004408  ApiMac_extAddr                                                  
20004410  appSem                                                          
2000442c  macBeaconPayload                                                
20004460  pMacDataTx                                                      
20004464  macDataTxIndirect                                               
20004468  macDataRequeueIndirect                                          
2000446c  macDataRxBeaconCritical                                         
20004470  macDataTxBeaconComplete                                         
20004474  macDataSetSched                                                 
20004478  macDataCheckSched                                               
2000447c  macDataCheckTxTime                                              
20004480  macDataBeaconRequeue                                            
20004484  csmPhy                                                          
20004488  macTimerRollover                                                
2000448c  macTimerNewRollover                                             
20004490  ti_sysbios_knl_Swi_Module_State_0_readyQ__A                     
200044c0  ti_sysbios_knl_Swi_Object__table__V                             
200044f0  ti_sysbios_knl_Task_Module_State_0_readyQ__A                    
20004520  macSpecUsecsPerSymbol                                           
20004524  macPrevPeriodRatCount                                           
20004528  macSymbolTimerRollover                                          
2000452c  macSymbolTimerTrigger                                           
20004548  pOverrides_2gfsk50kbps154g                                      
20004570  macTxSlottedDelayFactor                                         
20004571  macTxType                                                       
20004572  macTxBe                                                         
20004573  macTxGpInterframeDelay                                          
20004574  txAckReq                                                        
20004577  txSeqn                                                          
20004579  numTx                                                           
2000457a  macTxCsmaBackoffDelay                                           
2000457c  macCsmaRtcTimerId                                               
20004580  macAckDbg                                                       
20004594  _hposcCoeffs                                                    
200045b8  macActionSet                                                    
200045dc  macAddrSize                                                     
20004600  macBeaconMargin                                                 
20004620  ti_sysbios_knl_Clock_Object__table__V                           
20004640  xdc_runtime_Error_IgnoreBlock                                   
20004660  ti_sysbios_family_arm_m3_Hwi_Object__table__V                   
20004678  txCmdHandle                                                     
2000467a  macRadioAckIeeeFrame                                            
20004680  pMacEnhancedAck                                                 
20004684  macRadioAckFrame                                                
2000468c  macStateTbl                                                     
200046b0  macCfg                                                          
200046c0  lastRatChanA                                                    
200046c1  lastRatChanB                                                    
200046c2  macRxCmdActive                                                  
200046c3  macTxCmdActive                                                  
200046c4  macFsCmdActive                                                  
200046c5  macRxPreempted                                                  
200046c6  macReqAccessCnt                                                 
200046c8  macReqAccessTimeCnt                                             
200046ca  macReqAccErrCnt                                                 
200046cc  numRfCmd                                                        
200046cd  numRxCmd                                                        
200046ce  numRxPostCmd                                                    
200046d8  pClockHandleEDScan                                              
200046dc  FH_FSM                                                          
200046e8  ti_sysbios_heaps_HeapCallback_Object__table__V                  
200046f4  _lock                                                           
200046f8  _unlock                                                         
200046fc  FH_txTiming                                                     
20004704  RFCC26XX_schedulerPolicy                                        
20004714  ti_sysbios_family_arm_m3_Hwi_Module__root__V                    
2000471c  ti_sysbios_gates_GateHwi_Module__root__V                        
20004724  ti_sysbios_gates_GateMutexPri_Module__root__V                   
2000472c  ti_sysbios_gates_GateMutex_Module__root__V                      
20004734  ti_sysbios_hal_Hwi_Module__root__V                              
2000473c  ti_sysbios_heaps_HeapCallback_Module__root__V                   
20004744  ti_sysbios_heaps_HeapMem_Module__root__V                        
2000474c  ti_sysbios_knl_Clock_Module__root__V                            
20004754  ti_sysbios_knl_Event_Module__root__V                            
2000475c  ti_sysbios_knl_Mailbox_Module__root__V                          
20004764  ti_sysbios_knl_Queue_Module__root__V                            
2000476c  ti_sysbios_knl_Semaphore_Module__root__V                        
20004774  ti_sysbios_knl_Swi_Module__root__V                              
2000477c  ti_sysbios_knl_Task_Module__root__V                             
20004784  macTasksEvents                                                  
20004788  macTxSlottedDelay                                               
20004789  bInSwi                                                          
2000478a  macSrcMatchIsEnabled                                            
2000478b  macRadioYielded                                                 
20004790  main_func_sp                                                    
20004794  ti_sysbios_family_arm_m3_Hwi_Module_State_0_excContext__A       
20004798  ti_sysbios_family_arm_m3_Hwi_Module_State_0_excStack__A         
2000479c  ti_sysbios_knl_Task_Module_State_0_idleTask__A                  
200047a0  CryptoResourceCC26XX_pollingFlag                                
200047a4  ti_sysbios_family_arm_m3_Hwi_Module_State_0_excActive__A        
200047a9  macSleepState                                                   
200047b0  ti_sysbios_knl_Task_Instance_State_0_stack__A                   
200049b0  uart2CC26X2Objects                                              
20004ca8  enhancedAckBuf                                                  
20004da4  ti_sysbios_family_arm_m3_Hwi_dispatchTable                      
20004e7c  LEDObjects                                                      
20004f34  FHPIB_db                                                        
20004fc0  FH_hnd                                                          
20005048  macPib                                                          
200050d0  gpioCallbackFunctions                                           
2000514c  gpioUserArgs                                                    
200051c8  FHNT_tableOpt                                                   
20005244  macScan                                                         
20005298  CryptoResourceCC26XX_accessSemaphore                            
200052e8  CryptoResourceCC26XX_operationSemaphore                         
20005338  cuiMultiMenuData                                                
20005384  ButtonObjects                                                   
200053cc  FHFSM_Dbg                                                       
2000540e  lastRxPriority                                                  
2000540f  lastTxPriority                                                  
20005410  FHNT_tempTable                                                  
20005418  FHNT_hnd                                                        
20005450  macSecurityPib                                                  
20005490  macBeaconCoord                                                  
200054cc  macDeviceAction1                                                
20005504  macBeaconDevice                                                 
20005538  macMgmtAction1                                                  
20005568  macSrcExtAddrList                                               
20005598  macCoord                                                        
200055c4  macDevice                                                       
200055f0  macRxFilter                                                     
200055f1  rxPromiscuousMode                                               
200055f4  rxSeqNum                                                        
200055fc  macRxDataEntryOffset                                            
20005600  rxRadioBufferPtr                                                
20005610  macRxDataEntryQueue                                             
20005618  coexMetricsStruct                                               
20005624  macStatistics                                                   
20005678  macBeacon                                                       
20005698  udmaCC26XXObject                                                
2000570c  CryptoResourceCC26XX_hwi                                        
20005728  macCoordAction2                                                 
20005744  macReset                                                        
20005760  macSrcShortAddrList                                             
2000577c  aesccmCC26XXObjects                                             
20005794  macScanAction                                                   
200057d4  macDeviceAction2                                                
200057e8  macMgmtAction2                                                  
200057fc  macBeaconDeviceAction                                           
2000580c  macCoordAction3                                                 
2000581c  macData                                                         
2000582c  macDataTxDelay                                                  
20005848  FH_PibTbl                                                       
20005854  macMain                                                         
20005860  macBeaconCoordAction1                                           
20005868  macCoordAction1                                                 
20005870  FHNT_Dbg                                                        
20005876  macAckTxActive                                                  
20005877  macMgmt                                                         
20005878  AESCCM_handle                                                   
2000587c  FH_test_var                                                     
20005880  PowerCC26XX_swiKey                                              
20005884  PowerCC26XX_taskKey                                             
20005888  macCryptoDrvTblPtr                                              
2000588c  macRxSymbol                                                     
20005890  macTimerActive                                                  
20005894  nvsCC26XXObjects                                                
20005898  timerAlignedQ                                                   
2000589c  timerUnalignedQ                                                 
200058a0  macPanCoordinator                                               
200058a1  macPhyChannel                                                   
200058a2  macPwr                                                          
200058a3  macRxActive                                                     
200058a4  macRxEnableFlags                                                
200058a5  macRxOutgoingAckFlag                                            
200058a6  macSymbolTimerImpending                                         
200058a7  macTaskId                                                       
200058a8  macTxActive                                                     
200058a9  macUnitBackoffPeriod                                            
200058aa  rxFhRsl                                                         
200058ab  heapStart                                                       
20013aa0  __stack                                                         
20013aa0  heapEnd                                                         
20014000  __STACK_END                                                     
20014000  __STACK_TOP                                                     
e000e000  ti_sysbios_family_arm_m3_Hwi_nvic                               
ffffffff  __TI_pprof_out_hndl                                             
ffffffff  __TI_prof_data_size                                             
ffffffff  __TI_prof_data_start                                            
ffffffff  __binit__                                                       
ffffffff  __c_args__                                                      
ffffffff  binit                                                           
UNDEFED   ITM_flush                                                       
UNDEFED   ITM_restore                                                     
UNDEFED   PIN_hwi_bypass                                                  
UNDEFED   PWM_config                                                      
UNDEFED   PWM_count                                                       
UNDEFED   SHT$$INIT_ARRAY$$Base                                           
UNDEFED   SHT$$INIT_ARRAY$$Limit                                          

[1897 symbols]
