******************************************************************************
                  TI ARM Linker PC v20.2.7                     
******************************************************************************
>> Linked Mon Dec  5 11:29:02 2022

OUTPUT FILE NAME:   <simple_central_CC13X2R1_LAUNCHXL_tirtos_ccs.out>
ENTRY POINT SYMBOL: "ResetISR"  address: 00013be5


MEMORY CONFIGURATION

         name            origin    length      used     unused   attr    fill
----------------------  --------  ---------  --------  --------  ----  --------
  FLASH                 00000000   00056000  0001fa24  000365dc  R  X
  FLASH_LAST_PAGE       00056000   00002000  00000058  00001fa8  R  X
  RTOS_SRAM             20000000   0000012c  000000e4  00000048  RW X
  SRAM                  20000fdf   00013021  00002ad2  0001054f  RW X


SEGMENT ALLOCATION MAP

run origin  load origin   length   init length attrs members
----------  ----------- ---------- ----------- ----- -------
00000000    00000000    0001ba28   0001ba28    r-x
  00000000    00000000    0000003c   0000003c    r-- .resetVecs
  0000003c    0000003c    0001947c   0001947c    r-x .text
  000194b8    000194b8    00001f7e   00001f7e    r-- .const
  0001b438    0001b438    0000015e   0000015e    r-- .rodata
  0001b598    0001b598    00000490   00000490    r-- .cinit
00048000    00048000    00004000   00000000    rw-
  00048000    00048000    00004000   00000000    rw- .TI.bound:flashBuf0
00057fa8    00057fa8    00000058   00000058    r--
  00057fa8    00057fa8    00000058   00000058    r-- .ccfg
20000100    20000100    0000000c   00000000    rw-
  20000100    20000100    00000004   00000000    rw- .data:xdcRomConstPtr
  20000104    20000104    00000004   00000000    rw- .data:xdcRomExternFuncPtr
  20000108    20000108    00000004   00000000    rw- .data:xdcRomStatePtr
20000fe0    20000fe0    000026d2   00000000    rw-
  20000fe0    20000fe0    000011ec   00000000    rw- .data
  200021d0    200021d0    000014e2   00000000    rw- .bss
20013c00    20013c00    00000400   00000000    rw-
  20013c00    20013c00    00000400   00000000    rw- .stack


SECTION ALLOCATION MAP

 output                                  attributes/
section   page    origin      length       input sections
--------  ----  ----------  ----------   ----------------
.cinit     0    0001b598    00000490     
                  0001b598    0000043c     (.cinit..data.load) [load image, compression = lzss]
                  0001b9d4    0000000c     (__TI_handler_table)
                  0001b9e0    00000008     (.cinit..bss.load) [load image, compression = zero_init]
                  0001b9e8    00000008     (.cinit..data:xdcRomConstPtr.load) [load image, compression = lzss]
                  0001b9f0    00000008     (.cinit..data:xdcRomExternFuncPtr.load) [load image, compression = lzss]
                  0001b9f8    00000008     (.cinit..data:xdcRomStatePtr.load) [load image, compression = lzss]
                  0001ba00    00000028     (__TI_cinit_table)

.init_array 
*          0    00000000    00000000     UNINITIALIZED

.ccfg      0    00057fa8    00000058     
                  00057fa8    00000058     ti_devices_config.obj (.ccfg:retain)

.data:xdcRomConstPtr 
*          0    20000100    00000004     UNINITIALIZED
                  20000100    00000004     simple_central_app_pem4f.oem4f (.data:xdcRomConstPtr)

.data:xdcRomExternFuncPtr 
*          0    20000104    00000004     UNINITIALIZED
                  20000104    00000004     simple_central_app_pem4f.oem4f (.data:xdcRomExternFuncPtr)

.data:xdcRomStatePtr 
*          0    20000108    00000004     UNINITIALIZED
                  20000108    00000004     simple_central_app_pem4f.oem4f (.data:xdcRomStatePtr)

.data      0    20000fe0    000011ec     UNINITIALIZED
                  20000fe0    00000508     rf_multiMode_cc13x2.a : RFCC26X2_multiMode.c.cc13x2.ccs.o (.data:$O1$$)
                  200014e8    00000170     drivers_cc13x2.a : PowerCC26X2.oem4f (.data:PowerCC26X2_module)
                  20001658    00000148     simple_central.obj (.data:$O3$$)
                  200017a0    0000010c     simple_central_app_pem4f.oem4f (.data:ROM_stateStruct)
                  200018ac    000000f8     StackWrapper.a : gapbondmgr.o (.data)
                  200019a4    000000b0     OneLib.a : gapgattserver.o (.data)
                  20001a54    0000009c     icall.obj (.data:$O10$$)
                  20001af0    0000007c     ti_drivers_config.obj (.data:gpioPinConfigs)
                  20001b6c    00000064     OneLib.a : ll_config.o (.data)
                  20001bd0    00000060     nvocmp.obj (.data:$O9$$)
                  20001c30    00000054     ti_radio_config.obj (.data:pOverrides_bleCommon)
                  20001c84    00000050     ti_radio_config.obj (.data:txPowerTable_2400_pa5)
                  20001cd4    0000004c     simple_central_app_pem4f.oem4f (.data:ti_sysbios_knl_Task_Object__table__V)
                  20001d20    00000048     board_key.obj (.data:$O2$$)
                  20001d68    00000048     simple_central_app_pem4f.oem4f (.data:ti_sysbios_family_arm_cc26xx_Timer_Object__table__V)
                  20001db0    00000040     OneLib.a : gattservapp.o (.data)
                  20001df0    00000040              : sm_pairing.o (.data)
                  20001e30    0000003c     icall_user_config.obj (.data:nvintfFncStruct)
                  20001e6c    00000038     simple_central_app_pem4f.oem4f (.data:ti_sysbios_gates_GateMutex_Object__table__V)
                  20001ea4    00000030     simple_central_app_pem4f.oem4f (.data:ti_sysbios_knl_Swi_Module_State_0_readyQ__A)
                  20001ed4    00000030     simple_central_app_pem4f.oem4f (.data:ti_sysbios_knl_Swi_Object__table__V)
                  20001f04    00000030     simple_central_app_pem4f.oem4f (.data:ti_sysbios_knl_Task_Module_State_0_readyQ__A)
                  20001f34    0000002c     ti_ble_config.obj (.data:$O1$$)
                  20001f60    00000024     driverlib.lib : osc.obj (.data:$O14$$)
                  20001f84    00000024     ble_user_config.obj (.data:eccParams_NISTP256)
                  20001fa8    00000020     drivers_cc13x2.a : TRNGCC26XX.oem4f (.data:entropyPoolBuffer)
                  20001fc8    00000020     simple_central_app_pem4f.oem4f (.data:ti_sysbios_knl_Clock_Object__table__V)
                  20001fe8    00000020     simple_central_app_pem4f.oem4f (.data:xdc_runtime_Error_IgnoreBlock)
                  20002008    00000018     simple_central_app_pem4f.oem4f (.data:ti_sysbios_family_arm_m3_Hwi_Object__table__V)
                  20002020    00000014     two_btn_menu.obj (.data:$O6$$)
                  20002034    00000014     StackWrapper.a : osal.o (.data)
                  20002048    00000010     OneLib.a : gattservapp.o (.data)
                  20002058    00000010              : ll.o (.data)
                  20002068    00000010              : ll_data.o (.data)
                  20002078    00000010     icall_user_config.obj (.data:bleAppServiceInfoTable)
                  20002088    00000010     icall_api_lite.obj (.data)
                  20002098    00000010     ti_radio_config.obj (.data:pOverrides_ble2Mbps)
                  200020a8    00000010     ti_radio_config.obj (.data:pOverrides_bleCoded)
                  200020b8    00000010     main.obj (.data:user0Cfg)
                  200020c8    0000000c     ti_radio_config.obj (.data:pOverrides_ble1Mbps)
                  200020d4    0000000c     simple_central_app_pem4f.oem4f (.data:ti_sysbios_heaps_HeapCallback_Object__table__V)
                  200020e0    00000009     drivers_cc13x2.a : PINCC26XX.oem4f (.data)
                  200020e9    00000001     OneLib.a : gapgattserver.o (.data)
                  200020ea    00000002              : ll.o (.data)
                  200020ec    00000008     icall_cc2650.obj (.data:$O12$$)
                  200020f4    00000008     ble_user_config.obj (.data:$O13$$)
                  200020fc    00000008     rtsv7M4_T_le_v4SPD16_eabi.lib : _lock.c.obj (.data:$O17$$)
                  20002104    00000008     OneLib.a : gapgattserver.o (.data)
                  2000210c    00000008     rf_multiMode_cc13x2.a : RFCC26X2_multiMode.c.cc13x2.ccs.o (.data:RFCC26XX_schedulerPolicy)
                  20002114    00000008     drivers_cc13x2.a : TRNGCC26XX.oem4f (.data:jobList)
                  2000211c    00000008     simple_central_app_pem4f.oem4f (.data:ti_sysbios_family_arm_m3_Hwi_Module__root__V)
                  20002124    00000008     simple_central_app_pem4f.oem4f (.data:ti_sysbios_gates_GateHwi_Module__root__V)
                  2000212c    00000008     simple_central_app_pem4f.oem4f (.data:ti_sysbios_gates_GateMutexPri_Module__root__V)
                  20002134    00000008     simple_central_app_pem4f.oem4f (.data:ti_sysbios_gates_GateMutex_Module__root__V)
                  2000213c    00000008     simple_central_app_pem4f.oem4f (.data:ti_sysbios_hal_Hwi_Module__root__V)
                  20002144    00000008     simple_central_app_pem4f.oem4f (.data:ti_sysbios_heaps_HeapCallback_Module__root__V)
                  2000214c    00000008     simple_central_app_pem4f.oem4f (.data:ti_sysbios_heaps_HeapMem_Module__root__V)
                  20002154    00000008     simple_central_app_pem4f.oem4f (.data:ti_sysbios_knl_Clock_Module__root__V)
                  2000215c    00000008     simple_central_app_pem4f.oem4f (.data:ti_sysbios_knl_Event_Module__root__V)
                  20002164    00000008     simple_central_app_pem4f.oem4f (.data:ti_sysbios_knl_Mailbox_Module__root__V)
                  2000216c    00000008     simple_central_app_pem4f.oem4f (.data:ti_sysbios_knl_Queue_Module__root__V)
                  20002174    00000008     simple_central_app_pem4f.oem4f (.data:ti_sysbios_knl_Semaphore_Module__root__V)
                  2000217c    00000008     simple_central_app_pem4f.oem4f (.data:ti_sysbios_knl_Swi_Module__root__V)
                  20002184    00000008     simple_central_app_pem4f.oem4f (.data:ti_sysbios_knl_Task_Module__root__V)
                  2000218c    00000004     OneLib.a : ll_master_end_causes.o (.data)
                  20002190    00000004     StackWrapper.a : hal_assert.o (.data)
                  20002194    00000004     ble_user_config_stack.obj (.data)
                  20002198    00000004     rtsv7M4_T_le_v4SPD16_eabi.lib : stkdepth_vars.c.obj (.data)
                  2000219c    00000004     simple_central_app_pem4f.oem4f (.data:ti_sysbios_family_arm_m3_Hwi_Module_State_0_excContext__A)
                  200021a0    00000004     simple_central_app_pem4f.oem4f (.data:ti_sysbios_family_arm_m3_Hwi_Module_State_0_excStack__A)
                  200021a4    00000004     simple_central_app_pem4f.oem4f (.data:ti_sysbios_knl_Task_Module_State_0_idleTask__A)
                  200021a8    00000002     OneLib.a : ll_config.o (.data)
                  200021aa    00000002     StackWrapper.a : osal_cbtimer.o (.data)
                  200021ac    00000002     drivers_cc13x2.a : CryptoResourceCC26XX.oem4f (.data)
                  200021ae    00000002                      : PKAResourceCC26XX.oem4f (.data)
                  200021b0    00000002                      : TRNGCC26XX.oem4f (.data)
                  200021b2    00000002     simple_central_app_pem4f.oem4f (.data:ti_sysbios_family_arm_m3_Hwi_Module_State_0_excActive__A)
                  200021b4    00000001     OneLib.a : gapgattserver.o (.data)
                  200021b5    00000001              : gapgattserver.o (.data)
                  200021b6    00000001              : gapgattserver.o (.data)
                  200021b7    00000001              : gapgattserver.o (.data)
                  200021b8    00000001              : gapgattserver.o (.data)
                  200021b9    00000001              : gattservapp.o (.data)
                  200021ba    00000001              : gattservapp.o (.data)
                  200021bb    00000001              : ll.o (.data)
                  200021bc    00000001              : ll_ae.o (.data)
                  200021bd    00000001              : ll_data.o (.data)
                  200021be    00000001              : ll_scheduler.o (.data)
                  200021bf    00000001              : sm_task.o (.data)
                  200021c0    00000001     StackWrapper.a : gap.o (.data)
                  200021c1    00000001                    : gap.o (.data)
                  200021c2    00000001                    : hal_assert.o (.data)
                  200021c3    00000001     drivers_cc13x2.a : AESCCMCC26XX.oem4f (.data)
                  200021c4    00000001                      : AESCTRCC26XX.oem4f (.data)
                  200021c5    00000001                      : AESCTRDRBGXX.oem4f (.data)
                  200021c6    00000001                      : AESECBCC26XX.oem4f (.data)
                  200021c7    00000001                      : ECDHCC26X2.oem4f (.data)
                  200021c8    00000001                      : GPIOCC26XX.oem4f (.data)
                  200021c9    00000001                      : NVS.oem4f (.data)
                  200021ca    00000001                      : UART.oem4f (.data)
                  200021cb    00000001     rf_multiMode_cc13x2.a : rf_patch_cpe_bt5.c.cc13x2.ccs.o (.data)

.bss       0    200021d0    000014e2     UNINITIALIZED
                  200021d0    00000400     (.common:scTaskStack)
                  200025d0    00000300     simple_central_app_pem4f.oem4f (.bss:taskStackSection)
                  200028d0    000001ac     (.common:uartCC26XXObjects)
                  20002a7c    00000004     OneLib.a : gapgattserver.o (.bss)
                  20002a80    00000100              : ll.o (.bss)
                  20002b80    000000d8     (.common:ti_sysbios_family_arm_m3_Hwi_dispatchTable)
                  20002c58    000000a0     simple_central_menu.obj (.bss:$O5$$)
                  20002cf8    000000a0     OneLib.a : ll_ae.o (.bss)
                  20002d98    00000084     (.common:trngCC26XXObjects)
                  20002e1c    00000080     ti_drivers_config.obj (.bss:displayUARTBuffer)
                  20002e9c    0000007c     (.common:gpioCallbackFunctions)
                  20002f18    0000007c     (.common:gpioUserArgs)
                  20002f94    0000007c     (.common:pinHandleTable)
                  20003010    00000078     StackWrapper.a : osal_cbtimer.o (.bss)
                  20003088    00000070     util.obj (.bss:$O7$$)
                  200030f8    00000058     (.common:aesctrdrbgXXObjects)
                  20003150    00000050     drivers_cc13x2.a : PINCC26XX.oem4f (.bss:pinSemaphore)
                  200031a0    00000050     (.common:CryptoResourceCC26XX_accessSemaphore)
                  200031f0    00000050     (.common:CryptoResourceCC26XX_operationSemaphore)
                  20003240    00000050     (.common:PKAResourceCC26XX_accessSemaphore)
                  20003290    00000050     (.common:PKAResourceCC26XX_operationSemaphore)
                  200032e0    00000044     (.common:aesctrCC26XXObjects)
                  20003324    0000003c     StackWrapper.a : osal_snv_wrapper.o (.bss)
                  20003360    0000003c     drivers_cc13x2.a : PINCC26XX.oem4f (.bss:pinSwi)
                  2000339c    00000028     (.common:aesecbCC26XXObjects)
                  200033c4    00000024     OneLib.a : ll.o (.bss)
                  200033e8    00000020              : gattservapp.o (.bss)
                  20003408    00000020     StackWrapper.a : gapbondmgr.o (.bss)
                  20003428    00000020                    : gapbondmgr.o (.bss)
                  20003448    00000020     drivers_cc13x2.a : PINCC26XX.oem4f (.bss:pinGpioConfigTable)
                  20003468    00000020     ti_drivers_config.obj (.bss:uartCC26XXRingBuffer0)
                  20003488    00000020     (.common:ecdhCC26X2Objects)
                  200034a8    0000001c     drivers_cc13x2.a : TRNGCC26XX.oem4f (.bss:TRNGCC26XX_hwi)
                  200034c4    0000001c                      : TRNGCC26XX.oem4f (.bss:entropyPool)
                  200034e0    0000001c                      : GPIOCC26XX.oem4f (.bss:gpioHwi)
                  200034fc    0000001c                      : PINCC26XX.oem4f (.bss:pinHwi)
                  20003518    0000001c     (.common:CryptoResourceCC26XX_hwi)
                  20003534    0000001c     (.common:PKAResourceCC26XX_hwi)
                  20003550    00000018     OneLib.a : gapgattserver.o (.bss)
                  20003568    00000018              : ll_common.o (.bss)
                  20003580    00000018     (.common:aesccmCC26XXObjects)
                  20003598    00000014     rf_multiMode_cc13x2.a : RFCC26X2_multiMode.c.cc13x2.ccs.o (.bss:RF_ratSyncCmd)
                  200035ac    00000014     drivers_cc13x2.a : Random.oem4f (.bss:state)
                  200035c0    0000000c     OneLib.a : ll.o (.bss)
                  200035cc    0000000c              : ll.o (.bss)
                  200035d8    0000000c              : ll_scheduler.o (.bss)
                  200035e4    0000000c     drivers_cc13x2.a : NVSCC26XX.oem4f (.bss)
                  200035f0    0000000c     (.common:displayUartObject)
                  200035fc    00000008     OneLib.a : ll.o (.bss)
                  20003604    00000008              : ll.o (.bss)
                  2000360c    00000008              : ll_ae.o (.bss)
                  20003614    00000004              : gattservapp.o (.bss)
                  20003618    00000004              : linkdb.o (.bss)
                  2000361c    00000004              : ll.o (.bss)
                  20003620    00000004              : ll.o (.bss)
                  20003624    00000004              : ll.o (.bss)
                  20003628    00000004              : ll.o (.bss)
                  2000362c    00000004              : ll.o (.bss)
                  20003630    00000004              : ll_ae.o (.bss)
                  20003634    00000004              : ll_common.o (.bss)
                  20003638    00000004              : ll_enc.o (.bss)
                  2000363c    00000004              : ll_privacy.o (.bss)
                  20003640    00000004     StackWrapper.a : gapbondmgr.o (.bss)
                  20003644    00000004                    : gapbondmgr.o (.bss)
                  20003648    00000004                    : osal.o (.bss)
                  2000364c    00000004                    : osal.o (.bss)
                  20003650    00000004                    : osal.o (.bss)
                  20003654    00000004                    : osal.o (.bss)
                  20003658    00000004                    : osal.o (.bss)
                  2000365c    00000004                    : osal.o (.bss)
                  20003660    00000004                    : osal_bufmgr.o (.bss)
                  20003664    00000004                    : osal_clock.o (.bss)
                  20003668    00000004                    : osal_clock.o (.bss)
                  2000366c    00000004                    : osal_timers.o (.bss)
                  20003670    00000004                    : osal_timers.o (.bss)
                  20003674    00000004                    : osal_timers.o (.bss)
                  20003678    00000004     drivers_cc13x2.a : ECDHCC26X2.oem4f (.bss)
                  2000367c    00000004                      : PINCC26XX.oem4f (.bss)
                  20003680    00000004     (.common:PowerCC26XX_swiKey)
                  20003684    00000004     (.common:PowerCC26XX_taskKey)
                  20003688    00000004     (.common:nvsCC26XXObjects)
                  2000368c    00000004     (.common:tasksEvents)
                  20003690    00000002     OneLib.a : gapgattserver.o (.bss)
                  20003692    00000002              : ll.o (.bss)
                  20003694    00000002              : ll_ae.o (.bss)
                  20003696    00000002     StackWrapper.a : osal_pwrmgr.o (.bss)
                  20003698    00000001     OneLib.a : gapgattserver.o (.bss)
                  20003699    00000001              : gattservapp.o (.bss)
                  2000369a    00000001              : hci_tl.o (.bss)
                  2000369b    00000001              : hci_tl.o (.bss)
                  2000369c    00000001              : hci_tl.o (.bss)
                  2000369d    00000001              : hci_tl.o (.bss)
                  2000369e    00000001              : hci_tl.o (.bss)
                  2000369f    00000001              : hci_tl.o (.bss)
                  200036a0    00000001              : ll.o (.bss)
                  200036a1    00000001              : ll.o (.bss)
                  200036a2    00000001              : ll.o (.bss)
                  200036a3    00000001              : ll.o (.bss)
                  200036a4    00000001              : ll.o (.bss)
                  200036a5    00000001              : ll_ae.o (.bss)
                  200036a6    00000001              : ll_config.o (.bss)
                  200036a7    00000001              : ll_config.o (.bss)
                  200036a8    00000001              : ll_enc.o (.bss)
                  200036a9    00000001              : ll_isr.o (.bss)
                  200036aa    00000001              : sm_task.o (.bss)
                  200036ab    00000001     StackWrapper.a : ble_dispatch_lite.o (.bss)
                  200036ac    00000001                    : gapbondmgr.o (.bss)
                  200036ad    00000001                    : gapbondmgr.o (.bss)
                  200036ae    00000001                    : hal_assert.o (.bss)
                  200036af    00000001                    : osal.o (.bss)
                  200036b0    00000001                    : osal_pwrmgr.o (.bss)
                  200036b1    00000001     rf_multiMode_cc13x2.a : RFCC26X2_multiMode.c.cc13x2.ccs.o (.bss)

.vtable    0    200036b2    00000000     UNINITIALIZED

.vtable_ram 
*          0    200036b2    00000000     UNINITIALIZED

vtable_ram 
*          0    200036b2    00000000     UNINITIALIZED

.sysmem    0    200036b2    00000000     UNINITIALIZED

.nonretenvar 
*          0    200036b2    00000000     UNINITIALIZED

.stack     0    20013c00    00000400     UNINITIALIZED
                  20013c00    00000400     --HOLE--

.bootVecs 
*          0    00000000    00000008     DSECT
                  00000000    00000008     boot.aem4f : boot.oem4f (.bootVecs)

.resetVecs 
*          0    00000000    0000003c     
                  00000000    0000003c     simple_central_app_pem4f.oem4f (.resetVecs)

.vecs      0    20000000    000000d8     NOLOAD SECTION
                  20000000    000000d8     simple_central_app_pem4f.oem4f (.vecs)

xdc.meta   0    00000000    00000153     COPY SECTION
                  00000000    00000153     simple_central_app_pem4f.oem4f (xdc.meta)

xdc.noload 
*          0    00000000    00000000     COPY SECTION

.TI.bound:flashBuf0 
*          0    00048000    00004000     UNINITIALIZED
                  00048000    00004000     ti_drivers_config.obj (.TI.bound:flashBuf0)

.text      0    0000003c    0001947c     
                  0000003c    00000b58     StackWrapper.a : gapbondmgr.o (.text)
                  00000b94    00000a88     simple_central.obj (.text:SimpleCentral_taskFxn$4)
                  0000161c    0000075c     OneLib.a : ll_scheduler.o (.text)
                  00001d78    00000658     StackWrapper.a : gapbondmgr.o (.text)
                  000023d0    000005f0     simple_central.obj (.text:SimpleCentral_processGapMsg$4)
                  000029c0    00000564     simple_central.obj (.text:SimpleCentral_processAppMsg$4)
                  00002f24    000004c0     rf_multiMode_cc13x2.a : RFCC26X2_multiMode.c.cc13x2.ccs.o (.text:RF_fsmActiveState)
                  000033e4    00000470     OneLib.a : ll_isr.o (.text)
                  00003854    00000448              : ll.o (.text)
                  00003c9c    000003c8              : ble.o (.text)
                  00004064    000003bc              : ll_ae.o (.text)
                  00004420    000003a4              : ll_scheduler.o (.text)
                  000047c4    00000348              : ll_ae.o (.text)
                  00004b0c    00000320              : ble.o (.text)
                  00004e2c    00000320              : ll.o (.text)
                  0000514c    000002dc              : ll_master_end_causes.o (.text)
                  00005428    000002c8              : ll_isr.o (.text)
                  000056f0    000002b0     StackWrapper.a : gapbondmgr.o (.text)
                  000059a0    00000298     rf_multiMode_cc13x2.a : RFCC26X2_multiMode.c.cc13x2.ccs.o (.text:RF_open)
                  00005c38    0000025c     nvocmp.obj (.text:NVOCMP_addItem$9)
                  00005e94    0000025c     OneLib.a : ll_common.o (.text)
                  000060f0    0000025c     StackWrapper.a : gapbondmgr.o (.text)
                  0000634c    00000248     OneLib.a : ll_data.o (.text)
                  00006594    00000244              : ll_ae.o (.text)
                  000067d8    0000022c     drivers_cc13x2.a : ECDHCC26X2.oem4f (.text:ECDHCC26X2_runFSM)
                  00006a04    0000021c     nvocmp.obj (.text:NVOCMP_initNv$9)
                  00006c20    00000218     drivers_cc13x2.a : PINCC26XX.oem4f (.text:PIN_init)
                  00006e38    00000210     rf_multiMode_cc13x2.a : RFCC26X2_multiMode.c.cc13x2.ccs.o (.text:RF_scheduleCmd)
                  00007048    00000204     OneLib.a : gattservapp.o (.text)
                  0000724c    00000204              : ll_master_end_causes.o (.text)
                  00007450    000001e8              : ll.o (.text)
                  00007638    000001e8     osal_icall_ble.obj (.text:stack_main)
                  00007820    000001e0     StackWrapper.a : osal.o (.text)
                  00007a00    000001dc     rf_multiMode_cc13x2.a : RFCC26X2_multiMode.c.cc13x2.ccs.o (.text:RF_dispatchNextCmd)
                  00007bdc    000001d8     OneLib.a : ll_isr.o (.text)
                  00007db4    000001c0     simple_central.obj (.text:SimpleCentral_processPairState$4)
                  00007f74    00000198     drivers_cc13x2.a : PowerCC26X2.oem4f (.text:Power_sleep)
                  0000810c    00000196     OneLib.a : ll_common.o (.text)
                  000082a2    00000002     ti_drivers_config.obj (.text:Board_initHook)
                  000082a4    00000190     drivers_cc13x2.a : PowerCC26X2_calibrateRCOSC.oem4f (.text:calibrateRcoscHf1)
                  00008434    00000190     icall.obj (.text:icall_directAPI)
                  000085c4    0000018c     drivers_cc13x2.a : PowerCC26X2_calibrateRCOSC.oem4f (.text:runCalibrateFsm)
                  00008750    00000188     nvocmp.obj (.text:NVOCMP_compact$9)
                  000088d8    0000017c     OneLib.a : ll_isr.o (.text)
                  00008a54    0000017c              : sm_intpairing.o (.text)
                  00008bd0    00000174              : gattservapp.o (.text)
                  00008d44    0000016c              : ll.o (.text)
                  00008eb0    0000016c     drivers_cc13x2.a : PowerCC26X2.oem4f (.text:Power_init)
                  0000901c    00000168     OneLib.a : ll_common.o (.text)
                  00009184    00000164     drivers_cc13x2.a : AESCTRCC26XX.oem4f (.text:AESCTR_processData)
                  000092e8    00000162     StackWrapper.a : osal.o (.text)
                  0000944a    00000002     ble_user_config.obj (.text:DefaultAssertCback)
                  0000944c    00000160     OneLib.a : ll_ae.o (.text)
                  000095ac    00000158     driverlib.lib : sys_ctrl.obj (.text:NOROM_SysCtrlStandby)
                  00009704    00000158     OneLib.a : ll_common.o (.text)
                  0000985c    00000154              : ll_isr.o (.text)
                  000099b0    00000154     rf_multiMode_cc13x2.a : RFCC26X2_multiMode.c.cc13x2.ccs.o (.text:RF_radioOpDoneCb)
                  00009b04    00000154     drivers_cc13x2.a : UARTCC26XX.oem4f (.text:UARTCC26XX_hwiIntFxn)
                  00009c58    00000150     OneLib.a : gap_task.o (.text)
                  00009da8    0000014c              : ll_isr.o (.text)
                  00009ef4    00000148     drivers_cc13x2.a : AESECBCC26XX.oem4f (.text:AESECB_addDataInternal)
                  0000a03c    00000148     simple_central.obj (.text:SimpleCentral_doAutoConnect)
                  0000a184    00000144     rf_multiMode_cc13x2.a : RFCC26X2_multiMode.c.cc13x2.ccs.o (.text:RF_fsmSetupState)
                  0000a2c8    00000144     StackWrapper.a : gap.o (.text)
                  0000a40c    00000140     main.obj (.text:AssertHandler)
                  0000a54c    00000140     OneLib.a : gattservapp.o (.text)
                  0000a68c    00000140     drivers_cc13x2.a : UARTCC26XX.oem4f (.text:UARTCC26XX_open)
                  0000a7cc    0000013c                      : AESCCMCC26XX.oem4f (.text:AESCCM_startOperation)
                  0000a908    0000013a                      : UARTCC26XX.oem4f (.text:UARTCC26XX_read)
                  0000aa42    00000002     display_cc13x2.a : DisplayUart.oem4f (.text:DisplayUartAnsi_init)
                  0000aa44    00000138     drivers_cc13x2.a : ECDHCC26X2.oem4f (.text:ECDH_computeSharedSecret)
                  0000ab7c    00000138                      : NVSCC26XX.oem4f (.text:NVSCC26XX_write)
                  0000acb4    00000138     rf_multiMode_cc13x2.a : RFCC26X2_multiMode.c.cc13x2.ccs.o (.text:RF_abortCmd)
                  0000adec    00000138                           : RFCC26X2_multiMode.c.cc13x2.ccs.o (.text:RF_ratSetupChannel)
                  0000af24    00000130     nvocmp.obj (.text:NVOCMP_compactPage$9)
                  0000b054    00000124     OneLib.a : ll_isr.o (.text)
                  0000b178    00000124     simple_central.obj (.text:SimpleCentral_processGATTDiscEvent$4)
                  0000b29c    00000120     OneLib.a : ll_common.o (.text)
                  0000b3bc    00000120              : ll_data.o (.text)
                  0000b4dc    00000120     simple_central.obj (.text:SimpleCentral_menuSwitchCb$4)
                  0000b5fc    00000120     drivers_cc13x2.a : PowerCC26X2.oem4f (.text:configureXOSCHF)
                  0000b71c    00000114     OneLib.a : ll_common.o (.text)
                  0000b830    00000114     drivers_cc13x2.a : PINCC26XX.oem4f (.text:PINCC26XX_setIoCfg)
                  0000b944    0000010c     OneLib.a : gatt_client.o (.text)
                  0000ba50    00000108              : ll_isr.o (.text)
                  0000bb58    00000106     simple_central_app_pem4f.oem4f (.text:xdc_runtime_System_printfExtend__I)
                  0000bc5e    00000002     rom_init.obj (.text:MAP_HCI_CteRequestFailedEvent)
                  0000bc60    00000104     rf_multiMode_cc13x2.a : RFCC26X2_multiMode.c.cc13x2.ccs.o (.text:RF_hwiCpe0Active)
                  0000bd64    00000100     nvocmp.obj (.text:NVOCMP_findItem$9)
                  0000be64    000000fe     OneLib.a : ll_scheduler.o (.text)
                  0000bf62    00000002     rom_init.obj (.text:MAP_llClearPeriodicAdvSets)
                  0000bf64    000000fc     OneLib.a : ll_scheduler.o (.text)
                  0000c060    000000fc              : ll_scheduler.o (.text)
                  0000c15c    000000fc     rf_multiMode_cc13x2.a : RFCC26X2_multiMode.c.cc13x2.ccs.o (.text:RF_decodeOverridePointers)
                  0000c258    000000fc     driverlib.lib : setup.obj (.text:TrimAfterColdResetWakeupFromShutDown$24)
                  0000c354    000000f8                   : setup.obj (.text:NOROM_SetupTrimDevice)
                  0000c44c    000000f4     OneLib.a : ll_scheduler.o (.text)
                  0000c540    000000f4     two_btn_menu.obj (.text:tbm_displayItemPage)
                  0000c634    000000f0     OneLib.a : ll_ae.o (.text)
                  0000c724    000000f0     rf_multiMode_cc13x2.a : RFCC26X2_multiMode.c.cc13x2.ccs.o (.text:RF_fsmPowerUpState)
                  0000c814    000000e8     drivers_cc13x2.a : GPIOCC26XX.oem4f (.text:GPIO_init)
                  0000c8fc    000000e8     StackWrapper.a : gapbondmgr.o (.text)
                  0000c9e4    000000e4     OneLib.a : gapgattserver.o (.text)
                  0000cac8    000000e4     simple_central.obj (.text:SimpleCentral_doConnUpdate)
                  0000cbac    000000e0     rf_multiMode_cc13x2.a : RFCC26X2_multiMode.c.cc13x2.ccs.o (.text:RF_control)
                  0000cc8c    000000e0     StackWrapper.a : osal_timers.o (.text)
                  0000cd6c    000000e0     drivers_cc13x2.a : UARTCC26XX.oem4f (.text:UARTCC26XX_write)
                  0000ce4c    000000dc     driverlib.lib : aes.obj (.text:NOROM_AESWriteToKeyStore)
                  0000cf28    000000dc     OneLib.a : ll_ae.o (.text)
                  0000d004    000000d8              : ll_isr.o (.text)
                  0000d0dc    000000d8     rf_multiMode_cc13x2.a : RFCC26X2_multiMode.c.cc13x2.ccs.o (.text:RF_pendCmd)
                  0000d1b4    000000d4     drivers_cc13x2.a : ECDHCC26X2.oem4f (.text:ECDH_generatePublicKey)
                  0000d288    000000d2     rf_multiMode_cc13x2.a : RFCC26X2_multiMode.c.cc13x2.ccs.o (.text:RF_updatePaConfiguration)
                  0000d35a    00000002     rom_init.obj (.text:MAP_llClearPeriodicScanSets)
                  0000d35c    000000cc     OneLib.a : hci_event.o (.text)
                  0000d428    000000cc     rf_multiMode_cc13x2.a : RFCC26X2_multiMode.c.cc13x2.ccs.o (.text:RF_swiHw)
                  0000d4f4    000000cc     StackWrapper.a : osal.o (.text)
                  0000d5c0    000000cc     main.obj (.text:main)
                  0000d68c    000000c8     OneLib.a : gap_scanner.o (.text)
                  0000d754    000000c8              : gapgattserver.o (.text)
                  0000d81c    000000c8              : ll.o (.text)
                  0000d8e4    000000c8     dpl_cc13x2.a : PowerCC26X2_tirtos.oem4f (.text:PowerCC26XX_standbyPolicy)
                  0000d9ac    000000c4     drivers_cc13x2.a : AESCTRDRBGXX.oem4f (.text:AESCTRDRBG_getRandomBytes)
                  0000da70    000000c0     nvocmp.obj (.text:NVOCMP_erase$9)
                  0000db30    000000c0     OneLib.a : ll.o (.text)
                  0000dbf0    000000c0     drivers_cc13x2.a : PowerCC26X2.oem4f (.text:Power_releaseDependency)
                  0000dcb0    000000c0                      : TRNGCC26XX.oem4f (.text:TRNG_getRandom)
                  0000dd70    000000bc                      : AESCTRDRBGXX.oem4f (.text:AESCTRDRBG_construct)
                  0000de2c    000000bc     OneLib.a : ble.o (.text)
                  0000dee8    000000bc              : ll_ecc.o (.text)
                  0000dfa4    000000bc              : ll_scheduler.o (.text)
                  0000e060    000000bc     rf_multiMode_cc13x2.a : RFCC26X2_multiMode.c.cc13x2.ccs.o (.text:RF_initRadioSetup)
                  0000e11c    000000b8     OneLib.a : ll.o (.text)
                  0000e1d4    000000b8     drivers_cc13x2.a : PowerCC26X2.oem4f (.text:Power_setDependency)
                  0000e28c    000000b8     StackWrapper.a : gapbondmgr.o (.text)
                  0000e344    000000b8                    : gattservapp_util.o (.text)
                  0000e3fc    000000b8     drivers_cc13x2.a : UARTCC26XX.oem4f (.text:UARTCC26XX_initHw)
                  0000e4b4    000000b4                      : AESCTRDRBGXX.oem4f (.text:AESCTRDRBG_reseed)
                  0000e568    000000b0     OneLib.a : ll.o (.text)
                  0000e618    000000b0              : ll_enc.o (.text)
                  0000e6c8    000000ac     display_cc13x2.a : DisplayUart.oem4f (.text:DisplayUartAnsi_clearLines)
                  0000e774    000000ac     drivers_cc13x2.a : ECDHCC26X2.oem4f (.text:ECDHCC26X2_hwiFxn)
                  0000e820    000000ac     nvocmp.obj (.text:NVOCMP_initNvApi$9)
                  0000e8cc    000000ac     OneLib.a : ll_ae.o (.text)
                  0000e978    000000ac              : ll_scheduler.o (.text)
                  0000ea24    000000ac     drivers_cc13x2.a : PINCC26XX.oem4f (.text:PIN_open)
                  0000ead0    000000ac     simple_central.obj (.text:SimpleCentral_autoConnect$4)
                  0000eb7c    000000a8     OneLib.a : hci_data.o (.text)
                  0000ec24    000000a8              : ll.o (.text)
                  0000eccc    000000a8              : ll_common.o (.text)
                  0000ed74    000000a8     StackWrapper.a : gapbondmgr.o (.text)
                  0000ee1c    000000a7     display_cc13x2.a : DisplayUart.oem4f (.text:DisplayUartAnsi_open)
                  0000eec3    00000001     --HOLE-- [fill = 0]
                  0000eec4    000000a4     OneLib.a : ll_ae.o (.text)
                  0000ef68    000000a4     rf_multiMode_cc13x2.a : RFCC26X2_multiMode.c.cc13x2.ccs.o (.text:RF_ratRestartChannels)
                  0000f00c    000000a4     StackWrapper.a : gapbondmgr.o (.text)
                  0000f0b0    000000a4                    : osal_cbtimer.o (.text)
                  0000f154    000000a0     OneLib.a : gattservapp.o (.text)
                  0000f1f4    000000a0              : ll_common.o (.text)
                  0000f294    000000a0              : ll_master_end_causes.o (.text)
                  0000f334    000000a0              : ll_scheduler.o (.text)
                  0000f3d4    000000a0     rf_multiMode_cc13x2.a : RFCC26X2_multiMode.c.cc13x2.ccs.o (.text:RF_cmdDispatchTime)
                  0000f474    000000a0     auto_init.aem4f : auto_init.oem4f (.text)
                  0000f514    000000a0     rom_sysbios.aem4f : rom_sysbios.obj (.text:ti_sysbios_knl_Task_setPri__E)
                  0000f5b4    0000009f     display_cc13x2.a : DisplayUart.oem4f (.text:DisplayUartAnsi_vprintf)
                  0000f653    00000001     --HOLE-- [fill = 0]
                  0000f654    0000009c     nvocmp.obj (.text:NVOCMP_readHeader$9)
                  0000f6f0    0000009c     OneLib.a : ll_common.o (.text)
                  0000f78c    0000009c              : ll_ecc.o (.text)
                  0000f828    0000009c     drivers_cc13x2.a : TRNGCC26XX.oem4f (.text:TRNG_construct)
                  0000f8c4    0000009c     rtsv7M4_T_le_v4SPD16_eabi.lib : memcpy_t2.asm.obj (.text)
                  0000f960    00000098     OneLib.a : gattservapp.o (.text)
                  0000f9f8    00000098              : hci_event.o (.text)
                  0000fa90    00000098              : ll_ae.o (.text)
                  0000fb28    00000098     rf_multiMode_cc13x2.a : RFCC26X2_multiMode.c.cc13x2.ccs.o (.text:RF_calculateDispatchTime)
                  0000fbc0    00000098     drivers_cc13x2.a : TRNGCC26XX.oem4f (.text:TRNGCC26XX_hwiFxn)
                  0000fc58    00000096     rtsv7M4_T_le_v4SPD16_eabi.lib : ull_div_t2.asm.obj (.text)
                  0000fcee    00000002     rom_init.obj (.text:MAP_llDmmDynamicFree)
                  0000fcf0    00000094     icall.obj (.text:ICall_setTimer)
                  0000fd84    00000094     OneLib.a : gatt_server.o (.text)
                  0000fe18    00000094              : ll.o (.text)
                  0000feac    00000094              : ll_common.o (.text)
                  0000ff40    00000094              : ll_scheduler.o (.text)
                  0000ffd4    00000092              : gap_task.o (.text)
                  00010066    00000092     drivers_cc13x2.a : UARTCC26XX.oem4f (.text:UARTCC26XX_writeCancel)
                  000100f8    00000090     OneLib.a : ll.o (.text)
                  00010188    00000090              : ll_ae.o (.text)
                  00010218    00000090              : ll_common.o (.text)
                  000102a8    00000090     rf_multiMode_cc13x2.a : RFCC26X2_multiMode.c.cc13x2.ccs.o (.text:RF_discardPendCmd)
                  00010338    00000090                           : RFCC26X2_multiMode.c.cc13x2.ccs.o (.text:RF_getInfo)
                  000103c8    00000090     osal_icall_ble.obj (.text:osalInitTasks)
                  00010458    0000008e     drivers_cc13x2.a : CryptoUtils.oem4f (.text:CryptoUtils_reverseCopyPad)
                  000104e6    00000002     rom_init.obj (.text:MAP_llDmmSetThreshold)
                  000104e8    0000008c     icall.obj (.text:ICall_heapMalloc)
                  00010574    0000008c     simple_central.obj (.text:SimpleCentral_doGattWrite)
                  00010600    0000008c     rom_sysbios.aem4f : rom_sysbios.obj (.text:ti_sysbios_gates_GateMutexPri_enter__E)
                  0001068c    0000008a     drivers_cc13x2.a : AESCTRDRBGXX.oem4f (.text:AESCTRDRBGXX_updateState)
                  00010716    00000088                      : AESCTRCC26XX.oem4f (.text:AESCTR_startOneStepOperation)
                  0001079e    00000002     rom_init.obj (.text:MAP_llPeriodicScan_PostProcess)
                  000107a0    00000088     driverlib.lib : osc.obj (.text:NOROM_OSCHF_AttemptToSwitchToXosc)
                  00010828    00000088     simple_central.obj (.text:SimpleCentral_doRssiRead)
                  000108b0    00000088     simple_central.obj (.text:SimpleCentral_doSelectConn)
                  00010938    00000088     StackWrapper.a : osal_cbtimer.o (.text)
                  000109c0    00000088     drivers_cc13x2.a : PowerCC26X2_calibrateRCOSC.oem4f (.text:calibrateRcoscHf2)
                  00010a48    00000088                      : PowerCC26X2.oem4f (.text:disableLFClockQualifiers)
                  00010ad0    00000088                      : PowerCC26X2_calibrateRCOSC.oem4f (.text:updateSubSecInc)
                  00010b58    00000084     rf_multiMode_cc13x2.a : RFCC26X2_multiMode.c.cc13x2.ccs.o (.text:RF_issueRadioFreeCb)
                  00010bdc    00000084                           : RFCC26X2_multiMode.c.cc13x2.ccs.o (.text:RF_verifyGap)
                  00010c60    00000084     simple_central.obj (.text:SimpleCentral_doConnect)
                  00010ce4    00000084     drivers_cc13x2.a : UARTCC26XX.oem4f (.text:UARTCC26XX_close)
                  00010d68    00000084                      : UARTCC26XX.oem4f (.text:writeTxFifoFlush)
                  00010dec    00000080     driverlib.lib : chipinfo.obj (.text:NOROM_ChipInfo_GetChipType)
                  00010e6c    00000080     drivers_cc13x2.a : NVSCC26XX.oem4f (.text:NVSCC26XX_open)
                  00010eec    00000080     OneLib.a : ll_enc.o (.text)
                  00010f6c    00000080     rom_sysbios.aem4f : rom_sysbios.obj (.text:ti_sysbios_family_arm_cc26xx_Timer_start__E)
                  00010fec    0000007e     OneLib.a : gap_task.o (.text)
                  0001106a    00000002     rom_init.obj (.text:MAP_llProcessPeriodicScanRxFIFO)
                  0001106c    0000007c     drivers_cc13x2.a : AESCTRCC26XX.oem4f (.text:AESCTR_hwiFxn)
                  000110e8    0000007c     nvocmp.obj (.text:NVOCMP_readItemApi$9)
                  00011164    0000007c     OneLib.a : ll_common.o (.text)
                  000111e0    0000007c     rf_multiMode_cc13x2.a : RFCC26X2_multiMode.c.cc13x2.ccs.o (.text:RF_ratFreeChannel)
                  0001125c    0000007c     StackWrapper.a : gapbondmgr.o (.text)
                  000112d8    0000007a     OneLib.a : gattservapp.o (.text)
                  00011352    0000007a     rtsv7M4_T_le_v4SPD16_eabi.lib : memset_t2.asm.obj (.text)
                  000113cc    00000078     icall.obj (.text:ICall_heapInit)
                  00011444    00000078     nvocmp.obj (.text:NVOCMP_checkItem$9)
                  000114bc    00000078     OneLib.a : ll_common.o (.text)
                  00011534    00000078     StackWrapper.a : osal_cbtimer.o (.text)
                  000115ac    00000078     rom_sysbios.aem4f : rom_sysbios.obj (.text:ti_sysbios_heaps_HeapMem_allocUnprotected__E)
                  00011624    00000076     OneLib.a : ll_common.o (.text)
                  0001169a    00000076     StackWrapper.a : gap.o (.text)
                  00011710    00000074     nvocmp.obj (.text:NVOCMP_writeItemApi$9)
                  00011784    00000074     OneLib.a : ll_enc.o (.text)
                  000117f8    00000074     drivers_cc13x2.a : PowerCC26X2_calibrateRCOSC.oem4f (.text:PowerCC26X2_auxISR)
                  0001186c    00000074     rf_multiMode_cc13x2.a : RFCC26X2_multiMode.c.cc13x2.ccs.o (.text:RF_ratDisableChannel)
                  000118e0    00000074     rom_sysbios.aem4f : rom_sysbios.obj (.text:ti_sysbios_gates_GateMutexPri_leave__E)
                  00011954    00000072     rf_multiMode_cc13x2.a : RFCC26X2_multiMode.c.cc13x2.ccs.o (.text:RF_detachOverrides)
                  000119c6    00000002     rom_init.obj (.text:MAP_llSetPeriodicSyncInfo)
                  000119c8    00000070     drivers_cc13x2.a : AESCCMCC26XX.oem4f (.text:AESCCM_cleanup)
                  00011a38    00000070     icall.obj (.text:ICall_heapGetStats)
                  00011aa8    00000070     rf_multiMode_cc13x2.a : rfc.c.cc13x2.ccs.o (.text:NOROM_RFCAnaDivTxOverride)
                  00011b18    00000070     nvocmp.obj (.text:NVOCMP_eraseNvApi$9)
                  00011b88    00000070     OneLib.a : gatt_server.o (.text)
                  00011bf8    00000070              : ll_ae.o (.text)
                  00011c68    00000070              : ll_common.o (.text)
                  00011cd8    00000070              : ll_enc.o (.text)
                  00011d48    00000070     rf_multiMode_cc13x2.a : RFCC26X2_multiMode.c.cc13x2.ccs.o (.text:RF_getCurrentTime)
                  00011db8    00000070     drivers_cc13x2.a : Random.oem4f (.text:Random_seedAutomatic)
                  00011e28    00000070     StackWrapper.a : osal.o (.text)
                  00011e98    0000006e     OneLib.a : gatt_server.o (.text)
                  00011f06    0000006e     rf_multiMode_cc13x2.a : RFCC26X2_multiMode.c.cc13x2.ccs.o (.text:RF_attachOverrides)
                  00011f74    0000006e                           : RFCC26X2_multiMode.c.cc13x2.ccs.o (.text:RF_howToSchedule)
                  00011fe2    00000002     rom_init.obj (.text:MAP_llSlave_TaskEnd)
                  00011fe4    0000006d     rom_sysbios.aem4f : rom_sysbios.obj (.text:xdc_runtime_System_formatNum__I)
                  00012051    00000001     --HOLE-- [fill = 0]
                  00012052    00000002     rom_init.obj (.text:MAP_llTerminatePeriodicScan)
                  00012054    0000006c     drivers_cc13x2.a : AESCTRCC26XX.oem4f (.text:AESCTR_construct)
                  000120c0    0000006c                      : AESECBCC26XX.oem4f (.text:AESECB_construct)
                  0001212c    0000006c                      : AESECBCC26XX.oem4f (.text:AESECB_hwiFxn)
                  00012198    0000006c                      : GPIOCC26XX.oem4f (.text:GPIO_setConfig)
                  00012204    0000006c     nvocmp.obj (.text:NVOCMP_getDstPage$9)
                  00012270    0000006c     OneLib.a : ll_isr.o (.text)
                  000122dc    0000006c              : ll_scheduler.o (.text)
                  00012348    0000006c     rf_multiMode_cc13x2.a : RFCC26X2_multiMode.c.cc13x2.ccs.o (.text:RF_dispatchNextEvent)
                  000123b4    0000006c     simple_central.obj (.text:SimpleCentral_doSetScanPhy)
                  00012420    0000006c     StackWrapper.a : osal_cbtimer.o (.text)
                  0001248c    0000006c     drivers_cc13x2.a : UARTCC26XX.oem4f (.text:UARTCC26XX_initIO)
                  000124f8    00000068                      : AESECBCC26XX.oem4f (.text:AESECB_waitForResult)
                  00012560    00000068                      : CryptoUtils.oem4f (.text:CryptoUtils_copyPad)
                  000125c8    00000068     icall.obj (.text:ICall_send)
                  00012630    00000068     icall.obj (.text:ICall_sendServiceComplete)
                  00012698    00000068     driverlib.lib : osc.obj (.text:NOROM_OSCHF_SwitchToRcOscTurnOffXosc)
                  00012700    00000068     OneLib.a : gap_task.o (.text)
                  00012768    00000068              : gattservapp.o (.text)
                  000127d0    00000068              : ll.o (.text)
                  00012838    00000068              : ll_ae.o (.text)
                  000128a0    00000068     rf_multiMode_cc13x2.a : RFCC26X2_multiMode.c.cc13x2.ccs.o (.text:RF_hwiHw)
                  00012908    00000068     simple_central.obj (.text:SimpleCentral_doSetConnPhy)
                  00012970    00000068     StackWrapper.a : osal_timers.o (.text)
                  000129d8    00000068     util.obj (.text:Util_convertBytes2Str)
                  00012a40    00000068     rtsv7M4_T_le_v4SPD16_eabi.lib : copy_decompress_lzss.c.obj (.text:decompress:lzss:__TI_decompress_lzss)
                  00012aa8    00000066     OneLib.a : ll_common.o (.text)
                  00012b0e    00000066     StackWrapper.a : icall_lite_translation.o (.text)
                  00012b74    00000064     drivers_cc13x2.a : AESCCMCC26XX.oem4f (.text:AESCCM_waitForResult)
                  00012bd8    00000064     nvocmp.obj (.text:NVOCMP_findSignature$9)
                  00012c3c    00000064     OneLib.a : gapgattserver.o (.text)
                  00012ca0    00000064              : gattservapp.o (.text)
                  00012d04    00000064              : ll_isr.o (.text)
                  00012d68    00000064              : ll_scheduler.o (.text)
                  00012dcc    00000064     drivers_cc13x2.a : UARTCC26XX.oem4f (.text:UARTCC26XX_control)
                  00012e30    00000062     rf_multiMode_cc13x2.a : RFCC26X2_multiMode.c.cc13x2.ccs.o (.text:RF_syncCb)
                  00012e92    00000062     drivers_cc13x2.a : UARTCC26XX.oem4f (.text:UARTCC26XX_swiIntFxn)
                  00012ef4    00000060                      : AESCCMCC26XX.oem4f (.text:AESCCM_hwiFxn)
                  00012f54    00000060                      : CryptoResourceCC26XX.oem4f (.text:CryptoResourceCC26XX_constructRTOSObjects)
                  00012fb4    00000060     icall.obj (.text:ICall_createRemoteTasksAtRuntime)
                  00013014    00000060     icall.obj (.text:ICall_enrollService)
                  00013074    00000060     OneLib.a : ll_common.o (.text)
                  000130d4    00000060              : sm_pairing.o (.text)
                  00013134    00000060     drivers_cc13x2.a : PKAResourceCC26XX.oem4f (.text:PKAResourceCC26XX_constructRTOSObjects)
                  00013194    00000060     rf_multiMode_cc13x2.a : RFCC26X2_multiMode.c.cc13x2.ccs.o (.text:RF_applyRfCorePatch)
                  000131f4    00000060     StackWrapper.a : gapbondmgr.o (.text)
                  00013254    00000060     drivers_cc13x2.a : TRNGCC26XX.oem4f (.text:TRNGCC26XX_startTrng)
                  000132b4    0000005e     icall.obj (.text:ICall_fetchMsg)
                  00013312    0000005e     OneLib.a : ll_common.o (.text)
                  00013370    0000005c     display_cc13x2.a : Display.oem4f (.text:Display_doOpen)
                  000133cc    0000005c     icall.obj (.text:ICall_pwrUpdActivityCounter)
                  00013428    0000005c     nvocmp.obj (.text:NVOCMP_readItem$9)
                  00013484    0000005c     OneLib.a : gap_perilinkmgr.o (.text)
                  000134e0    0000005c              : ll_isr.o (.text)
                  0001353c    0000005c              : ll_scheduler.o (.text)
                  00013598    0000005c              : sm_intpairing.o (.text)
                  000135f4    0000005c              : sm_rsppairing.o (.text)
                  00013650    0000005c     rf_multiMode_cc13x2.a : RFCC26X2_multiMode.c.cc13x2.ccs.o (.text:RF_hwiCpe0PowerFsm)
                  000136ac    0000005c     simple_central.obj (.text:SimpleCentral_enqueueMsg$4)
                  00013708    0000005c     drivers_cc13x2.a : NVSCC26XX.oem4f (.text:doErase)
                  00013764    0000005c                      : UARTCC26XX.oem4f (.text:startTxFifoEmptyClk)
                  000137c0    0000005c     simple_central_app_pem4f.oem4f (.text:xdc_runtime_Startup_getState__I)
                  0001381c    00000058     drivers_cc13x2.a : ECDHCC26X2.oem4f (.text:ECDH_construct)
                  00013874    00000058     icall.obj (.text:ICall_wait)
                  000138cc    00000058     OneLib.a : ll_ae.o (.text)
                  00013924    00000058              : ll_common.o (.text)
                  0001397c    00000058              : ll_enc.o (.text)
                  000139d4    00000058              : sm_pairing.o (.text)
                  00013a2c    00000058     drivers_cc13x2.a : PowerCC26X2_calibrateRCOSC.oem4f (.text:PowerCC26X2_initiateCalibration)
                  00013a84    00000058     simple_central.obj (.text:SimpleCentral_CancelRssi$4)
                  00013adc    00000058     StackWrapper.a : sm_ecc.o (.text)
                  00013b34    00000058     drivers_cc13x2.a : TRNGCC26XX.oem4f (.text:TRNG_init)
                  00013b8c    00000058     util.obj (.text:Util_convertBdAddr2Str)
                  00013be4    00000058     boot.aem4f : boot.oem4f (.text)
                  00013c3c    00000058     rom_sysbios.aem4f : rom_sysbios.obj (.text:ti_sysbios_heaps_HeapMem_alloc__E)
                  00013c94    00000056     ti_drivers_config.obj (.text:Board_sendExtFlashByte)
                  00013cea    00000056     rf_multiMode_cc13x2.a : RFCC26X2_multiMode.c.cc13x2.ccs.o (.text:RF_defaultSubmitPolicy)
                  00013d40    00000054     drivers_cc13x2.a : AESCCMCC26XX.oem4f (.text:AESCCM_construct)
                  00013d94    00000054     ti_drivers_config.obj (.text:Board_shutDownExtFlash)
                  00013de8    00000054     driverlib.lib : prcm.obj (.text:NOROM_PRCMPowerDomainsAllOff)
                  00013e3c    00000054     nvocmp.obj (.text:NVOCMP_doNVCRC$9)
                  00013e90    00000054     drivers_cc13x2.a : NVSCC26XX.oem4f (.text:NVSCC26XX_init)
                  00013ee4    00000054     OneLib.a : gattservapp.o (.text)
                  00013f38    00000054              : hci_event.o (.text)
                  00013f8c    00000054              : ll.o (.text)
                  00013fe0    00000054              : ll_ae.o (.text)
                  00014034    00000054     rf_multiMode_cc13x2.a : RFCC26X2_multiMode.c.cc13x2.ccs.o (.text:RF_fsmXOSCState)
                  00014088    00000054     StackWrapper.a : osal_bufmgr.o (.text)
                  000140dc    00000054     drivers_cc13x2.a : StructRingBuf.oem4f (.text:StructRingBuf_put)
                  00014130    00000054     dpl_cc13x2.a : SwiP_tirtos.oem4f (.text:SwiP_construct)
                  00014184    00000054     rf_multiMode_cc13x2.a : rf_patch_cpe_bt5.c.cc13x2.ccs.o (.text:configureBt5Patch)
                  000141d8    00000052     OneLib.a : gap_centlinkmgr.o (.text)
                  0001422a    00000050     drivers_cc13x2.a : AESCTRDRBGXX.oem4f (.text:AESCTRDRBGXX_addBigendCounter)
                  0001427a    00000002     rom_init.obj (.text:MAP_llUpdateCteState)
                  0001427c    00000050     drivers_cc13x2.a : GPIOCC26XX.oem4f (.text:GPIO_hwiIntFxn)
                  000142cc    00000050     nvocmp.obj (.text:NVOCMP_compactNvApi$9)
                  0001431c    00000050     OneLib.a : gap_perilinkmgr.o (.text)
                  0001436c    00000050              : hci_tl.o (.text)
                  000143bc    00000050              : ll_enc.o (.text)
                  0001440c    00000050     StackWrapper.a : gattservapp_util.o (.text)
                  0001445c    00000050                    : osal.o (.text)
                  000144ac    00000050                    : osal_clock.o (.text)
                  000144fc    00000050     drivers_cc13x2.a : TRNGCC26XX.oem4f (.text:TRNGCC26XX_waitForResult)
                  0001454c    0000004e     StackWrapper.a : gap.o (.text)
                  0001459a    00000002     rom_init.obj (.text:MAP_llUpdateExtScanAcceptSyncInfo)
                  0001459c    0000004c     icall.obj (.text:ICall_newTask$14)
                  000145e8    0000004c     driverlib.lib : prcm.obj (.text:NOROM_PRCMPowerDomainsAllOn)
                  00014634    0000004c     nvocmp.obj (.text:NVOCMP_loadApiPtrsMin)
                  00014680    0000004c     nvocmp.obj (.text:NVOCMP_setItemInactive$9)
                  000146cc    0000004c     OneLib.a : ble.o (.text)
                  00014718    0000004c              : gap_scanner.o (.text)
                  00014764    0000004c              : ll_scheduler.o (.text)
                  000147b0    0000004c              : ll_scheduler.o (.text)
                  000147fc    0000004c     rf_multiMode_cc13x2.a : RFCC26X2_multiMode.c.cc13x2.ccs.o (.text:RF_wakeupNotification)
                  00014848    0000004c     drivers_cc13x2.a : StructRingBuf.oem4f (.text:StructRingBuf_get)
                  00014894    0000004c                      : UARTCC26XX.oem4f (.text:UARTCC26XX_readCancel)
                  000148e0    0000004c     util.obj (.text:Util_constructClock)
                  0001492c    0000004c     rtsv7M4_T_le_v4SPD16_eabi.lib : cpy_tbl.c.obj (.text:copy_in)
                  00014978    00000048     rf_multiMode_cc13x2.a : rfc.c.cc13x2.ccs.o (.text:NOROM_RFCSynthPowerDown)
                  000149c0    00000048     nvocmp.obj (.text:NVOCMP_write$9)
                  00014a08    00000048     drivers_cc13x2.a : NVS.oem4f (.text:NVS_open)
                  00014a50    00000048     OneLib.a : att_util.o (.text)
                  00014a98    00000048              : gattservapp.o (.text)
                  00014ae0    00000048              : ll.o (.text)
                  00014b28    00000048              : ll.o (.text)
                  00014b70    00000048              : ll_common.o (.text)
                  00014bb8    00000048              : ll_isr.o (.text)
                  00014c00    00000048              : ll_isr.o (.text)
                  00014c48    00000048     drivers_cc13x2.a : PowerCC26X2_calibrateRCOSC.oem4f (.text:PowerCC26X2_RCOSC_clockFunc)
                  00014c90    00000048                      : PowerCC26X2.oem4f (.text:PowerCC26XX_switchXOSC_HF)
                  00014cd8    00000048     simple_central.obj (.text:SimpleCentral_doGattRead)
                  00014d20    00000048     drivers_cc13x2.a : NVSCC26XX.oem4f (.text:disableFlashCache)
                  00014d68    00000048                      : PowerCC26X2.oem4f (.text:switchXOSCHF)
                  00014db0    00000048                      : UARTCC26XX.oem4f (.text:writeFinishedDoCallback)
                  00014df8    00000046                      : RingBuf.oem4f (.text:RingBuf_put)
                  00014e3e    00000002     rom_init.obj (.text:MAP_llUpdatePeriodicAdvChainPacket)
                  00014e40    00000044     drivers_cc13x2.a : ECDHCC26X2.oem4f (.text:ECDHCC26X2_waitForResult)
                  00014e84    00000044     nvocmp.obj (.text:NVOCMP_getFreeNvApi$9)
                  00014ec8    00000044     drivers_cc13x2.a : NVSCC26XX.oem4f (.text:NVSCC26XX_read)
                  00014f0c    00000044     OneLib.a : ll.o (.text)
                  00014f50    00000044              : ll.o (.text)
                  00014f94    00000044              : ll_common.o (.text)
                  00014fd8    00000044     drivers_cc13x2.a : PINCC26XX.oem4f (.text:PIN_swi)
                  0001501c    00000044     StackWrapper.a : osal.o (.text)
                  00015060    00000044                    : osal_timers.o (.text)
                  000150a4    00000044     drivers_cc13x2.a : UART.oem4f (.text:UART_init)
                  000150e8    00000042     OneLib.a : ll.o (.text)
                  0001512a    00000042              : ll_common.o (.text)
                  0001516c    00000040     dpl_cc13x2.a : ClockP_tirtos.oem4f (.text:ClockP_construct)
                  000151ac    00000040     drivers_cc13x2.a : ECDHCC26X2.oem4f (.text:ECDHCC26X2_convertReturnValue)
                  000151ec    00000040                      : ECDHCC26X2.oem4f (.text:ECDHCC26X2_getPublicKeyResult)
                  0001522c    00000040     driverlib.lib : osc.obj (.text:NOROM_OSC_HPOSCRelativeFrequencyOffsetGet)
                  0001526c    00000040     OneLib.a : gap_configmgr.o (.text)
                  000152ac    00000040              : gattservapp.o (.text)
                  000152ec    00000040              : linkdb.o (.text)
                  0001532c    00000040              : ll_common.o (.text)
                  0001536c    00000040              : ll_common.o (.text)
                  000153ac    00000040              : sm_intpairing.o (.text)
                  000153ec    00000040     drivers_cc13x2.a : PowerCC26X2.oem4f (.text:PowerCC26XX_isStableXOSC_HF)
                  0001542c    00000040     rf_multiMode_cc13x2.a : RFCC26X2_multiMode.c.cc13x2.ccs.o (.text:RF_updatePowerupDuration)
                  0001546c    00000040     drivers_cc13x2.a : Random.oem4f (.text:Random_getNumber)
                  000154ac    00000040                      : RingBuf.oem4f (.text:RingBuf_get)
                  000154ec    00000040     simple_central.obj (.text:SimpleCentral_doDiscoverDevices)
                  0001552c    00000040     simple_central.obj (.text:SimpleCentral_passcodeCb$4)
                  0001556c    00000040     StackWrapper.a : osal.o (.text)
                  000155ac    00000040                    : osal_bufmgr.o (.text)
                  000155ec    00000040                    : osal_bufmgr.o (.text)
                  0001562c    00000040                    : osal_timers.o (.text)
                  0001566c    00000040     drivers_cc13x2.a : TRNGCC26XX.oem4f (.text:TRNGCC26XX_copyToClient)
                  000156ac    00000040                      : UART.oem4f (.text:UART_open)
                  000156ec    00000040     rtsv7M4_T_le_v4SPD16_eabi.lib : u_divt2.asm.obj (.text)
                  0001572c    00000040     rom_sysbios.aem4f : rom_sysbios.obj (.text:ti_sysbios_family_arm_cc26xx_Timer_setThreshold__I)
                  0001576c    00000040                       : rom_sysbios.obj (.text:ti_sysbios_heaps_HeapCallback_Module_startup__E)
                  000157ac    0000003e     drivers_cc13x2.a : AESECBCC26XX.oem4f (.text:AESECB_startOperation)
                  000157ea    0000003e                      : CryptoUtils.oem4f (.text:CryptoUtils_buffersMatch)
                  00015828    0000003e     dpl_cc13x2.a : HwiP_tirtos.oem4f (.text:HwiP_construct)
                  00015866    0000003e     OneLib.a : ll_common.o (.text)
                  000158a4    0000003e     drivers_cc13x2.a : TRNGCC26XX.oem4f (.text:TRNGCC26XX_serviceJob)
                  000158e2    00000002     rom_init.obj (.text:MAP_rf_patch_mce)
                  000158e4    0000003c     driverlib.lib : osc.obj (.text:InternCapArrayAdjustWithBaseline7001F$21)
                  00015920    0000003c     nvocmp.obj (.text:NVOCMP_disableCache$9)
                  0001595c    0000003c     OneLib.a : gap_linkmgr.o (.text)
                  00015998    0000003c              : gattservapp.o (.text)
                  000159d4    0000003c              : gattservapp.o (.text)
                  00015a10    0000003c              : gattservapp.o (.text)
                  00015a4c    0000003c              : linkdb.o (.text)
                  00015a88    0000003c              : ll_ae.o (.text)
                  00015ac4    0000003c     rf_multiMode_cc13x2.a : RFCC26X2_multiMode.c.cc13x2.ccs.o (.text:RF_cmdGet)
                  00015b00    0000003c                           : RFCC26X2_multiMode.c.cc13x2.ccs.o (.text:RF_cmdStoreEvents)
                  00015b3c    0000003c     simple_central.obj (.text:SimpleCentral_createTask)
                  00015b78    0000003c     StackWrapper.a : osal.o (.text)
                  00015bb4    0000003c                    : osal.o (.text)
                  00015bf0    0000003c                    : osal.o (.text)
                  00015c2c    0000003c                    : osal_timers.o (.text)
                  00015c68    0000003c                    : sm_ecc.o (.text)
                  00015ca4    0000003c     drivers_cc13x2.a : UARTCC26XX.oem4f (.text:UARTCC26XX_finalizeIO)
                  00015ce0    0000003c                      : NVSCC26XX.oem4f (.text:checkEraseRange)
                  00015d1c    0000003c     rom_sysbios.aem4f : rom_sysbios.obj (.text:ti_sysbios_family_arm_m3_Hwi_construct2__E)
                  00015d58    0000003a     StackWrapper.a : osal.o (.text)
                  00015d92    00000002     rom_init.obj (.text:MAP_rf_patch_rfe)
                  00015d94    00000038     drivers_cc13x2.a : AESCTRCC26XX.oem4f (.text:AESCTR_cleanup)
                  00015dcc    00000038     board_key.obj (.text:Board_keyCallback$3)
                  00015e04    00000038     OneLib.a : hci.o (.text)
                  00015e3c    00000038              : linkdb.o (.text)
                  00015e74    00000038              : ll_ae.o (.text)
                  00015eac    00000038              : ll_ae.o (.text)
                  00015ee4    00000038              : ll_common.o (.text)
                  00015f1c    00000038              : ll_enc.o (.text)
                  00015f54    00000038              : ll_scheduler.o (.text)
                  00015f8c    00000038              : sm_rsppairing.o (.text)
                  00015fc4    00000038     drivers_cc13x2.a : PINCC26XX.oem4f (.text:PIN_setConfig)
                  00015ffc    00000038     rf_multiMode_cc13x2.a : RFCC26X2_multiMode.c.cc13x2.ccs.o (.text:RF_checkCmdFsError)
                  00016034    00000038     StackWrapper.a : gattservapp_util.o (.text)
                  0001606c    00000038                    : osal_timers.o (.text)
                  000160a4    00000038     drivers_cc13x2.a : PowerCC26X2.oem4f (.text:notify)
                  000160dc    00000038                      : UARTCC26XX.oem4f (.text:readData)
                  00016114    00000038     two_btn_menu.obj (.text:tbm_findActiveItem)
                  0001614c    00000038     two_btn_menu.obj (.text:tbm_goTo)
                  00016184    00000038     rom_sysbios.aem4f : rom_sysbios.obj (.text:ti_sysbios_family_arm_cc26xx_Timer_getCurrentTick__E)
                  000161bc    00000038     drivers_cc13x2.a : UARTCC26XX.oem4f (.text:writeData)
                  000161f4    00000036     StackWrapper.a : ble_dispatch_lite.o (.text)
                  0001622a    00000002     rf_multiMode_cc13x2.a : rfc.c.cc13x2.ccs.o (.text:NOROM_RFCCpePatchReset)
                  0001622c    00000034     drivers_cc13x2.a : AESECBCC26XX.oem4f (.text:AESECB_cleanup)
                  00016260    00000034     icall.obj (.text:ICall_heapFree)
                  00016294    00000034     icall.obj (.text:ICall_searchServiceEntity)
                  000162c8    00000034     driverlib.lib : aes.obj (.text:NOROM_AESStartDMAOperation)
                  000162fc    00000034                   : sys_ctrl.obj (.text:NOROM_SysCtrlIdle)
                  00016330    00000034     nvocmp.obj (.text:NVOCMP_verifyCRC$9)
                  00016364    00000034     OneLib.a : hci.o (.text)
                  00016398    00000034              : hci_tl.o (.text)
                  000163cc    00000034              : ll_scheduler.o (.text)
                  00016400    00000034              : ll_scheduler.o (.text)
                  00016434    00000034     rf_multiMode_cc13x2.a : RFCC26X2_multiMode.c.cc13x2.ccs.o (.text:RF_powerConstraintRelease)
                  00016468    00000034                           : RFCC26X2_multiMode.c.cc13x2.ccs.o (.text:RF_runDirectImmediateCmd)
                  0001649c    00000034     simple_central.obj (.text:SimpleCentral_scanCb$4)
                  000164d0    00000034     driverlib.lib : osc.obj (.text:SpecialCapArrayWorkaroundEnabledAndNeeded$21)
                  00016504    00000034     StackWrapper.a : gapbondmgr.o (.text)
                  00016538    00000034                    : icall_startup.o (.text)
                  0001656c    00000034     drivers_cc13x2.a : UARTCC26XX.oem4f (.text:readData2RingBuf)
                  000165a0    00000034     rom_sysbios.aem4f : rom_sysbios.obj (.text:ti_sysbios_knl_Swi_setPri__E)
                  000165d4    00000032                       : rom_sysbios.obj (.text:ti_sysbios_family_arm_cc26xx_Timer_setNextTick__E)
                  00016606    00000032                       : rom_sysbios.obj (.text:ti_sysbios_gates_GateMutexPri_insertPri__I)
                  00016638    00000030     ti_drivers_config.obj (.text:Board_wakeUpExtFlash)
                  00016668    00000030     icall.obj (.text:ICall_dispatch$14)
                  00016698    00000030     icall.obj (.text:ICall_msecs2Ticks$14)
                  000166c8    00000030     icall.obj (.text:ICall_primEntityId2ServiceId$14)
                  000166f8    00000030     icall.obj (.text:ICall_searchTask$14)
                  00016728    00000030     nvocmp.obj (.text:NVOCMP_changePageState$9)
                  00016758    00000030     drivers_cc13x2.a : NVSCC26XX.oem4f (.text:NVSCC26XX_erase)
                  00016788    00000030     OneLib.a : gap_scanner.o (.text)
                  000167b8    00000030              : gattservapp.o (.text)
                  000167e8    00000030              : ll_ae.o (.text)
                  00016818    00000030              : ll_scheduler.o (.text)
                  00016848    00000030     drivers_cc13x2.a : PowerCC26X2.oem4f (.text:Power_releaseConstraint)
                  00016878    00000030                      : PowerCC26X2.oem4f (.text:Power_setConstraint)
                  000168a8    00000030     simple_central.obj (.text:SimpleCentral_clockHandler$4)
                  000168d8    00000030     StackWrapper.a : osal_timers.o (.text)
                  00016908    00000030     drivers_cc13x2.a : TRNGCC26XX.oem4f (.text:TRNGCC26XX_fillEntropyPool)
                  00016938    00000030                      : TRNGCC26XX.oem4f (.text:TRNG_generateKey)
                  00016968    00000030     rf_multiMode_cc13x2.a : rf_patch_cpe_bt5.c.cc13x2.ccs.o (.text:applyBt5Patch)
                  00016998    00000030     simple_central_app_pem4f.oem4f (.text:ti_sysbios_BIOS_atExitFunc__I)
                  000169c8    00000030     simple_central_app_pem4f.oem4f (.text:ti_sysbios_BIOS_startFunc__I)
                  000169f8    00000030     rom_sysbios.aem4f : rom_sysbios.obj (.text:ti_sysbios_family_arm_cc26xx_Timer_initDevice__I)
                  00016a28    00000030     simple_central_app_pem4f.oem4f (.text:ti_sysbios_gates_GateMutexPri_Object__create__S)
                  00016a58    00000030     simple_central_app_pem4f.oem4f (.text:ti_sysbios_gates_GateMutexPri_create)
                  00016a88    00000030     simple_central_app_pem4f.oem4f (.text:ti_sysbios_heaps_HeapCallback_Object__create__S)
                  00016ab8    00000030     rom_sysbios.aem4f : rom_sysbios.obj (.text:ti_sysbios_knl_Clock_getTimeout__E)
                  00016ae8    0000002e     icall_cc2650.obj (.text:ICallPlatform_pwrDispenseImpl$15)
                  00016b16    0000002e     icall_cc2650.obj (.text:ICallPlatform_pwrRequireImpl$15)
                  00016b44    0000002e     OneLib.a : gattservapp.o (.text)
                  00016b72    00000002     rf_multiMode_cc13x2.a : RFCC26X2_multiMode.c.cc13x2.ccs.o (.text:RF_defaultCallback)
                  00016b74    0000002c     drivers_cc13x2.a : GPIO.oem4f (.text:GPIO_resetConfig)
                  00016ba0    0000002c     icall.obj (.text:ICall_msgEnqueue$14)
                  00016bcc    0000002c     drivers_cc13x2.a : NVS.oem4f (.text:NVS_init)
                  00016bf8    0000002c     OneLib.a : gatt_task.o (.text)
                  00016c24    0000002c              : gattservapp.o (.text)
                  00016c50    0000002c     rf_multiMode_cc13x2.a : RFCC26X2_multiMode.c.cc13x2.ccs.o (.text:RF_executeDirectImmediateCmd)
                  00016c7c    0000002c     rom_init.obj (.text:ROM_Init)
                  00016ca8    0000002c     dpl_cc13x2.a : SemaphoreP_tirtos.oem4f (.text:SemaphoreP_constructBinary)
                  00016cd4    0000002c                  : SemaphoreP_tirtos.oem4f (.text:SemaphoreP_createBinary)
                  00016d00    0000002c     StackWrapper.a : hal_assert.o (.text)
                  00016d2c    0000002c                    : osal_bufmgr.o (.text)
                  00016d58    0000002c     drivers_cc13x2.a : TRNGCC26XX.oem4f (.text:TRNGCC26XX_stopTrng)
                  00016d84    0000002c     simple_central_app_pem4f.oem4f (.text:ti_sysbios_gates_GateMutexPri_Handle__label__S)
                  00016db0    0000002c     simple_central_app_pem4f.oem4f (.text:ti_sysbios_heaps_HeapCallback_Handle__label__S)
                  00016ddc    0000002c     rom_sysbios.aem4f : rom_sysbios.obj (.text:ti_sysbios_knl_Clock_getTicksUntilInterrupt__E)
                  00016e08    0000002a     display_cc13x2.a : DisplayUart.oem4f (.text:DisplayUartAnsi_clear)
                  00016e32    0000002a                      : Display.oem4f (.text:Display_doPrintf)
                  00016e5c    0000002a     drivers_cc13x2.a : List.oem4f (.text:List_insert)
                  00016e86    0000002a     OneLib.a : ll_isr.o (.text)
                  00016eb0    0000002a     rf_multiMode_cc13x2.a : RFCC26X2_multiMode.c.cc13x2.ccs.o (.text:RF_searchAndReplacePAOverride)
                  00016eda    0000002a     simple_central.obj (.text:SimpleCentral_pairStateCb$4)
                  00016f04    00000028     drivers_cc13x2.a : GPIOCC26XX.oem4f (.text:GPIO_setMux)
                  00016f2c    00000028     icall.obj (.text:ICall_getLocalMsgEntityId)
                  00016f54    00000028     rf_multiMode_cc13x2.a : rfc.c.cc13x2.ccs.o (.text:NOROM_RFCOverrideSearch)
                  00016f7c    00000028     nvocmp.obj (.text:NVOCMP_setCompactHdr$9)
                  00016fa4    00000028     OneLib.a : gattservapp.o (.text)
                  00016fcc    00000028              : ll_common.o (.text)
                  00016ff4    00000028     drivers_cc13x2.a : PowerCC26X2.oem4f (.text:Power_registerNotify)
                  0001701c    00000028     rf_multiMode_cc13x2.a : RFCC26X2_multiMode.c.cc13x2.ccs.o (.text:RF_calculateDeltaTimeUs)
                  00017044    00000028                           : RFCC26X2_multiMode.c.cc13x2.ccs.o (.text:RF_runScheduleCmd)
                  0001706c    00000028     StackWrapper.a : osal.o (.text)
                  00017094    00000028                    : osal_snv_wrapper.o (.text)
                  000170bc    00000028                    : osal_snv_wrapper.o (.text)
                  000170e4    00000028                    : osal_snv_wrapper.o (.text)
                  0001710c    00000028     drivers_cc13x2.a : PowerCC26X2.oem4f (.text:oscillatorISR)
                  00017134    00000028                      : NVSCC26XX.oem4f (.text:restoreFlashCache)
                  0001715c    00000028     two_btn_menu.obj (.text:tbm_setItemStatus)
                  00017184    00000026     drivers_cc13x2.a : AESCTRCC26XX.oem4f (.text:AESCTR_setOperationInProgress)
                  000171aa    00000026                      : List.oem4f (.text:List_put)
                  000171d0    00000026                      : List.oem4f (.text:List_putHead)
                  000171f6    00000026                      : List.oem4f (.text:List_remove)
                  0001721c    00000026     StackWrapper.a : gattservapp_util.o (.text)
                  00017242    00000024     drivers_cc13x2.a : AESCTRDRBGXX.oem4f (.text:AESCTRDRBG_uninstantiate)
                  00017266    00000002     StackWrapper.a : common_rom_init.o (.text)
                  00017268    00000024     ti_drivers_config.obj (.text:Board_init)
                  0001728c    00000024     driverlib.lib : osc.obj (.text:NOROM_OSCHF_TurnOnXosc)
                  000172b0    00000024     rf_multiMode_cc13x2.a : rfc.c.cc13x2.ccs.o (.text:NOROM_RFCDoorbellSendTo)
                  000172d4    00000024     OneLib.a : gapgattserver.o (.text)
                  000172f8    00000024              : gatt_server.o (.text)
                  0001731c    00000024              : ll_ae.o (.text)
                  00017340    00000024     rf_multiMode_cc13x2.a : RFCC26X2_multiMode.c.cc13x2.ccs.o (.text:RF_cmdAlloc)
                  00017364    00000024                           : RFCC26X2_multiMode.c.cc13x2.ccs.o (.text:RF_invokeGlobalCallback)
                  00017388    00000024     StackWrapper.a : ble_dispatch_lite.o (.text)
                  000173ac    00000024                    : gapbondmgr.o (.text)
                  000173d0    00000024                    : osal.o (.text)
                  000173f4    00000024                    : osal.o (.text)
                  00017418    00000024                    : osal_timers.o (.text)
                  0001743c    00000024                    : osal_timers.o (.text)
                  00017460    00000024     drivers_cc13x2.a : PowerCC26X2_calibrateRCOSC.oem4f (.text:getTdcSemaphore)
                  00017484    00000024     rtsv7M4_T_le_v4SPD16_eabi.lib : memcmp.c.obj (.text:memcmp)
                  000174a8    00000024     simple_central_app_pem4f.oem4f (.text:ti_sysbios_BIOS_registerRTSLock__I)
                  000174cc    00000024     simple_central_app_pem4f.oem4f (.text:ti_sysbios_BIOS_removeRTSLock__I)
                  000174f0    00000024     rom_sysbios.aem4f : rom_sysbios.obj (.text:ti_sysbios_family_arm_cc26xx_Timer_getMaxTicks__E)
                  00017514    00000024     simple_central_app_pem4f.oem4f (.text:ti_sysbios_gates_GateMutexPri_Object__delete__S)
                  00017538    00000024     simple_central_app_pem4f.oem4f (.text:ti_sysbios_heaps_HeapCallback_Object__delete__S)
                  0001755c    00000022     icall.obj (.text:ICall_setTimerMSecs)
                  0001757e    00000022     drivers_cc13x2.a : List.oem4f (.text:List_get)
                  000175a0    00000022     OneLib.a : gatt_server.o (.text)
                  000175c2    00000002     StackWrapper.a : hal_assert.o (.text)
                  000175c4    00000020     driverlib.lib : aes.obj (.text:AESReadNonAuthenticationModeIV)
                  000175e4    00000020     drivers_cc13x2.a : ECDHCC26X2.oem4f (.text:ECDHCC26X2_internalCallbackFxn)
                  00017604    00000020     dpl_cc13x2.a : HwiP_tirtos.oem4f (.text:HwiP_setFunc)
[...]
20000fcd  numComplPkts                                                    
20000fce  numComplPktsLimit                                               
20000fcf  numComplPktsFlush                                               
20000fd0  fastTxRespTime                                                  
20000fd1  slOverride                                                      
20000fd2  rxFifoFlowCtrl                                                  
20000fd3  numTxDataBufs                                                   
20000fd4  maxNumConns                                                     
20000fd5  aeCurHandle                                                     
20000fd6  aeCurAdvEnableHandle                                            
20000fd7  aeCurConnHandle                                                 
20000fd8  extScanIndex                                                    
20000fd9  extInitIndex                                                    
20000fda  scanState                                                       
20000fdb  lastPrimPhy                                                     
20000fdc  lastScanRsp                                                     
20000fdd  smTaskID                                                        
20000fde  SM_appExpectingKey                                              
200014e8  PowerCC26X2_module                                              
2000165e  autoConnect                                                     
20001668  dispHandle                                                      
200016d0  scTask                                                          
200017a0  ROM_stateStruct                                                 
200017a0  ti_sysbios_knl_Clock_Module__state__V                           
200017cc  ti_sysbios_family_arm_cc26xx_TimestampProvider_Module__state__V 
200017d0  xdc_runtime_Startup_Module__state__V                            
200017d8  xdc_runtime_Registry_Module__state__V                           
200017e0  ti_sysbios_BIOS_Module__state__V                                
20001804  ti_sysbios_knl_Swi_Module__state__V                             
20001820  ti_sysbios_knl_Task_Module__state__V                            
20001864  xdc_runtime_Memory_Module__state__V                             
20001868  xdc_runtime_System_Module__state__V                             
20001870  ti_sysbios_family_arm_m3_Hwi_Module__state__V                   
200018a4  ti_sysbios_family_arm_cc26xx_Timer_Module__state__V             
200019a4  gapAttrTbl                                                      
20001a58  ICall_enterCriticalSection                                      
20001a5c  ICall_leaveCriticalSection                                      
20001a60  ICall_dispatcher                                                
20001a74  heapmgrMemFreeTotal                                             
20001a80  HEAPMGR_SIZE                                                    
20001af0  gpioPinConfigs                                                  
20001b6c  llUserConfig                                                    
20001bd2  gAction                                                         
20001bd3  NVOCMP_size                                                     
20001c00  NVOCMP_nvHandle                                                 
20001c30  pOverrides_bleCommon                                            
20001c84  txPowerTable_2400_pa5                                           
20001cd4  ti_sysbios_knl_Task_Object__table__V                            
20001d24  appKeyChangeHandler                                             
20001d28  hKeyPins                                                        
20001d2c  keyPinsCfg                                                      
20001d38  keyPins                                                         
20001d68  ti_sysbios_family_arm_cc26xx_Timer_Object__table__V             
20001db0  gattAttrTbl                                                     
20001df0  sm_eccKeys_sc_host_debug                                        
20001e30  nvintfFncStruct                                                 
20001e6c  ti_sysbios_gates_GateMutex_Object__table__V                     
20001ea4  ti_sysbios_knl_Swi_Module_State_0_readyQ__A                     
20001ed4  ti_sysbios_knl_Swi_Object__table__V                             
20001f04  ti_sysbios_knl_Task_Module_State_0_readyQ__A                    
20001f34  pairMode                                                        
20001f35  mitm                                                            
20001f36  ioCap                                                           
20001f37  bonding                                                         
20001f38  secureConnection                                                
20001f39  authenPairingOnly                                               
20001f3a  autoSyncWL                                                      
20001f3b  eccReGenPolicy                                                  
20001f3c  KeySize                                                         
20001f3d  removeLRUBond                                                   
20001f3e  bondFailAction                                                  
20001f3f  KeyDistList                                                     
20001f40  eccDebugKeys                                                    
20001f41  allowDebugKeys                                                  
20001f42  eraseBondWhileInConn                                            
20001f44  pRandomAddress                                                  
20001f48  attDeviceName                                                   
20001f60  _hposcCoeffs                                                    
20001f84  eccParams_NISTP256                                              
20001fc8  ti_sysbios_knl_Clock_Object__table__V                           
20001fe8  xdc_runtime_Error_IgnoreBlock                                   
20002008  ti_sysbios_family_arm_m3_Hwi_Object__table__V                   
20002020  tbmRowItemLast                                                  
20002048  gattAttrTbl_gatt_no_service_changed                             
20002058  rfMode                                                          
20002068  sizeInfo                                                        
20002078  bleAppServiceInfoTable                                          
20002088  pfnBMAlloc                                                      
2000208c  pfnBMFree                                                       
20002090  pRfErrCb                                                        
20002094  lastAppOpcodeIdxSent                                            
20002098  pOverrides_ble2Mbps                                             
200020a8  pOverrides_bleCoded                                             
200020b8  user0Cfg                                                        
200020c8  pOverrides_ble1Mbps                                             
200020d4  ti_sysbios_heaps_HeapCallback_Object__table__V                  
200020e0  pinUpperBound                                                   
200020e4  pinLowerBound                                                   
200020e9  deviceNameCharProps                                             
200020ea  disconnectImmedConnId                                           
200020f4  bleUserCfg_maxPduSize                                           
200020f8  appAssertCback                                                  
200020fc  _lock                                                           
20002100  _unlock                                                         
20002104  periConnParameters                                              
2000210c  RFCC26XX_schedulerPolicy                                        
2000211c  ti_sysbios_family_arm_m3_Hwi_Module__root__V                    
20002124  ti_sysbios_gates_GateHwi_Module__root__V                        
2000212c  ti_sysbios_gates_GateMutexPri_Module__root__V                   
20002134  ti_sysbios_gates_GateMutex_Module__root__V                      
2000213c  ti_sysbios_hal_Hwi_Module__root__V                              
20002144  ti_sysbios_heaps_HeapCallback_Module__root__V                   
2000214c  ti_sysbios_heaps_HeapMem_Module__root__V                        
20002154  ti_sysbios_knl_Clock_Module__root__V                            
2000215c  ti_sysbios_knl_Event_Module__root__V                            
20002164  ti_sysbios_knl_Mailbox_Module__root__V                          
2000216c  ti_sysbios_knl_Queue_Module__root__V                            
20002174  ti_sysbios_knl_Semaphore_Module__root__V                        
2000217c  ti_sysbios_knl_Swi_Module__root__V                              
20002184  ti_sysbios_knl_Task_Module__root__V                             
2000218c  patchedMasterCtrlPktList                                        
20002190  halAssertCback                                                  
20002194  icallServiceTblPtr                                              
20002198  main_func_sp                                                    
2000219c  ti_sysbios_family_arm_m3_Hwi_Module_State_0_excContext__A       
200021a0  ti_sysbios_family_arm_m3_Hwi_Module_State_0_excStack__A         
200021a4  ti_sysbios_knl_Task_Module_State_0_idleTask__A                  
200021a8  llUserConfig_maxPduSize                                         
200021aa  baseTaskID                                                      
200021ac  CryptoResourceCC26XX_pollingFlag                                
200021ae  PKAResourceCC26XX_pollingFlag                                   
200021b2  ti_sysbios_family_arm_m3_Hwi_Module_State_0_excActive__A        
200021b4  appearanceCharProps                                             
200021b5  periConnParamCharProps                                          
200021b6  centAddrResCharProps                                            
200021b7  centAddrRes                                                     
200021b8  resolvablePrivateAddressOnlyCharProps                           
200021b9  GATTServApp_gatt_no_service_changed                             
200021bb  qosDefaultPriorityConnParameter                                 
200021bc  extScanChanMap                                                  
200021bd  sizeOfAllExtConnParam                                           
200021be  rfRatHandle                                                     
200021bf  smAllowDebugKeysMode                                            
200021c0  gapEndAppTaskID                                                 
200021c1  gapAppTaskID                                                    
200021c2  legacyMode                                                      
200021d0  scTaskStack                                                     
200025d0  ti_sysbios_knl_Task_Instance_State_0_stack__A                   
200028d0  uartCC26XXObjects                                               
20002a7c  ggs_AppCBs                                                      
20002a80  rfObject                                                        
20002b80  ti_sysbios_family_arm_m3_Hwi_dispatchTable                      
20002c58  scMenuMain                                                      
20002c6c  scMenuConnect                                                   
20002c80  scMenuScanPhy                                                   
20002c94  scMenuConnPhy                                                   
20002ca8  scMenuSelectConn                                                
20002cbc  scMenuPerConn                                                   
20002cd0  scMenuAutoConnect                                               
20002ce4  scMenuGattWrite                                                 
20002cf8  extScanReportState                                              
20002d98  trngCC26XXObjects                                               
20002e9c  gpioCallbackFunctions                                           
20002f18  gpioUserArgs                                                    
20002f94  pinHandleTable                                                  
20003010  cbTimers                                                        
200030f8  aesctrdrbgXXObjects                                             
200031a0  CryptoResourceCC26XX_accessSemaphore                            
200031f0  CryptoResourceCC26XX_operationSemaphore                         
20003240  PKAResourceCC26XX_accessSemaphore                               
20003290  PKAResourceCC26XX_operationSemaphore                            
200032e0  aesctrCC26XXObjects                                             
20003324  nvFptrs                                                         
2000339c  aesecbCC26XXObjects                                             
200033c4  llCteSamples                                                    
200033e8  req                                                             
20003408  gapBond_remoteOobData                                           
20003428  gapBond_localOobData                                            
20003488  ecdhCC26X2Objects                                               
20003518  CryptoResourceCC26XX_hwi                                        
20003534  PKAResourceCC26XX_hwi                                           
20003550  deviceName                                                      
20003568  llCoex                                                          
20003580  aesccmCC26XXObjects                                             
200035c0  llCteTest                                                       
200035cc  cteAntennaProp                                                  
200035d8  llTaskList                                                      
200035f0  displayUartObject                                               
200035fc  defaultChannelMap                                               
20003604  secondaryAdvChannelMap                                          
2000360c  llRfCmdPreemption                                               
20003618  BDAddrPerConnHandle                                             
2000361c  llCte                                                           
20003620  extStackSettings                                                
20003624  llConnExtParam                                                  
20003628  trngHandle                                                      
2000362c  LSTORecoveryArr                                                 
20003630  pNextAdvSet                                                     
20003634  llCurrentMappedChan                                             
20003638  drbgHandle                                                      
2000363c  pRpaCfg                                                         
20003640  gapBond_lruBondList                                             
20003644  gapBondStateNodeHead                                            
20003648  osal_syncHandle                                                 
2000364c  osal_tickperiod                                                 
20003650  osal_max_msecs                                                  
20003654  osal_icallMsg_hook                                              
20003658  osal_qHead                                                      
2000365c  osal_eventloop_hook                                             
20003668  OSAL_timeSeconds                                                
2000366c  timerHead                                                       
20003674  osal_last_timestamp                                             
20003680  PowerCC26XX_swiKey                                              
20003684  PowerCC26XX_taskKey                                             
20003688  nvsCC26XXObjects                                                
2000368c  tasksEvents                                                     
20003690  appearance                                                      
20003692  maximumPduSize                                                  
20003694  extScanNumMissed                                                
20003696  pwrmgr_attribute                                                
20003698  resolvablePrivateAddressOnly                                    
20003699  GATTServApp_att_delayed_req                                     
2000369a  hciTaskID                                                       
2000369b  hciL2capTaskID                                                  
2000369c  hciGapTaskID                                                    
2000369d  hciSmpTaskID                                                    
2000369e  hciTestTaskID                                                   
2000369f  hciVsEvtMask                                                    
200036a0  scanReqRpt                                                      
200036a1  secondaryAdvChannelMapPopCount                                  
200036a2  qosDefaultPriorityScnParameter                                  
200036a3  qosDefaultPriorityInitParameter                                 
200036a4  maxNumCteDataBufs                                               
200036a5  numActiveAdvSets                                                
200036a6  wlSize                                                          
200036a7  rlSize                                                          
200036a8  decryptResult                                                   
200036a9  llUnhandleNextIntFlag                                           
200036aa  smAuthenPairingOnlyMode                                         
200036ab  icall_liteTaskId                                                
200036ac  gapBond_removeLRUBond                                           
200036ad  gapBond_syncRL                                                  
200036ae  assertSubcause                                                  
200036af  osal_entity                                                     
200036b0  pwrmgr_initialized                                              
200036b2  heapStart                                                       
20013c00  __stack                                                         
20013c00  heapEnd                                                         
20014000  __STACK_END                                                     
20014000  __STACK_TOP                                                     
20014000  __UNUSED_SRAM_end__                                             
e000e000  ti_sysbios_family_arm_m3_Hwi_nvic                               
ffffffff  __TI_pprof_out_hndl                                             
ffffffff  __TI_prof_data_size                                             
ffffffff  __TI_prof_data_start                                            
ffffffff  __binit__                                                       
ffffffff  __c_args__                                                      
ffffffff  binit                                                           
UNDEFED   ITM_flush                                                       
UNDEFED   ITM_restore                                                     
UNDEFED   SHT$$INIT_ARRAY$$Base                                           
UNDEFED   SHT$$INIT_ARRAY$$Limit                                          

[3015 symbols]
