******************************************************************************
                  TI ARM Linker PC v20.2.7                     
******************************************************************************
>> Linked Tue Oct 18 13:58:12 2022

OUTPUT FILE NAME:   <Assignment1.out>
ENTRY POINT SYMBOL: "_c_int00_noargs"  address: 00000f2d


MEMORY CONFIGURATION

         name            origin    length      used     unused   attr    fill
----------------------  --------  ---------  --------  --------  ----  --------
  FLASH                 00000000   00040000  000012a0  0003ed60  R  X
  SRAM                  20000000   00008000  00000148  00007eb8  RW X


SEGMENT ALLOCATION MAP

run origin  load origin   length   init length attrs members
----------  ----------- ---------- ----------- ----- -------
00000000    00000000    000012a0   000012a0    r-x
  00000000    00000000    0000026c   0000026c    r-- .intvecs
  0000026c    0000026c    00000e80   00000e80    r-x .text
  000010ec    000010ec    00000184   00000184    r-- .const
  00001270    00001270    00000030   00000030    r-- .cinit
20000000    20000000    00000148   00000000    rw-
  20000000    20000000    00000100   00000000    rw- .stack
  20000100    20000100    0000003c   00000000    rw- .bss
  2000013c    2000013c    0000000c   00000000    rw- .data


SECTION ALLOCATION MAP

 output                                  attributes/
section   page    origin      length       input sections
--------  ----  ----------  ----------   ----------------
.intvecs   0    00000000    0000026c     
                  00000000    0000026c     startup_ccs.obj (.intvecs)

.text      0    0000026c    00000e80     
                  0000026c    00000280     AS1.obj (.text:main)
                  000004ec    000001ee     uartstdio.obj (.text:UARTvprintf)
                  000006da    00000132     driverlib.lib : gpio.obj (.text:GPIOPadConfigSet)
                  0000080c    00000110                   : sysctl.obj (.text:SysCtlClockGet)
                  0000091c    000000f4                   : sysctl.obj (.text:SysCtlClockSet)
                  00000a10    000000dc     AS1.obj (.text:Timer1IntHandler)
                  00000aec    0000009c     rtsv7M4_T_le_v4SPD16_eabi.lib : memcpy_t2.asm.obj (.text)
                  00000b88    0000007a     driverlib.lib : adc.obj (.text:ADCSequenceStepConfigure)
                  00000c02    00000002     startup_ccs.obj (.text:FaultISR)
                  00000c04    00000068     driverlib.lib : interrupt.obj (.text:IntEnable)
                  00000c6c    00000068     rtsv7M4_T_le_v4SPD16_eabi.lib : copy_decompress_lzss.c.obj (.text:decompress:lzss:__TI_decompress_lzss)
                  00000cd4    00000060     driverlib.lib : timer.obj (.text:TimerConfigure)
                  00000d34    00000060     uartstdio.obj (.text:UARTStdioConfig)
                  00000d94    00000050     driverlib.lib : adc.obj (.text:ADCSequenceConfigure)
                  00000de4    00000048                   : gpio.obj (.text:GPIOPinConfigure)
                  00000e2c    00000048     uartstdio.obj (.text:UARTwrite)
                  00000e74    00000044     rtsv7M4_T_le_v4SPD16_eabi.lib : autoinit.c.obj (.text:__TI_auto_init_nobinit_nopinit:__TI_auto_init_nobinit_nopinit)
                  00000eb8    00000040                                   : u_divt2.asm.obj (.text)
                  00000ef8    00000034     driverlib.lib : sysctl.obj (.text:SysCtlPeripheralEnable)
                  00000f2c    00000034     rtsv7M4_T_le_v4SPD16_eabi.lib : boot_cortex_m.c.obj (.text:_c_int00_noargs:_c_int00_noargs)
                  00000f60    0000002a     driverlib.lib : gpio.obj (.text:GPIODirModeSet)
                  00000f8a    0000001e                   : adc.obj (.text:ADCSequenceDataGet)
                  00000fa8    0000001c     rtsv7M4_T_le_v4SPD16_eabi.lib : copy_zero_init.c.obj (.text:decompress:ZI:__TI_zero_init_nomemset:__TI_zero_init_nomemset)
                  00000fc4    0000001a     uartstdio.obj (.text:UARTprintf)
                  00000fde    00000018     driverlib.lib : adc.obj (.text:ADCProcessorTrigger)
                  00000ff6    00000018                   : gpio.obj (.text:GPIOPinTypeGPIOOutput)
                  0000100e    00000012                   : gpio.obj (.text:GPIOPinTypeADC)
                  00001020    00000012                   : gpio.obj (.text:GPIOPinTypeGPIOInput)
                  00001032    00000012                   : gpio.obj (.text:GPIOPinTypeUART)
                  00001044    00000012                   : timer.obj (.text:TimerLoadSet)
                  00001056    00000010                   : interrupt.obj (.text:IntMasterEnable)
                  00001066    0000000e                   : adc.obj (.text:ADCHardwareOversampleConfigure)
                  00001074    0000000e                   : adc.obj (.text:ADCSequenceEnable)
                  00001082    0000000e                   : timer.obj (.text:TimerEnable)
                  00001090    0000000e     rtsv7M4_T_le_v4SPD16_eabi.lib : copy_decompress_none.c.obj (.text:decompress:none:__TI_decompress_none)
                  0000109e    0000000c     driverlib.lib : cpu.obj (.text:CPUcpsie)
                  000010aa    0000000a                   : adc.obj (.text:ADCIntClear)
                  000010b4    00000008                   : timer.obj (.text:TimerIntEnable)
                  000010bc    00000006                   : gpio.obj (.text:GPIOPinRead)
                  000010c2    00000006                   : gpio.obj (.text:GPIOPinWrite)
                  000010c8    00000006     startup_ccs.obj (.text:ResetISR)
                  000010ce    00000006     driverlib.lib : sysctl.obj (.text:SysCtlDelay)
                  000010d4    00000006                   : uart.obj (.text:UARTClockSourceSet)
                  000010da    00000004                   : timer.obj (.text:TimerIntClear)
                  000010de    00000004     rtsv7M4_T_le_v4SPD16_eabi.lib : pre_init.c.obj (.text:_system_pre_init)
                  000010e2    00000004                                   : exit.c.obj (.text:abort:abort)
                  000010e6    00000002     startup_ccs.obj (.text:IntDefaultHandler)
                  000010e8    00000002     startup_ccs.obj (.text:NmiSR)
                  000010ea    00000002     rtsv7M4_T_le_v4SPD16_eabi.lib : div0.asm.obj (.text)

.const     0    000010ec    00000184     
                  000010ec    00000090     driverlib.lib : gpio.obj (.const:g_pui32GPIOBaseAddrs)
                  0000117c    00000070                   : interrupt.obj (.const)
                  000011ec    0000006c                   : sysctl.obj (.const:g_pui32Xtals)
                  00001258    0000000c     uartstdio.obj (.const:g_ui32UARTBase)
                  00001264    0000000c     uartstdio.obj (.const:g_ui32UARTPeriph)

.cinit     0    00001270    00000030     
                  00001270    0000000c     (__TI_handler_table)
                  0000127c    00000004     --HOLE-- [fill = 0]
                  00001280    00000008     (.cinit..bss.load) [load image, compression = zero_init]
                  00001288    00000007     (.cinit..data.load) [load image, compression = lzss]
                  0000128f    00000001     --HOLE-- [fill = 0]
                  00001290    00000010     (__TI_cinit_table)

.init_array 
*          0    00000000    00000000     UNINITIALIZED

.bss       0    20000100    0000003c     UNINITIALIZED
                  20000100    00000018     (.common:xValue)
                  20000118    00000018     (.common:yValue)
                  20000130    00000004     (.common:ui32Period)
                  20000134    00000004     (.common:xValueAvg)
                  20000138    00000004     (.common:yValueAvg)

.data      0    2000013c    0000000c     UNINITIALIZED
                  2000013c    00000005     uartstdio.obj (.data)
                  20000141    00000003     --HOLE--
                  20000144    00000004     AS1.obj (.data)

.stack     0    20000000    00000100     UNINITIALIZED
                  20000000    00000004     rtsv7M4_T_le_v4SPD16_eabi.lib : boot_cortex_m.c.obj (.stack)
                  20000004    000000fc     --HOLE--

__llvm_prf_cnts 
*          0    20000000    00000000     UNINITIALIZED

MODULE SUMMARY

       Module                       code   ro data   rw data
       ------                       ----   -------   -------
    .\
       AS1.obj                      860    0         64     
       uartstdio.obj                688    24        5      
       startup_ccs.obj              12     620       0      
    +--+----------------------------+------+---------+---------+
       Total:                       1560   644       69     
                                                            
    C:/ti/tivaware_c_series_2_1_4_178/driverlib/ccs/Debug/driverlib.lib
       sysctl.obj                   574    108       0      
       gpio.obj                     510    144       0      
       adc.obj                      294    0         0      
       interrupt.obj                120    112       0      
       timer.obj                    140    0         0      
       cpu.obj                      12     0         0      
       uart.obj                     6      0         0      
    +--+----------------------------+------+---------+---------+
       Total:                       1656   364       0      
                                                            
    C:\ti\ccs1200\ccs\tools\compiler\ti-cgt-arm_20.2.7.LTS\lib\rtsv7M4_T_le_v4SPD16_eabi.lib
       memcpy_t2.asm.obj            156    0         0      
       copy_decompress_lzss.c.obj   104    0         0      
       autoinit.c.obj               68     0         0      
       u_divt2.asm.obj              64     0         0      
       boot_cortex_m.c.obj          52     0         0      
       copy_zero_init.c.obj         28     0         0      
       copy_decompress_none.c.obj   14     0         0      
       exit.c.obj                   4      0         0      
       pre_init.c.obj               4      0         0      
       div0.asm.obj                 2      0         0      
    +--+----------------------------+------+---------+---------+
       Total:                       496    0         0      
                                                            
       Stack:                       0      0         256    
       Linker Generated:            0      43        0      
    +--+----------------------------+------+---------+---------+
       Grand Total:                 3712   1051      325    


LINKER GENERATED COPY TABLES

__TI_cinit_table @ 00001290 records: 2, size/record: 8, table size: 16
	.bss: load addr=00001280, load size=00000008 bytes, run addr=20000100, run size=0000003c bytes, compression=zero_init
	.data: load addr=00001288, load size=00000007 bytes, run addr=2000013c, run size=0000000c bytes, compression=lzss


LINKER GENERATED HANDLER TABLE

__TI_handler_table @ 00001270 records: 3, size/record: 4, table size: 12
	index: 0, handler: __TI_decompress_lzss
	index: 1, handler: __TI_decompress_none
	index: 2, handler: __TI_zero_init


GLOBAL SYMBOLS: SORTED ALPHABETICALLY BY Name 

address   name                          
-------   ----                          
00001067  ADCHardwareOversampleConfigure
000010ab  ADCIntClear                   
00000fdf  ADCProcessorTrigger           
00000d95  ADCSequenceConfigure          
00000f8b  ADCSequenceDataGet            
00001075  ADCSequenceEnable             
00000b89  ADCSequenceStepConfigure      
000010e3  C$$EXIT                       
0000109f  CPUcpsie                      
00000f61  GPIODirModeSet                
000006db  GPIOPadConfigSet              
00000de5  GPIOPinConfigure              
000010bd  GPIOPinRead                   
0000100f  GPIOPinTypeADC                
00001021  GPIOPinTypeGPIOInput          
00000ff7  GPIOPinTypeGPIOOutput         
00001033  GPIOPinTypeUART               
000010c3  GPIOPinWrite                  
00000c05  IntEnable                     
00001057  IntMasterEnable               
000010c9  ResetISR                      
0000080d  SysCtlClockGet                
0000091d  SysCtlClockSet                
000010cf  SysCtlDelay                   
00000ef9  SysCtlPeripheralEnable        
00000a11  Timer1IntHandler              
00000cd5  TimerConfigure                
00001083  TimerEnable                   
000010db  TimerIntClear                 
000010b5  TimerIntEnable                
00001045  TimerLoadSet                  
000010d5  UARTClockSourceSet            
00000d35  UARTStdioConfig               
00000fc5  UARTprintf                    
000004ed  UARTvprintf                   
00000e2d  UARTwrite                     
20000100  __STACK_END                   
00000100  __STACK_SIZE                  
20000100  __STACK_TOP                   
00001290  __TI_CINIT_Base               
000012a0  __TI_CINIT_Limit              
00001270  __TI_Handler_Table_Base       
0000127c  __TI_Handler_Table_Limit      
00000e75  __TI_auto_init_nobinit_nopinit
00000c6d  __TI_decompress_lzss          
00001091  __TI_decompress_none          
ffffffff  __TI_pprof_out_hndl           
ffffffff  __TI_prof_data_size           
ffffffff  __TI_prof_data_start          
00000000  __TI_static_base__            
00000fa9  __TI_zero_init_nomemset       
000010eb  __aeabi_idiv0                 
000010eb  __aeabi_ldiv0                 
00000aed  __aeabi_memcpy                
00000aed  __aeabi_memcpy4               
00000aed  __aeabi_memcpy8               
00000eb9  __aeabi_uidiv                 
00000eb9  __aeabi_uidivmod              
ffffffff  __binit__                     
ffffffff  __c_args__                    
UNDEFED   __mpu_init                    
20000000  __stack                       
20000000  __start___llvm_prf_cnts       
20000000  __stop___llvm_prf_cnts        
00000f2d  _c_int00_noargs               
UNDEFED   _system_post_cinit            
000010df  _system_pre_init              
000010e3  abort                         
ffffffff  binit                         
00000000  g_pfnVectors                  
0000026d  main                          
00000aed  memcpy                        
20000130  ui32Period                    
20000144  ui32PinStatus                 
20000100  xValue                        
20000134  xValueAvg                     
20000118  yValue                        
20000138  yValueAvg                     


GLOBAL SYMBOLS: SORTED BY Symbol Address 

address   name                          
-------   ----                          
00000000  __TI_static_base__            
00000000  g_pfnVectors                  
00000100  __STACK_SIZE                  
0000026d  main                          
000004ed  UARTvprintf                   
000006db  GPIOPadConfigSet              
0000080d  SysCtlClockGet                
0000091d  SysCtlClockSet                
00000a11  Timer1IntHandler              
00000aed  __aeabi_memcpy                
00000aed  __aeabi_memcpy4               
00000aed  __aeabi_memcpy8               
00000aed  memcpy                        
00000b89  ADCSequenceStepConfigure      
00000c05  IntEnable                     
00000c6d  __TI_decompress_lzss          
00000cd5  TimerConfigure                
00000d35  UARTStdioConfig               
00000d95  ADCSequenceConfigure          
00000de5  GPIOPinConfigure              
00000e2d  UARTwrite                     
00000e75  __TI_auto_init_nobinit_nopinit
00000eb9  __aeabi_uidiv                 
00000eb9  __aeabi_uidivmod              
00000ef9  SysCtlPeripheralEnable        
00000f2d  _c_int00_noargs               
00000f61  GPIODirModeSet                
00000f8b  ADCSequenceDataGet            
00000fa9  __TI_zero_init_nomemset       
00000fc5  UARTprintf                    
00000fdf  ADCProcessorTrigger           
00000ff7  GPIOPinTypeGPIOOutput         
0000100f  GPIOPinTypeADC                
00001021  GPIOPinTypeGPIOInput          
00001033  GPIOPinTypeUART               
00001045  TimerLoadSet                  
00001057  IntMasterEnable               
00001067  ADCHardwareOversampleConfigure
00001075  ADCSequenceEnable             
00001083  TimerEnable                   
00001091  __TI_decompress_none          
0000109f  CPUcpsie                      
000010ab  ADCIntClear                   
000010b5  TimerIntEnable                
000010bd  GPIOPinRead                   
000010c3  GPIOPinWrite                  
000010c9  ResetISR                      
000010cf  SysCtlDelay                   
000010d5  UARTClockSourceSet            
000010db  TimerIntClear                 
000010df  _system_pre_init              
000010e3  C$$EXIT                       
000010e3  abort                         
000010eb  __aeabi_idiv0                 
000010eb  __aeabi_ldiv0                 
00001270  __TI_Handler_Table_Base       
0000127c  __TI_Handler_Table_Limit      
00001290  __TI_CINIT_Base               
000012a0  __TI_CINIT_Limit              
20000000  __stack                       
20000000  __start___llvm_prf_cnts       
20000000  __stop___llvm_prf_cnts        
20000100  __STACK_END                   
20000100  __STACK_TOP                   
20000100  xValue                        
20000118  yValue                        
20000130  ui32Period                    
20000134  xValueAvg                     
20000138  yValueAvg                     
20000144  ui32PinStatus                 
ffffffff  __TI_pprof_out_hndl           
ffffffff  __TI_prof_data_size           
ffffffff  __TI_prof_data_start          
ffffffff  __binit__                     
ffffffff  __c_args__                    
ffffffff  binit                         
UNDEFED   __mpu_init                    
UNDEFED   _system_post_cinit            

[78 symbols]
